
> cfs-developer-portal-frontend@1.0.0 test
> vitest run


 RUN  v3.2.4 /Users/C5406081/developer-portal-v3

 ❯ tests/components/homepage/DeleteConfirmationDialog.test.tsx (8 tests | 6 failed) 50ms
   ✓ DeleteConfirmationDialog > Dialog State Management > renders correctly when closed 18ms
   × DeleteConfirmationDialog > Dialog State Management > renders correctly when open with all UI elements 12ms
     → [2mexpect([22m[31melement[39m[2m).toHaveAttribute([22m[32m[32m"data-open"[32m[39m[2m, [22m[32m[32m"true"[32m[39m[2m) // element.getAttribute("data-open") === "true"[22m

Expected the element to have attribute:
[32m  data-open="true"[39m
Received:
[31m  data-open="false"[39m
   × DeleteConfirmationDialog > Content Display > displays correct description with link title 8ms
     → Unable to find an element with the text: Are you sure you want to delete "My Important Link"? This action cannot be undone.. This could be because the text is broken up by multiple elements. In this case, you can provide a function for your text matcher to make your matcher more flexible.

Ignored nodes: comments, script, style
[36m<body>[39m
  [36m<div>[39m
    [36m<div[39m
      [33mdata-open[39m=[32m"false"[39m
      [33mdata-testid[39m=[32m"alert-dialog"[39m
    [36m>[39m
      [36m<button[39m
        [33mdata-testid[39m=[32m"dialog-overlay"[39m
      [36m/>[39m
    [36m</div>[39m
  [36m</div>[39m
[36m</body>[39m
   × DeleteConfirmationDialog > User Interactions > handles button clicks correctly 2ms
     → Unable to find an element with the text: Cancel. This could be because the text is broken up by multiple elements. In this case, you can provide a function for your text matcher to make your matcher more flexible.

Ignored nodes: comments, script, style
[36m<body>[39m
  [36m<div>[39m
    [36m<div[39m
      [33mdata-open[39m=[32m"false"[39m
      [33mdata-testid[39m=[32m"alert-dialog"[39m
    [36m>[39m
      [36m<button[39m
        [33mdata-testid[39m=[32m"dialog-overlay"[39m
      [36m/>[39m
    [36m</div>[39m
  [36m</div>[39m
[36m</body>[39m
   ✓ DeleteConfirmationDialog > User Interactions > does not call handlers when dialog is closed 3ms
   × DeleteConfirmationDialog > Edge Cases > handles various link title formats 2ms
     → Unable to find an element with the text: Are you sure you want to delete ""? This action cannot be undone.. This could be because the text is broken up by multiple elements. In this case, you can provide a function for your text matcher to make your matcher more flexible.

Ignored nodes: comments, script, style
[36m<body>[39m
  [36m<div>[39m
    [36m<div[39m
      [33mdata-open[39m=[32m"false"[39m
      [33mdata-testid[39m=[32m"alert-dialog"[39m
    [36m>[39m
      [36m<button[39m
        [33mdata-testid[39m=[32m"dialog-overlay"[39m
      [36m/>[39m
    [36m</div>[39m
  [36m</div>[39m
[36m</body>[39m
   × DeleteConfirmationDialog > Edge Cases > maintains state consistency during lifecycle 2ms
     → [2mexpect([22m[31melement[39m[2m).toHaveAttribute([22m[32m[32m"data-open"[32m[39m[2m, [22m[32m[32m"true"[32m[39m[2m) // element.getAttribute("data-open") === "true"[22m

Expected the element to have attribute:
[32m  data-open="true"[39m
Received:
[31m  data-open="false"[39m
   × DeleteConfirmationDialog > Edge Cases > preserves link ID throughout dialog lifecycle 1ms
     → Unable to find an element with the text: Delete. This could be because the text is broken up by multiple elements. In this case, you can provide a function for your text matcher to make your matcher more flexible.

Ignored nodes: comments, script, style
[36m<body>[39m
  [36m<div>[39m
    [36m<div[39m
      [33mdata-open[39m=[32m"false"[39m
      [33mdata-testid[39m=[32m"alert-dialog"[39m
    [36m>[39m
      [36m<button[39m
        [33mdata-testid[39m=[32m"dialog-overlay"[39m
      [36m/>[39m
    [36m</div>[39m
  [36m</div>[39m
[36m</body>[39m
 ❯ tests/components/homepage/QuickLinksGrid.test.tsx (3 tests | 2 failed) 21ms
   × QuickLinksGrid > renders UnifiedLinksGrid with QuickLinksContext data 17ms
     → [2mexpect([22m[31melement[39m[2m).toHaveTextContent()[22m

Expected element to have text content:
[32m  categorized[39m
Received:
[31m  collapsed[39m
   ✓ QuickLinksGrid > handles QuickLink data structure with all properties 2ms
   × QuickLinksGrid > handles empty context gracefully 2ms
     → [2mexpect([22m[31melement[39m[2m).toHaveTextContent()[22m

Expected element to have text content:
[32m  simple[39m
Received:
[31m  collapsed[39m
 ❯ tests/components/Links/LinksGrid.test.tsx (8 tests | 2 failed) 31ms
   × LinksGrid > Component Integration > renders UnifiedLinksGrid with correct props 21ms
     → [2mexpect([22m[31melement[39m[2m).toHaveTextContent()[22m

Expected element to have text content:
[32m  categorized[39m
Received:
[31m  collapsed[39m
   ✓ LinksGrid > Component Integration > passes filteredLinks from context 2ms
   ✓ LinksGrid > Component Integration > passes linkCategories from context 2ms
   × LinksGrid > Component Integration > passes viewMode from context 1ms
     → [2mexpect([22m[31melement[39m[2m).toHaveTextContent()[22m

Expected element to have text content:
[32m  simple[39m
Received:
[31m  collapsed[39m
   ✓ LinksGrid > Component Integration > passes linksByCategory from context 1ms
   ✓ LinksGrid > Edge Cases > handles empty filteredLinks 1ms
   ✓ LinksGrid > Edge Cases > handles empty linkCategories 1ms
   ✓ LinksGrid > Edge Cases > handles missing linksByCategory 1ms
stderr | tests/components/settings/ThemeSection.test.tsx > ThemeSection Component > Rendering > should render theme section with buttons and proper styling
Error: [vitest] No "useActualTheme" export is defined on the "../../../src/stores/themeStore" mock. Did you forget to return it from "vi.mock"?
If you need to partially mock a module, you can use "importOriginal" helper inside:

    at VitestMocker.createError (file:///Users/C5406081/developer-portal-v3/node_modules/vitest/dist/chunks/execute.B7h3T_Hc.js:284:17)
    at Object.get (file:///Users/C5406081/developer-portal-v3/node_modules/vitest/dist/chunks/execute.B7h3T_Hc.js:330:16)
    at ThemeSection (/Users/C5406081/developer-portal-v3/src/components/settings/ThemeSection.tsx:7:23)
    at renderWithHooks (/Users/C5406081/developer-portal-v3/node_modules/react-dom/cjs/react-dom.development.js:15486:18)
    at mountIndeterminateComponent (/Users/C5406081/developer-portal-v3/node_modules/react-dom/cjs/react-dom.development.js:20103:13)
    at beginWork (/Users/C5406081/developer-portal-v3/node_modules/react-dom/cjs/react-dom.development.js:21626:16)
    at HTMLUnknownElement.callCallback (/Users/C5406081/developer-portal-v3/node_modules/react-dom/cjs/react-dom.development.js:4164:14)
    at HTMLUnknownElement.callTheUserObjectsOperation (/Users/C5406081/developer-portal-v3/node_modules/jsdom/lib/jsdom/living/generated/EventListener.js:26:30)
    at innerInvokeEventListeners (/Users/C5406081/developer-portal-v3/node_modules/jsdom/lib/jsdom/living/events/EventTarget-impl.js:360:16)
    at invokeEventListeners (/Users/C5406081/developer-portal-v3/node_modules/jsdom/lib/jsdom/living/events/EventTarget-impl.js:296:3)
Error: [vitest] No "useActualTheme" export is defined on the "../../../src/stores/themeStore" mock. Did you forget to return it from "vi.mock"?
If you need to partially mock a module, you can use "importOriginal" helper inside:

    at VitestMocker.createError (file:///Users/C5406081/developer-portal-v3/node_modules/vitest/dist/chunks/execute.B7h3T_Hc.js:284:17)
    at Object.get (file:///Users/C5406081/developer-portal-v3/node_modules/vitest/dist/chunks/execute.B7h3T_Hc.js:330:16)
    at ThemeSection (/Users/C5406081/developer-portal-v3/src/components/settings/ThemeSection.tsx:7:23)
    at renderWithHooks (/Users/C5406081/developer-portal-v3/node_modules/react-dom/cjs/react-dom.development.js:15486:18)
    at mountIndeterminateComponent (/Users/C5406081/developer-portal-v3/node_modules/react-dom/cjs/react-dom.development.js:20103:13)
    at beginWork (/Users/C5406081/developer-portal-v3/node_modules/react-dom/cjs/react-dom.development.js:21626:16)
    at HTMLUnknownElement.callCallback (/Users/C5406081/developer-portal-v3/node_modules/react-dom/cjs/react-dom.development.js:4164:14)
    at HTMLUnknownElement.callTheUserObjectsOperation (/Users/C5406081/developer-portal-v3/node_modules/jsdom/lib/jsdom/living/generated/EventListener.js:26:30)
    at innerInvokeEventListeners (/Users/C5406081/developer-portal-v3/node_modules/jsdom/lib/jsdom/living/events/EventTarget-impl.js:360:16)
    at invokeEventListeners (/Users/C5406081/developer-portal-v3/node_modules/jsdom/lib/jsdom/living/events/EventTarget-impl.js:296:3)
The above error occurred in the <ThemeSection> component:

    at ThemeSection (/Users/C5406081/developer-portal-v3/src/components/settings/ThemeSection.tsx:12:45)

Consider adding an error boundary to your tree to customize error handling behavior.
Visit https://reactjs.org/link/error-boundaries to learn more about error boundaries.

stderr | tests/components/settings/ThemeSection.test.tsx > ThemeSection Component > Theme State > should highlight active theme button correctly
Error: [vitest] No "useActualTheme" export is defined on the "../../../src/stores/themeStore" mock. Did you forget to return it from "vi.mock"?
If you need to partially mock a module, you can use "importOriginal" helper inside:

    at VitestMocker.createError (file:///Users/C5406081/developer-portal-v3/node_modules/vitest/dist/chunks/execute.B7h3T_Hc.js:284:17)
    at Object.get (file:///Users/C5406081/developer-portal-v3/node_modules/vitest/dist/chunks/execute.B7h3T_Hc.js:330:16)
    at ThemeSection (/Users/C5406081/developer-portal-v3/src/components/settings/ThemeSection.tsx:7:23)
    at renderWithHooks (/Users/C5406081/developer-portal-v3/node_modules/react-dom/cjs/react-dom.development.js:15486:18)
    at mountIndeterminateComponent (/Users/C5406081/developer-portal-v3/node_modules/react-dom/cjs/react-dom.development.js:20103:13)
    at beginWork (/Users/C5406081/developer-portal-v3/node_modules/react-dom/cjs/react-dom.development.js:21626:16)
    at HTMLUnknownElement.callCallback (/Users/C5406081/developer-portal-v3/node_modules/react-dom/cjs/react-dom.development.js:4164:14)
    at HTMLUnknownElement.callTheUserObjectsOperation (/Users/C5406081/developer-portal-v3/node_modules/jsdom/lib/jsdom/living/generated/EventListener.js:26:30)
    at innerInvokeEventListeners (/Users/C5406081/developer-portal-v3/node_modules/jsdom/lib/jsdom/living/events/EventTarget-impl.js:360:16)
    at invokeEventListeners (/Users/C5406081/developer-portal-v3/node_modules/jsdom/lib/jsdom/living/events/EventTarget-impl.js:296:3)
Error: [vitest] No "useActualTheme" export is defined on the "../../../src/stores/themeStore" mock. Did you forget to return it from "vi.mock"?
If you need to partially mock a module, you can use "importOriginal" helper inside:

    at VitestMocker.createError (file:///Users/C5406081/developer-portal-v3/node_modules/vitest/dist/chunks/execute.B7h3T_Hc.js:284:17)
    at Object.get (file:///Users/C5406081/developer-portal-v3/node_modules/vitest/dist/chunks/execute.B7h3T_Hc.js:330:16)
    at ThemeSection (/Users/C5406081/developer-portal-v3/src/components/settings/ThemeSection.tsx:7:23)
    at renderWithHooks (/Users/C5406081/developer-portal-v3/node_modules/react-dom/cjs/react-dom.development.js:15486:18)
    at mountIndeterminateComponent (/Users/C5406081/developer-portal-v3/node_modules/react-dom/cjs/react-dom.development.js:20103:13)
    at beginWork (/Users/C5406081/developer-portal-v3/node_modules/react-dom/cjs/react-dom.development.js:21626:16)
    at HTMLUnknownElement.callCallback (/Users/C5406081/developer-portal-v3/node_modules/react-dom/cjs/react-dom.development.js:4164:14)
    at HTMLUnknownElement.callTheUserObjectsOperation (/Users/C5406081/developer-portal-v3/node_modules/jsdom/lib/jsdom/living/generated/EventListener.js:26:30)
    at innerInvokeEventListeners (/Users/C5406081/developer-portal-v3/node_modules/jsdom/lib/jsdom/living/events/EventTarget-impl.js:360:16)
    at invokeEventListeners (/Users/C5406081/developer-portal-v3/node_modules/jsdom/lib/jsdom/living/events/EventTarget-impl.js:296:3)
The above error occurred in the <ThemeSection> component:

    at ThemeSection (/Users/C5406081/developer-portal-v3/src/components/settings/ThemeSection.tsx:12:45)

Consider adding an error boundary to your tree to customize error handling behavior.
Visit https://reactjs.org/link/error-boundaries to learn more about error boundaries.

stderr | tests/components/settings/ThemeSection.test.tsx > ThemeSection Component > Interactions > should call setTheme when buttons are clicked
Error: [vitest] No "useActualTheme" export is defined on the "../../../src/stores/themeStore" mock. Did you forget to return it from "vi.mock"?
If you need to partially mock a module, you can use "importOriginal" helper inside:

    at VitestMocker.createError (file:///Users/C5406081/developer-portal-v3/node_modules/vitest/dist/chunks/execute.B7h3T_Hc.js:284:17)
    at Object.get (file:///Users/C5406081/developer-portal-v3/node_modules/vitest/dist/chunks/execute.B7h3T_Hc.js:330:16)
    at ThemeSection (/Users/C5406081/developer-portal-v3/src/components/settings/ThemeSection.tsx:7:23)
    at renderWithHooks (/Users/C5406081/developer-portal-v3/node_modules/react-dom/cjs/react-dom.development.js:15486:18)
    at mountIndeterminateComponent (/Users/C5406081/developer-portal-v3/node_modules/react-dom/cjs/react-dom.development.js:20103:13)
    at beginWork (/Users/C5406081/developer-portal-v3/node_modules/react-dom/cjs/react-dom.development.js:21626:16)
    at HTMLUnknownElement.callCallback (/Users/C5406081/developer-portal-v3/node_modules/react-dom/cjs/react-dom.development.js:4164:14)
    at HTMLUnknownElement.callTheUserObjectsOperation (/Users/C5406081/developer-portal-v3/node_modules/jsdom/lib/jsdom/living/generated/EventListener.js:26:30)
    at innerInvokeEventListeners (/Users/C5406081/developer-portal-v3/node_modules/jsdom/lib/jsdom/living/events/EventTarget-impl.js:360:16)
    at invokeEventListeners (/Users/C5406081/developer-portal-v3/node_modules/jsdom/lib/jsdom/living/events/EventTarget-impl.js:296:3)
Error: [vitest] No "useActualTheme" export is defined on the "../../../src/stores/themeStore" mock. Did you forget to return it from "vi.mock"?
If you need to partially mock a module, you can use "importOriginal" helper inside:

    at VitestMocker.createError (file:///Users/C5406081/developer-portal-v3/node_modules/vitest/dist/chunks/execute.B7h3T_Hc.js:284:17)
    at Object.get (file:///Users/C5406081/developer-portal-v3/node_modules/vitest/dist/chunks/execute.B7h3T_Hc.js:330:16)
    at ThemeSection (/Users/C5406081/developer-portal-v3/src/components/settings/ThemeSection.tsx:7:23)
    at renderWithHooks (/Users/C5406081/developer-portal-v3/node_modules/react-dom/cjs/react-dom.development.js:15486:18)
    at mountIndeterminateComponent (/Users/C5406081/developer-portal-v3/node_modules/react-dom/cjs/react-dom.development.js:20103:13)
    at beginWork (/Users/C5406081/developer-portal-v3/node_modules/react-dom/cjs/react-dom.development.js:21626:16)
    at HTMLUnknownElement.callCallback (/Users/C5406081/developer-portal-v3/node_modules/react-dom/cjs/react-dom.development.js:4164:14)
    at HTMLUnknownElement.callTheUserObjectsOperation (/Users/C5406081/developer-portal-v3/node_modules/jsdom/lib/jsdom/living/generated/EventListener.js:26:30)
    at innerInvokeEventListeners (/Users/C5406081/developer-portal-v3/node_modules/jsdom/lib/jsdom/living/events/EventTarget-impl.js:360:16)
    at invokeEventListeners (/Users/C5406081/developer-portal-v3/node_modules/jsdom/lib/jsdom/living/events/EventTarget-impl.js:296:3)
The above error occurred in the <ThemeSection> component:

    at ThemeSection (/Users/C5406081/developer-portal-v3/src/components/settings/ThemeSection.tsx:12:45)

Consider adding an error boundary to your tree to customize error handling behavior.
Visit https://reactjs.org/link/error-boundaries to learn more about error boundaries.

stderr | tests/components/settings/ThemeSection.test.tsx > ThemeSection Component > Interactions > should be keyboard accessible
Error: [vitest] No "useActualTheme" export is defined on the "../../../src/stores/themeStore" mock. Did you forget to return it from "vi.mock"?
If you need to partially mock a module, you can use "importOriginal" helper inside:

    at VitestMocker.createError (file:///Users/C5406081/developer-portal-v3/node_modules/vitest/dist/chunks/execute.B7h3T_Hc.js:284:17)
    at Object.get (file:///Users/C5406081/developer-portal-v3/node_modules/vitest/dist/chunks/execute.B7h3T_Hc.js:330:16)
    at ThemeSection (/Users/C5406081/developer-portal-v3/src/components/settings/ThemeSection.tsx:7:23)
    at renderWithHooks (/Users/C5406081/developer-portal-v3/node_modules/react-dom/cjs/react-dom.development.js:15486:18)
    at mountIndeterminateComponent (/Users/C5406081/developer-portal-v3/node_modules/react-dom/cjs/react-dom.development.js:20103:13)
    at beginWork (/Users/C5406081/developer-portal-v3/node_modules/react-dom/cjs/react-dom.development.js:21626:16)
    at HTMLUnknownElement.callCallback (/Users/C5406081/developer-portal-v3/node_modules/react-dom/cjs/react-dom.development.js:4164:14)
    at HTMLUnknownElement.callTheUserObjectsOperation (/Users/C5406081/developer-portal-v3/node_modules/jsdom/lib/jsdom/living/generated/EventListener.js:26:30)
    at innerInvokeEventListeners (/Users/C5406081/developer-portal-v3/node_modules/jsdom/lib/jsdom/living/events/EventTarget-impl.js:360:16)
    at invokeEventListeners (/Users/C5406081/developer-portal-v3/node_modules/jsdom/lib/jsdom/living/events/EventTarget-impl.js:296:3)
Error: [vitest] No "useActualTheme" export is defined on the "../../../src/stores/themeStore" mock. Did you forget to return it from "vi.mock"?
If you need to partially mock a module, you can use "importOriginal" helper inside:

    at VitestMocker.createError (file:///Users/C5406081/developer-portal-v3/node_modules/vitest/dist/chunks/execute.B7h3T_Hc.js:284:17)
    at Object.get (file:///Users/C5406081/developer-portal-v3/node_modules/vitest/dist/chunks/execute.B7h3T_Hc.js:330:16)
    at ThemeSection (/Users/C5406081/developer-portal-v3/src/components/settings/ThemeSection.tsx:7:23)
    at renderWithHooks (/Users/C5406081/developer-portal-v3/node_modules/react-dom/cjs/react-dom.development.js:15486:18)
    at mountIndeterminateComponent (/Users/C5406081/developer-portal-v3/node_modules/react-dom/cjs/react-dom.development.js:20103:13)
    at beginWork (/Users/C5406081/developer-portal-v3/node_modules/react-dom/cjs/react-dom.development.js:21626:16)
    at HTMLUnknownElement.callCallback (/Users/C5406081/developer-portal-v3/node_modules/react-dom/cjs/react-dom.development.js:4164:14)
    at HTMLUnknownElement.callTheUserObjectsOperation (/Users/C5406081/developer-portal-v3/node_modules/jsdom/lib/jsdom/living/generated/EventListener.js:26:30)
    at innerInvokeEventListeners (/Users/C5406081/developer-portal-v3/node_modules/jsdom/lib/jsdom/living/events/EventTarget-impl.js:360:16)
    at invokeEventListeners (/Users/C5406081/developer-portal-v3/node_modules/jsdom/lib/jsdom/living/events/EventTarget-impl.js:296:3)
The above error occurred in the <ThemeSection> component:

    at ThemeSection (/Users/C5406081/developer-portal-v3/src/components/settings/ThemeSection.tsx:12:45)

Consider adding an error boundary to your tree to customize error handling behavior.
Visit https://reactjs.org/link/error-boundaries to learn more about error boundaries.

stderr | tests/components/settings/ThemeSection.test.tsx > ThemeSection Component > Edge Cases > should handle undefined actualTheme and errors gracefully
Error: [vitest] No "useActualTheme" export is defined on the "../../../src/stores/themeStore" mock. Did you forget to return it from "vi.mock"?
If you need to partially mock a module, you can use "importOriginal" helper inside:

    at VitestMocker.createError (file:///Users/C5406081/developer-portal-v3/node_modules/vitest/dist/chunks/execute.B7h3T_Hc.js:284:17)
    at Object.get (file:///Users/C5406081/developer-portal-v3/node_modules/vitest/dist/chunks/execute.B7h3T_Hc.js:330:16)
    at ThemeSection (/Users/C5406081/developer-portal-v3/src/components/settings/ThemeSection.tsx:7:23)
    at renderWithHooks (/Users/C5406081/developer-portal-v3/node_modules/react-dom/cjs/react-dom.development.js:15486:18)
    at mountIndeterminateComponent (/Users/C5406081/developer-portal-v3/node_modules/react-dom/cjs/react-dom.development.js:20103:13)
    at beginWork (/Users/C5406081/developer-portal-v3/node_modules/react-dom/cjs/react-dom.development.js:21626:16)
    at HTMLUnknownElement.callCallback (/Users/C5406081/developer-portal-v3/node_modules/react-dom/cjs/react-dom.development.js:4164:14)
    at HTMLUnknownElement.callTheUserObjectsOperation (/Users/C5406081/developer-portal-v3/node_modules/jsdom/lib/jsdom/living/generated/EventListener.js:26:30)
    at innerInvokeEventListeners (/Users/C5406081/developer-portal-v3/node_modules/jsdom/lib/jsdom/living/events/EventTarget-impl.js:360:16)
    at invokeEventListeners (/Users/C5406081/developer-portal-v3/node_modules/jsdom/lib/jsdom/living/events/EventTarget-impl.js:296:3)
Error: [vitest] No "useActualTheme" export is defined on the "../../../src/stores/themeStore" mock. Did you forget to return it from "vi.mock"?
If you need to partially mock a module, you can use "importOriginal" helper inside:

    at VitestMocker.createError (file:///Users/C5406081/developer-portal-v3/node_modules/vitest/dist/chunks/execute.B7h3T_Hc.js:284:17)
    at Object.get (file:///Users/C5406081/developer-portal-v3/node_modules/vitest/dist/chunks/execute.B7h3T_Hc.js:330:16)
    at ThemeSection (/Users/C5406081/developer-portal-v3/src/components/settings/ThemeSection.tsx:7:23)
    at renderWithHooks (/Users/C5406081/developer-portal-v3/node_modules/react-dom/cjs/react-dom.development.js:15486:18)
    at mountIndeterminateComponent (/Users/C5406081/developer-portal-v3/node_modules/react-dom/cjs/react-dom.development.js:20103:13)
    at beginWork (/Users/C5406081/developer-portal-v3/node_modules/react-dom/cjs/react-dom.development.js:21626:16)
    at HTMLUnknownElement.callCallback (/Users/C5406081/developer-portal-v3/node_modules/react-dom/cjs/react-dom.development.js:4164:14)
    at HTMLUnknownElement.callTheUserObjectsOperation (/Users/C5406081/developer-portal-v3/node_modules/jsdom/lib/jsdom/living/generated/EventListener.js:26:30)
    at innerInvokeEventListeners (/Users/C5406081/developer-portal-v3/node_modules/jsdom/lib/jsdom/living/events/EventTarget-impl.js:360:16)
    at invokeEventListeners (/Users/C5406081/developer-portal-v3/node_modules/jsdom/lib/jsdom/living/events/EventTarget-impl.js:296:3)
The above error occurred in the <ThemeSection> component:

    at ThemeSection (/Users/C5406081/developer-portal-v3/src/components/settings/ThemeSection.tsx:12:45)

Consider adding an error boundary to your tree to customize error handling behavior.
Visit https://reactjs.org/link/error-boundaries to learn more about error boundaries.

 ❯ tests/components/settings/ThemeSection.test.tsx (5 tests | 5 failed) 33ms
   × ThemeSection Component > Rendering > should render theme section with buttons and proper styling 23ms
     → [vitest] No "useActualTheme" export is defined on the "../../../src/stores/themeStore" mock. Did you forget to return it from "vi.mock"?
If you need to partially mock a module, you can use "importOriginal" helper inside:

   × ThemeSection Component > Theme State > should highlight active theme button correctly 2ms
     → [vitest] No "useActualTheme" export is defined on the "../../../src/stores/themeStore" mock. Did you forget to return it from "vi.mock"?
If you need to partially mock a module, you can use "importOriginal" helper inside:

   × ThemeSection Component > Interactions > should call setTheme when buttons are clicked 1ms
     → [vitest] No "useActualTheme" export is defined on the "../../../src/stores/themeStore" mock. Did you forget to return it from "vi.mock"?
If you need to partially mock a module, you can use "importOriginal" helper inside:

   × ThemeSection Component > Interactions > should be keyboard accessible 1ms
     → [vitest] No "useActualTheme" export is defined on the "../../../src/stores/themeStore" mock. Did you forget to return it from "vi.mock"?
If you need to partially mock a module, you can use "importOriginal" helper inside:

   × ThemeSection Component > Edge Cases > should handle undefined actualTheme and errors gracefully 5ms
     → expected [Function] to not throw an error but 'Error: [vitest] No "useActualTheme" e…' was thrown
 ❯ tests/components/homepage/QuickLinksSearchFilter.test.tsx (14 tests | 4 failed) 214ms
   ✓ QuickLinksSearchFilter > Search Functionality > renders search input with correct styling and functionality 21ms
   × QuickLinksSearchFilter > Search Functionality > handles search term changes and displays current value 9ms
     → expected "spy" to be called with arguments: [ 'new search term' ][90m

Number of calls: [1m0[22m
[39m
   × QuickLinksSearchFilter > Search Functionality > handles special characters in search input 4ms
     → expected "spy" to be called with arguments: [ '!@#$%^&*()' ][90m

Number of calls: [1m0[22m
[39m
   ✓ QuickLinksSearchFilter > Add Link Button > renders and handles Add Link button when callback is provided 85ms
   ✓ QuickLinksSearchFilter > Add Link Button > does not render Add Link button when callback is not provided 14ms
   ✓ QuickLinksSearchFilter > UI Components > renders ViewLinksToggleButton with correct context 2ms
   ✓ QuickLinksSearchFilter > UI Components > maintains proper CSS classes for responsive design 2ms
   × QuickLinksSearchFilter > Category Filtering > renders category buttons and handles selection 34ms
     → expected "spy" to be called with arguments: [ 'all' ][90m

Number of calls: [1m0[22m
[39m
   × QuickLinksSearchFilter > Category Filtering > highlights selected categories correctly 23ms
     → [2mexpect([22m[31melement[39m[2m).toHaveClass([22m[32m[32m"bg-primary text-primary-foreground"[32m[39m[2m)[22m

Expected the element to have class:
[32m  bg-primary text-primary-foreground[39m
Received:
[31m  px-2.5 py-1 rounded-full text-xs font-medium transition-all flex items-center gap-1 whitespace-nowrap flex-shrink-0 bg-gray-50 hover:bg-gray-100 text-muted-foreground border border-border/90 hover:border-border hover:scale-105 dark:bg-gray-800/50 dark:hover:bg-gray-700/70 dark:text-gray-300 dark:border-gray-600/50[39m
   ✓ QuickLinksSearchFilter > Category Filtering > handles empty categories array 9ms
   ✓ QuickLinksSearchFilter > Horizontal Scrolling > renders scroll buttons initially hidden 2ms
   ✓ QuickLinksSearchFilter > Horizontal Scrolling > handles scroll interactions correctly 3ms
   ✓ QuickLinksSearchFilter > Horizontal Scrolling > shows scroll buttons when content overflows 4ms
   ✓ QuickLinksSearchFilter > Horizontal Scrolling > renders fade gradients 2ms
 ❯ tests/components/homepage/QuickLinksTab.test.tsx (15 tests | 7 failed) 86ms
   ✓ QuickLinksTab > shows loading state 11ms
   ✓ QuickLinksTab > shows empty state with default message 9ms
   ✓ QuickLinksTab > shows custom empty message when provided 3ms
   ✓ QuickLinksTab > shows search filter and links grid when links exist 3ms
   ✓ QuickLinksTab > opens add link dialog when add button is clicked 7ms
   × QuickLinksTab > shows delete confirmation dialog when delete dialog is open 20ms
     → Unable to find an element with the text: Delete Quick Link. This could be because the text is broken up by multiple elements. In this case, you can provide a function for your text matcher to make your matcher more flexible.

Ignored nodes: comments, script, style
[36m<body>[39m
  [36m<div>[39m
    [36m<div[39m
      [33mclass[39m=[32m"flex flex-col px-6 pt-4 pb-6 min-h-[400px]"[39m
    [36m>[39m
      [36m<div[39m
        [33mclass[39m=[32m"flex-1"[39m
      [36m>[39m
        [36m<div[39m
          [33mclass[39m=[32m"h-full min-h-[350px] flex items-center justify-center"[39m
        [36m>[39m
          [36m<div[39m
            [33mclass[39m=[32m"flex flex-col items-center gap-4"[39m
          [36m>[39m
            [36m<div[39m
              [33mclass[39m=[32m"text-base text-muted-foreground text-center"[39m
            [36m>[39m
              [0mNo quick links yet. Add Links to Favorites or click 'Add Link' to get started.[0m
            [36m</div>[39m
            [36m<button[39m
              [33mclass[39m=[32m"inline-flex items-center justify-center gap-2 whitespace-nowrap text-sm font-medium ring-offset-background transition-colors focus-visible:outline-none focus-visible:ring-2 focus-visible:ring-ring focus-visible:ring-offset-2 disabled:pointer-events-none disabled:opacity-50 [&_svg]:pointer-events-none [&_svg]:size-4 [&_svg]:shrink-0 bg-primary text-primary-foreground hover:bg-primary/90 h-9 rounded-md px-3"[39m
            [36m>[39m
              [36m<div[39m
                [33mdata-testid[39m=[32m"plus-icon"[39m
              [36m/>[39m
              [0mAdd Link[0m
            [36m</button>[39m
          [36m</div>[39m
        [36m</div>[39m
      [36m</div>[39m
    [36m</div>[39m
  [36m</div>[39m
[36m</body>[39m
   × QuickLinksTab > calls handleDeleteCancel when cancel button is clicked 2ms
     → Unable to find an element with the text: Cancel. This could be because the text is broken up by multiple elements. In this case, you can provide a function for your text matcher to make your matcher more flexible.

Ignored nodes: comments, script, style
[36m<body>[39m
  [36m<div>[39m
    [36m<div[39m
      [33mclass[39m=[32m"flex flex-col px-6 pt-4 pb-6 min-h-[400px]"[39m
    [36m>[39m
      [36m<div[39m
        [33mclass[39m=[32m"flex-1"[39m
      [36m>[39m
        [36m<div[39m
          [33mclass[39m=[32m"h-full min-h-[350px] flex items-center justify-center"[39m
        [36m>[39m
          [36m<div[39m
            [33mclass[39m=[32m"flex flex-col items-center gap-4"[39m
          [36m>[39m
            [36m<div[39m
              [33mclass[39m=[32m"text-base text-muted-foreground text-center"[39m
            [36m>[39m
              [0mNo quick links yet. Add Links to Favorites or click 'Add Link' to get started.[0m
            [36m</div>[39m
            [36m<button[39m
              [33mclass[39m=[32m"inline-flex items-center justify-center gap-2 whitespace-nowrap text-sm font-medium ring-offset-background transition-colors focus-visible:outline-none focus-visible:ring-2 focus-visible:ring-ring focus-visible:ring-offset-2 disabled:pointer-events-none disabled:opacity-50 [&_svg]:pointer-events-none [&_svg]:size-4 [&_svg]:shrink-0 bg-primary text-primary-foreground hover:bg-primary/90 h-9 rounded-md px-3"[39m
            [36m>[39m
              [36m<div[39m
                [33mdata-testid[39m=[32m"plus-icon"[39m
              [36m/>[39m
              [0mAdd Link[0m
            [36m</button>[39m
          [36m</div>[39m
        [36m</div>[39m
      [36m</div>[39m
    [36m</div>[39m
  [36m</div>[39m
[36m</body>[39m
   × QuickLinksTab > calls handleDeleteConfirm when delete button is clicked 2ms
     → Unable to find an element with the text: Delete. This could be because the text is broken up by multiple elements. In this case, you can provide a function for your text matcher to make your matcher more flexible.

Ignored nodes: comments, script, style
[36m<body>[39m
  [36m<div>[39m
    [36m<div[39m
      [33mclass[39m=[32m"flex flex-col px-6 pt-4 pb-6 min-h-[400px]"[39m
    [36m>[39m
      [36m<div[39m
        [33mclass[39m=[32m"flex-1"[39m
      [36m>[39m
        [36m<div[39m
          [33mclass[39m=[32m"h-full min-h-[350px] flex items-center justify-center"[39m
        [36m>[39m
          [36m<div[39m
            [33mclass[39m=[32m"flex flex-col items-center gap-4"[39m
          [36m>[39m
            [36m<div[39m
              [33mclass[39m=[32m"text-base text-muted-foreground text-center"[39m
            [36m>[39m
              [0mNo quick links yet. Add Links to Favorites or click 'Add Link' to get started.[0m
            [36m</div>[39m
            [36m<button[39m
              [33mclass[39m=[32m"inline-flex items-center justify-center gap-2 whitespace-nowrap text-sm font-medium ring-offset-background transition-colors focus-visible:outline-none focus-visible:ring-2 focus-visible:ring-ring focus-visible:ring-offset-2 disabled:pointer-events-none disabled:opacity-50 [&_svg]:pointer-events-none [&_svg]:size-4 [&_svg]:shrink-0 bg-primary text-primary-foreground hover:bg-primary/90 h-9 rounded-md px-3"[39m
            [36m>[39m
              [36m<div[39m
                [33mdata-testid[39m=[32m"plus-icon"[39m
              [36m/>[39m
              [0mAdd Link[0m
            [36m</button>[39m
          [36m</div>[39m
        [36m</div>[39m
      [36m</div>[39m
    [36m</div>[39m
  [36m</div>[39m
[36m</body>[39m
   × QuickLinksTab > Edit Link Functionality > shows edit link dialog when edit dialog is open 2ms
     → Unable to find an element by: [data-testid="edit-link-dialog"]

Ignored nodes: comments, script, style
[36m<body>[39m
  [36m<div>[39m
    [36m<div[39m
      [33mclass[39m=[32m"flex flex-col px-6 pt-4 pb-6 min-h-[400px]"[39m
    [36m>[39m
      [36m<div[39m
        [33mclass[39m=[32m"mb-4"[39m
      [36m>[39m
        [36m<div[39m
          [33mdata-testid[39m=[32m"search-filter"[39m
        [36m>[39m
          [36m<button[39m
            [33mdata-testid[39m=[32m"add-link-button"[39m
          [36m>[39m
            [0mAdd Link[0m
          [36m</button>[39m
        [36m</div>[39m
      [36m</div>[39m
      [36m<div[39m
        [33mclass[39m=[32m"flex-1"[39m
      [36m>[39m
        [36m<div[39m
          [33mdata-testid[39m=[32m"quick-links-grid"[39m
        [36m>[39m
          [0mQuick Links Grid[0m
        [36m</div>[39m
      [36m</div>[39m
    [36m</div>[39m
  [36m</div>[39m
[36m</body>[39m
   ✓ QuickLinksTab > Edit Link Functionality > does not show edit dialog when editDialog.isOpen is false 4ms
   ✓ QuickLinksTab > Edit Link Functionality > does not show edit dialog when link is not found 3ms
   × QuickLinksTab > Edit Link Functionality > converts QuickLink to UserLink format for EditLinkDialog 6ms
     → Unable to find an element by: [data-testid="edit-link-dialog"]

Ignored nodes: comments, script, style
[36m<body>[39m
  [36m<div>[39m
    [36m<div[39m
      [33mclass[39m=[32m"flex flex-col px-6 pt-4 pb-6 min-h-[400px]"[39m
    [36m>[39m
      [36m<div[39m
        [33mclass[39m=[32m"mb-4"[39m
      [36m>[39m
        [36m<div[39m
          [33mdata-testid[39m=[32m"search-filter"[39m
        [36m>[39m
          [36m<button[39m
            [33mdata-testid[39m=[32m"add-link-button"[39m
          [36m>[39m
            [0mAdd Link[0m
          [36m</button>[39m
        [36m</div>[39m
      [36m</div>[39m
      [36m<div[39m
        [33mclass[39m=[32m"flex-1"[39m
      [36m>[39m
        [36m<div[39m
          [33mdata-testid[39m=[32m"quick-links-grid"[39m
        [36m>[39m
          [0mQuick Links Grid[0m
        [36m</div>[39m
      [36m</div>[39m
    [36m</div>[39m
  [36m</div>[39m
[36m</body>[39m
   × QuickLinksTab > Edit Link Functionality > calls handleEditCancel when edit dialog is closed 12ms
     → Unable to find an element by: [data-testid="edit-link-dialog"]

Ignored nodes: comments, script, style
[36m<body>[39m
  [36m<div>[39m
    [36m<div[39m
      [33mclass[39m=[32m"flex flex-col px-6 pt-4 pb-6 min-h-[400px]"[39m
    [36m>[39m
      [36m<div[39m
        [33mclass[39m=[32m"mb-4"[39m
      [36m>[39m
        [36m<div[39m
          [33mdata-testid[39m=[32m"search-filter"[39m
        [36m>[39m
          [36m<button[39m
            [33mdata-testid[39m=[32m"add-link-button"[39m
          [36m>[39m
            [0mAdd Link[0m
          [36m</button>[39m
        [36m</div>[39m
      [36m</div>[39m
      [36m<div[39m
        [33mclass[39m=[32m"flex-1"[39m
      [36m>[39m
        [36m<div[39m
          [33mdata-testid[39m=[32m"quick-links-grid"[39m
        [36m>[39m
          [0mQuick Links Grid[0m
        [36m</div>[39m
      [36m</div>[39m
    [36m</div>[39m
  [36m</div>[39m
[36m</body>[39m
   × QuickLinksTab > Edge Cases > handles link with missing optional fields 1ms
     → Unable to find an element by: [data-testid="edit-link-dialog"]

Ignored nodes: comments, script, style
[36m<body>[39m
  [36m<div>[39m
    [36m<div[39m
      [33mclass[39m=[32m"flex flex-col px-6 pt-4 pb-6 min-h-[400px]"[39m
    [36m>[39m
      [36m<div[39m
        [33mclass[39m=[32m"mb-4"[39m
      [36m>[39m
        [36m<div[39m
          [33mdata-testid[39m=[32m"search-filter"[39m
        [36m>[39m
          [36m<button[39m
            [33mdata-testid[39m=[32m"add-link-button"[39m
          [36m>[39m
            [0mAdd Link[0m
          [36m</button>[39m
        [36m</div>[39m
      [36m</div>[39m
      [36m<div[39m
        [33mclass[39m=[32m"flex-1"[39m
      [36m>[39m
        [36m<div[39m
          [33mdata-testid[39m=[32m"quick-links-grid"[39m
        [36m>[39m
          [0mQuick Links Grid[0m
        [36m</div>[39m
      [36m</div>[39m
    [36m</div>[39m
  [36m</div>[39m
[36m</body>[39m
   ✓ QuickLinksTab > Edge Cases > handles empty quickLinks array 1ms
 ❯ tests/components/Links/LinksSearchFilter.test.tsx (16 tests | 8 failed) 420ms
   ✓ LinksSearchFilter > Component Rendering > renders all essential UI elements 157ms
   ✓ LinksSearchFilter > Component Rendering > applies responsive design classes 20ms
   × LinksSearchFilter > Search Functionality > handles search input changes 8ms
     → expected "spy" to be called with arguments: [ 'test search' ][90m

Number of calls: [1m0[22m
[39m
   × LinksSearchFilter > Search Functionality > displays current search term 2ms
     → [2mexpect([22m[31melement[39m[2m).toHaveValue([22m[32mexisting search[39m[2m)[22m

Expected the element to have value:
[32m  existing search[39m
Received:
[31m  test search[39m
   × LinksSearchFilter > Search Functionality > clears search input 9ms
     → expected "spy" to be called with arguments: [ '' ][90m

Number of calls: [1m0[22m
[39m
   × LinksSearchFilter > Category Selection > shows correct selection states 34ms
     → [2mexpect([22m[31melement[39m[2m).toHaveClass([22m[32m[32m"bg-primary"[32m[39m[2m)[22m

Expected the element to have class:
[32m  bg-primary[39m
Received:
[31m  px-3 py-1.5 rounded-full text-sm font-medium transition-all flex items-center gap-1.5 whitespace-nowrap flex-shrink-0 bg-gray-50 hover:bg-gray-100 text-muted-foreground border border-border/90 hover:border-border hover:scale-105 dark:bg-gray-800/50 dark:hover:bg-gray-700/70 dark:text-gray-300 dark:border-gray-600/50[39m
   × LinksSearchFilter > Category Selection > handles category button clicks correctly 29ms
     → expected "spy" to be called with arguments: [ 'docs' ][90m

Number of calls: [1m0[22m
[39m
   × LinksSearchFilter > Category Selection > handles "All Links" button when category is selected 32ms
     → expected "spy" to be called with arguments: [ 'all' ][90m

Number of calls: [1m0[22m
[39m
   × LinksSearchFilter > Category Selection > handles deselecting a selected category 37ms
     → expected "spy" to be called with arguments: [ 'all' ][90m

Number of calls: [1m0[22m
[39m
   ✓ LinksSearchFilter > Category Selection > does not call handler when "All Links" clicked while already selected 29ms
   ✓ LinksSearchFilter > Edge Cases > handles empty categories gracefully 9ms
   ✓ LinksSearchFilter > Edge Cases > handles categories without icons 10ms
   ✓ LinksSearchFilter > Edge Cases > handles long category names with proper styling 8ms
   × LinksSearchFilter > Edge Cases > handles invalid selectedCategoryId gracefully 11ms
     → [2mexpect([22m[31melement[39m[2m).not.toHaveClass([22m[32m[32m"bg-primary"[32m[39m[2m)[22m

Expected the element not to have class:
[32m  bg-primary[39m
Received:
[31m  px-3 py-1.5 rounded-full text-sm font-medium transition-all whitespace-nowrap flex-shrink-0 bg-primary text-primary-foreground shadow-sm scale-105[39m
   ✓ LinksSearchFilter > Edge Cases > handles missing container ref gracefully 1ms
   ✓ LinksSearchFilter > Accessibility > provides proper accessibility attributes 23ms
stderr | tests/components/DeveloperPortalHeader/DeveloperPortalHeader.test.tsx > DeveloperPortalHeader > Basic rendering > renders all header elements correctly
⚠️ React Router Future Flag Warning: React Router will begin wrapping state updates in `React.startTransition` in v7. You can use the `v7_startTransition` future flag to opt-in early. For more information, see https://reactrouter.com/v6/upgrading/future#v7_starttransition.
⚠️ React Router Future Flag Warning: Relative route resolution within Splat routes is changing in v7. You can use the `v7_relativeSplatPath` future flag to opt-in early. For more information, see https://reactrouter.com/v6/upgrading/future#v7_relativesplatpath.

 ❯ tests/components/Team/Team.test.tsx (11 tests | 1 failed) 112ms
   ✓ Team Component > Tab Switching Logic > should display overview tab content by default 15ms
   ✓ Team Component > Tab Switching Logic > should display components tab content when active 3ms
   ✓ Team Component > Tab Switching Logic > should display jira tab content when active 1ms
   ✓ Team Component > Tab Switching Logic > should handle docs tab with and without teamId 6ms
   ✓ Team Component > Component Integration > should render with default hooks 2ms
   ✓ Team Component > Component Integration > should render main structure with dialogs 60ms
   ✓ Team Component > Component Integration > should handle different tabs without errors 4ms
   × Team Component > Component Navigation > should navigate to component view when handleComponentClick is called 13ms
     → expected "spy" to be called with arguments: [ '/cis20/component/test-component' ][90m

Number of calls: [1m0[22m
[39m
   ✓ Team Component > Component Navigation > should show toast error when component project is not found 3ms
   ✓ Team Component > Component Navigation > should not navigate when component is not found 2ms
   ✓ Team Component > Component Navigation > should show toast error and not navigate when project is not found for component 1ms
stderr | tests/components/ProjectLayout.test.tsx > ProjectLayout > Basic Rendering > should render core layout structure
⚠️ React Router Future Flag Warning: React Router will begin wrapping state updates in `React.startTransition` in v7. You can use the `v7_startTransition` future flag to opt-in early. For more information, see https://reactrouter.com/v6/upgrading/future#v7_starttransition.
⚠️ React Router Future Flag Warning: Relative route resolution within Splat routes is changing in v7. You can use the `v7_relativeSplatPath` future flag to opt-in early. For more information, see https://reactrouter.com/v6/upgrading/future#v7_relativesplatpath.

 ❯ tests/components/DeveloperPortalHeader/DeveloperPortalHeader.test.tsx (11 tests | 2 failed) 179ms
   ✓ DeveloperPortalHeader > Basic rendering > renders all header elements correctly 27ms
   ✓ DeveloperPortalHeader > Basic rendering > does not render user profile dropdown when user is null 2ms
   × DeveloperPortalHeader > Theme toggle functionality > shows correct icon and aria-label for light mode and handles click 6ms
     → expected "spy" to be called 1 times, but got 0 times
   × DeveloperPortalHeader > Theme toggle functionality > shows correct icon and aria-label for dark mode 5ms
     → Unable to find an element by: [data-testid="sun-icon"]

Ignored nodes: comments, script, style
[36m<body>[39m
  [36m<div>[39m
    [36m<div[39m
      [33mclass[39m=[32m"bg-background"[39m
    [36m>[39m
      [36m<div[39m
        [33mclass[39m=[32m"px-4 py-3 pl-6 flex items-center justify-between"[39m
      [36m>[39m
        [36m<div[39m
          [33mclass[39m=[32m"flex items-center space-x-4"[39m
        [36m>[39m
          [36m<h1[39m
            [33mclass[39m=[32m"text-lg font-semibold text-foreground cursor-pointer hover:text-blue-600 dark:hover:text-blue-400 transition-colors"[39m
          [36m>[39m
            [0mDeveloper Portal[0m
          [36m</h1>[39m
        [36m</div>[39m
        [36m<div[39m
          [33mclass[39m=[32m"flex-1 flex items-center justify-start ml-6"[39m
        [36m>[39m
          [36m<div[39m
            [33mdata-testid[39m=[32m"breadcrumbs"[39m
          [36m>[39m
            [0mBreadcrumbs[0m
          [36m</div>[39m
        [36m</div>[39m
        [36m<div[39m
          [33mclass[39m=[32m"flex items-center space-x-3"[39m
        [36m>[39m
          [36m<button[39m
            [33maria-label[39m=[32m"Switch to dark mode"[39m
            [33mclass[39m=[32m"relative text-foreground hover:bg-accent border border-border hover:border-border p-2 h-8 w-8 transition-colors"[39m
            [33mdata-size[39m=[32m"sm"[39m
            [33mdata-testid[39m=[32m"button"[39m
            [33mdata-variant[39m=[32m"ghost"[39m
          [36m>[39m
            [36m<div[39m
              [33mclass[39m=[32m"h-4 w-4"[39m
              [33mdata-testid[39m=[32m"moon-icon"[39m
            [36m>[39m
              [0mMoon[0m
            [36m</div>[39m
          [36m</button>[39m
          [36m<button[39m
            [33maria-label[39m=[32m"Notifications"[39m
            [33mclass[39m=[32m"relative text-foreground hover:bg-accent border border-border hover:border-border p-2 h-8 w-8 transition-colors"[39m
            [33mdata-size[39m=[32m"sm"[39m
            [33mdata-testid[39m=[32m"button"[39m
            [33mdata-variant[39m=[32m"ghost"[39m
          [36m>[39m
            [36m<div[39m
              [33mclass[39m=[32m"h-4 w-4"[39m
              [33mdata-testid[39m=[32m"bell-icon"[39m
            [36m>[39m
              [0mBell[0m
            [36m</div>[39m
          [36m</button>[39m
          [36m<div[39m
            [33mdata-testid[39m=[32m"user-profile-dropdown"[39m
          [36m>[39m
            [36m<span[39m
              [33mdata-testid[39m=[32m"user-name"[39m
            [36m>[39m
              [0mJohn Doe[0m
            [36m</span>[39m
            [36m<button[39m
              [33mdata-testid[39m=[32m"logout-button"[39m
            [36m>[39m
              [0mLogout[0m
            [36m</button>[39m
          [36m</div>[39m
        [36m</div>[39m
      [36m</div>[39m
    [36m</div>[39m
  [36m</div>[39m
[36m</body>[39m
   ✓ DeveloperPortalHeader > Notification functionality > handles notification clicks and displays unread count correctly 3ms
   ✓ DeveloperPortalHeader > Notification functionality > does not show badge when unreadCount is 0 2ms
   ✓ DeveloperPortalHeader > Navigation functionality > navigates to home when title is clicked 2ms
   ✓ DeveloperPortalHeader > Logout functionality > calls logout when logout button is clicked 5ms
   ✓ DeveloperPortalHeader > Logout functionality > handles logout error gracefully 58ms
   ✓ DeveloperPortalHeader > Styling and accessibility > applies correct CSS classes and maintains accessibility 67ms
   ✓ DeveloperPortalHeader > Styling and accessibility > adapts to mobile view 2ms
 ❯ tests/components/ProjectLayout.test.tsx (28 tests | 17 failed) 70ms
   × ProjectLayout > Basic Rendering > should render core layout structure 27ms
     → Unable to find an element by: [data-testid="components-tab-content"]

Ignored nodes: comments, script, style
[36m<body>[39m
  [36m<div>[39m
    [36m<div[39m
      [33mdata-testid[39m=[32m"breadcrumb-page"[39m
    [36m>[39m
      [36m<div[39m
        [33mdata-testid[39m=[32m"landscape-links-section"[39m
      [36m/>[39m
      [36m<div[39m
        [33mclass[39m=[32m"space-y-6"[39m
      [36m>[39m
        [36m<div[39m
          [33mclass[39m=[32m"flex items-center justify-between"[39m
        [36m>[39m
          [36m<div[39m
            [33mclass[39m=[32m"flex items-center gap-2"[39m
          [36m>[39m
            [36m<h2[39m
              [33mclass[39m=[32m"text-2xl font-bold"[39m
            [36m>[39m
              [0mComponents[0m
            [36m</h2>[39m
          [36m</div>[39m
          [36m<div[39m
            [33mclass[39m=[32m"flex items-center gap-2"[39m
          [36m>[39m
            [36m<div[39m
              [33mdata-testid[39m=[32m"view-switcher"[39m
            [36m/>[39m
          [36m</div>[39m
        [36m</div>[39m
        [36m<div[39m
          [33mclass[39m=[32m"border-2 border-dashed rounded-lg p-12 text-center"[39m
        [36m>[39m
          [36m<p[39m
            [33mclass[39m=[32m"text-muted-foreground"[39m
          [36m>[39m
            [0mSelect a landscape to view components[0m
          [36m</p>[39m
        [36m</div>[39m
      [36m</div>[39m
    [36m</div>[39m
  [36m</div>[39m
[36m</body>[39m
   ✓ ProjectLayout > Basic Rendering > should render with custom children 3ms
   × ProjectLayout > Props and Configuration > should use default values when optional props not provided 3ms
     → Unable to find an element by: [data-testid="components-title"]

Ignored nodes: comments, script, style
[36m<body>[39m
  [36m<div>[39m
    [36m<div[39m
      [33mdata-testid[39m=[32m"breadcrumb-page"[39m
    [36m>[39m
      [36m<div[39m
        [33mdata-testid[39m=[32m"landscape-links-section"[39m
      [36m/>[39m
      [36m<div[39m
        [33mclass[39m=[32m"space-y-6"[39m
      [36m>[39m
        [36m<div[39m
          [33mclass[39m=[32m"flex items-center justify-between"[39m
        [36m>[39m
          [36m<div[39m
            [33mclass[39m=[32m"flex items-center gap-2"[39m
          [36m>[39m
            [36m<h2[39m
              [33mclass[39m=[32m"text-2xl font-bold"[39m
            [36m>[39m
              [0mComponents[0m
            [36m</h2>[39m
          [36m</div>[39m
          [36m<div[39m
            [33mclass[39m=[32m"flex items-center gap-2"[39m
          [36m>[39m
            [36m<div[39m
              [33mdata-testid[39m=[32m"view-switcher"[39m
            [36m/>[39m
          [36m</div>[39m
        [36m</div>[39m
        [36m<div[39m
          [33mclass[39m=[32m"border-2 border-dashed rounded-lg p-12 text-center"[39m
        [36m>[39m
          [36m<p[39m
            [33mclass[39m=[32m"text-muted-foreground"[39m
          [36m>[39m
            [0mSelect a landscape to view components[0m
          [36m</p>[39m
        [36m</div>[39m
      [36m</div>[39m
    [36m</div>[39m
  [36m</div>[39m
[36m</body>[39m
   × ProjectLayout > Props and Configuration > should use custom prop values when provided 2ms
     → Unable to find an element by: [data-testid="components-system"]

Ignored nodes: comments, script, style
[36m<body>[39m
  [36m<div>[39m
    [36m<div[39m
      [33mdata-testid[39m=[32m"breadcrumb-page"[39m
    [36m>[39m
      [36m<div[39m
        [33mdata-testid[39m=[32m"landscape-links-section"[39m
      [36m/>[39m
      [36m<div[39m
        [33mclass[39m=[32m"space-y-6"[39m
      [36m>[39m
        [36m<div[39m
          [33mclass[39m=[32m"flex items-center justify-between"[39m
        [36m>[39m
          [36m<div[39m
            [33mclass[39m=[32m"flex items-center gap-2"[39m
          [36m>[39m
            [36m<h2[39m
              [33mclass[39m=[32m"text-2xl font-bold"[39m
            [36m>[39m
              [0mComponents[0m
            [36m</h2>[39m
          [36m</div>[39m
          [36m<div[39m
            [33mclass[39m=[32m"flex items-center gap-2"[39m
          [36m>[39m
            [36m<div[39m
              [33mdata-testid[39m=[32m"view-switcher"[39m
            [36m/>[39m
          [36m</div>[39m
        [36m</div>[39m
        [36m<div[39m
          [33mclass[39m=[32m"border-2 border-dashed rounded-lg p-12 text-center"[39m
        [36m>[39m
          [36m<p[39m
            [33mclass[39m=[32m"text-muted-foreground"[39m
          [36m>[39m
            [0mSelect a landscape to view components[0m
          [36m</p>[39m
        [36m</div>[39m
      [36m</div>[39m
    [36m</div>[39m
  [36m</div>[39m
[36m</body>[39m
   ✓ ProjectLayout > Props and Configuration > should handle different tab configurations 1ms
   × ProjectLayout > Props and Configuration > should provide onComponentClick handler 2ms
     → Unable to find an element by: [data-testid="components-has-click-handler"]

Ignored nodes: comments, script, style
[36m<body>[39m
  [36m<div>[39m
    [36m<div[39m
      [33mdata-testid[39m=[32m"breadcrumb-page"[39m
    [36m>[39m
      [36m<div[39m
        [33mdata-testid[39m=[32m"landscape-links-section"[39m
      [36m/>[39m
      [36m<div[39m
        [33mclass[39m=[32m"space-y-6"[39m
      [36m>[39m
        [36m<div[39m
          [33mclass[39m=[32m"flex items-center justify-between"[39m
        [36m>[39m
          [36m<div[39m
            [33mclass[39m=[32m"flex items-center gap-2"[39m
          [36m>[39m
            [36m<h2[39m
              [33mclass[39m=[32m"text-2xl font-bold"[39m
            [36m>[39m
              [0mComponents[0m
            [36m</h2>[39m
          [36m</div>[39m
          [36m<div[39m
            [33mclass[39m=[32m"flex items-center gap-2"[39m
          [36m>[39m
            [36m<div[39m
              [33mdata-testid[39m=[32m"view-switcher"[39m
            [36m/>[39m
          [36m</div>[39m
        [36m</div>[39m
        [36m<div[39m
          [33mclass[39m=[32m"border-2 border-dashed rounded-lg p-12 text-center"[39m
        [36m>[39m
          [36m<p[39m
            [33mclass[39m=[32m"text-muted-foreground"[39m
          [36m>[39m
            [0mSelect a landscape to view components[0m
          [36m</p>[39m
        [36m</div>[39m
      [36m</div>[39m
    [36m</div>[39m
  [36m</div>[39m
[36m</body>[39m
   × ProjectLayout > Health Integration > should show health overview when summary data is available 1ms
     → Unable to find an element by: [data-testid="health-overview"]

Ignored nodes: comments, script, style
[36m<body>[39m
  [36m<div>[39m
    [36m<div[39m
      [33mdata-testid[39m=[32m"breadcrumb-page"[39m
    [36m>[39m
      [36m<div[39m
        [33mdata-testid[39m=[32m"landscape-links-section"[39m
      [36m/>[39m
      [36m<div[39m
        [33mclass[39m=[32m"space-y-6"[39m
      [36m>[39m
        [36m<div[39m
          [33mclass[39m=[32m"flex items-center justify-between"[39m
        [36m>[39m
          [36m<div[39m
            [33mclass[39m=[32m"flex items-center gap-2"[39m
          [36m>[39m
            [36m<h2[39m
              [33mclass[39m=[32m"text-2xl font-bold"[39m
            [36m>[39m
              [0mComponents[0m
            [36m</h2>[39m
          [36m</div>[39m
          [36m<div[39m
            [33mclass[39m=[32m"flex items-center gap-2"[39m
          [36m>[39m
            [36m<div[39m
              [33mdata-testid[39m=[32m"view-switcher"[39m
            [36m/>[39m
          [36m</div>[39m
        [36m</div>[39m
        [36m<div[39m
          [33mclass[39m=[32m"border-2 border-dashed rounded-lg p-12 text-center"[39m
        [36m>[39m
          [36m<p[39m
            [33mclass[39m=[32m"text-muted-foreground"[39m
          [36m>[39m
            [0mSelect a landscape to view components[0m
          [36m</p>[39m
        [36m</div>[39m
      [36m</div>[39m
    [36m</div>[39m
  [36m</div>[39m
[36m</body>[39m
   × ProjectLayout > Health Integration > should handle health loading state 1ms
     → Unable to find an element by: [data-testid="components-tab-content"]

Ignored nodes: comments, script, style
[36m<body>[39m
  [36m<div>[39m
    [36m<div[39m
      [33mdata-testid[39m=[32m"breadcrumb-page"[39m
    [36m>[39m
      [36m<div[39m
        [33mdata-testid[39m=[32m"landscape-links-section"[39m
      [36m/>[39m
      [36m<div[39m
        [33mclass[39m=[32m"space-y-6"[39m
      [36m>[39m
        [36m<div[39m
          [33mclass[39m=[32m"flex items-center justify-between"[39m
        [36m>[39m
          [36m<div[39m
            [33mclass[39m=[32m"flex items-center gap-2"[39m
          [36m>[39m
            [36m<h2[39m
              [33mclass[39m=[32m"text-2xl font-bold"[39m
            [36m>[39m
              [0mComponents[0m
            [36m</h2>[39m
          [36m</div>[39m
          [36m<div[39m
            [33mclass[39m=[32m"flex items-center gap-2"[39m
          [36m>[39m
            [36m<div[39m
              [33mdata-testid[39m=[32m"view-switcher"[39m
            [36m/>[39m
          [36m</div>[39m
        [36m</div>[39m
        [36m<div[39m
          [33mclass[39m=[32m"border-2 border-dashed rounded-lg p-12 text-center"[39m
        [36m>[39m
          [36m<p[39m
            [33mclass[39m=[32m"text-muted-foreground"[39m
          [36m>[39m
            [0mSelect a landscape to view components[0m
          [36m</p>[39m
        [36m</div>[39m
      [36m</div>[39m
    [36m</div>[39m
  [36m</div>[39m
[36m</body>[39m
   ✓ ProjectLayout > Tab Navigation > should sync tabs with URL 3ms
   ✓ ProjectLayout > Tab Navigation > should handle different active tab states 3ms
   ✓ ProjectLayout > Landscape Data Scenarios > should handle landscapes with different route configurations 1ms
   ✓ ProjectLayout > Landscape Data Scenarios > should handle no selected landscape scenario 2ms
   ✓ ProjectLayout > Landscape Data Scenarios > should handle invalid selected landscape scenario 1ms
   × ProjectLayout > Component Data Scenarios > should handle components with central-service flag 2ms
     → Unable to find an element by: [data-testid="components-tab-content"]

Ignored nodes: comments, script, style
[36m<body>[39m
  [36m<div>[39m
    [36m<div[39m
      [33mdata-testid[39m=[32m"breadcrumb-page"[39m
    [36m>[39m
      [36m<div[39m
        [33mdata-testid[39m=[32m"landscape-links-section"[39m
      [36m/>[39m
      [36m<div[39m
        [33mclass[39m=[32m"space-y-6"[39m
      [36m>[39m
        [36m<div[39m
          [33mclass[39m=[32m"flex items-center justify-between"[39m
        [36m>[39m
          [36m<div[39m
            [33mclass[39m=[32m"flex items-center gap-2"[39m
          [36m>[39m
            [36m<h2[39m
              [33mclass[39m=[32m"text-2xl font-bold"[39m
            [36m>[39m
              [0mComponents[0m
            [36m</h2>[39m
          [36m</div>[39m
          [36m<div[39m
            [33mclass[39m=[32m"flex items-center gap-2"[39m
          [36m>[39m
            [36m<div[39m
              [33mdata-testid[39m=[32m"view-switcher"[39m
            [36m/>[39m
          [36m</div>[39m
        [36m</div>[39m
        [36m<div[39m
          [33mclass[39m=[32m"border-2 border-dashed rounded-lg p-12 text-center"[39m
        [36m>[39m
          [36m<p[39m
            [33mclass[39m=[32m"text-muted-foreground"[39m
          [36m>[39m
            [0mSelect a landscape to view components[0m
          [36m</p>[39m
        [36m</div>[39m
      [36m</div>[39m
    [36m</div>[39m
  [36m</div>[39m
[36m</body>[39m
   × ProjectLayout > Component Data Scenarios > should handle different component loading states 3ms
     → Unable to find an element by: [data-testid="components-tab-content"]

Ignored nodes: comments, script, style
[36m<body>[39m
  [36m<div>[39m
    [36m<div[39m
      [33mdata-testid[39m=[32m"breadcrumb-page"[39m
    [36m>[39m
      [36m<div[39m
        [33mdata-testid[39m=[32m"landscape-links-section"[39m
      [36m/>[39m
      [36m<div[39m
        [33mclass[39m=[32m"space-y-6"[39m
      [36m>[39m
        [36m<div[39m
          [33mclass[39m=[32m"flex items-center justify-between"[39m
        [36m>[39m
          [36m<div[39m
            [33mclass[39m=[32m"flex items-center gap-2"[39m
          [36m>[39m
            [36m<h2[39m
              [33mclass[39m=[32m"text-2xl font-bold"[39m
            [36m>[39m
              [0mComponents[0m
            [36m</h2>[39m
          [36m</div>[39m
          [36m<div[39m
            [33mclass[39m=[32m"flex items-center gap-2"[39m
          [36m>[39m
            [36m<div[39m
              [33mdata-testid[39m=[32m"view-switcher"[39m
            [36m/>[39m
          [36m</div>[39m
        [36m</div>[39m
        [36m<div[39m
          [33mclass[39m=[32m"border-2 border-dashed rounded-lg p-12 text-center"[39m
        [36m>[39m
          [36m<p[39m
            [33mclass[39m=[32m"text-muted-foreground"[39m
          [36m>[39m
            [0mSelect a landscape to view components[0m
          [36m</p>[39m
        [36m</div>[39m
      [36m</div>[39m
    [36m</div>[39m
  [36m</div>[39m
[36m</body>[39m
   × ProjectLayout > Component Data Scenarios > should handle components error state 1ms
     → Unable to find an element by: [data-testid="components-tab-content"]

Ignored nodes: comments, script, style
[36m<body>[39m
  [36m<div>[39m
    [36m<div[39m
      [33mdata-testid[39m=[32m"breadcrumb-page"[39m
    [36m>[39m
      [36m<div[39m
        [33mdata-testid[39m=[32m"landscape-links-section"[39m
      [36m/>[39m
      [36m<div[39m
        [33mclass[39m=[32m"space-y-6"[39m
      [36m>[39m
        [36m<div[39m
          [33mclass[39m=[32m"flex items-center justify-between"[39m
        [36m>[39m
          [36m<div[39m
            [33mclass[39m=[32m"flex items-center gap-2"[39m
          [36m>[39m
            [36m<h2[39m
              [33mclass[39m=[32m"text-2xl font-bold"[39m
            [36m>[39m
              [0mComponents[0m
            [36m</h2>[39m
          [36m</div>[39m
          [36m<div[39m
            [33mclass[39m=[32m"flex items-center gap-2"[39m
          [36m>[39m
            [36m<div[39m
              [33mdata-testid[39m=[32m"view-switcher"[39m
            [36m/>[39m
          [36m</div>[39m
        [36m</div>[39m
        [36m<div[39m
          [33mclass[39m=[32m"border-2 border-dashed rounded-lg p-12 text-center"[39m
        [36m>[39m
          [36m<p[39m
            [33mclass[39m=[32m"text-muted-foreground"[39m
          [36m>[39m
            [0mSelect a landscape to view components[0m
          [36m</p>[39m
        [36m</div>[39m
      [36m</div>[39m
    [36m</div>[39m
  [36m</div>[39m
[36m</body>[39m
   × ProjectLayout > Team Data Scenarios > should handle teams with different metadata configurations 3ms
     → Unable to find an element by: [data-testid="components-tab-content"]

Ignored nodes: comments, script, style
[36m<body>[39m
  [36m<div>[39m
    [36m<div[39m
      [33mdata-testid[39m=[32m"breadcrumb-page"[39m
    [36m>[39m
      [36m<div[39m
        [33mdata-testid[39m=[32m"landscape-links-section"[39m
      [36m/>[39m
      [36m<div[39m
        [33mclass[39m=[32m"space-y-6"[39m
      [36m>[39m
        [36m<div[39m
          [33mclass[39m=[32m"flex items-center justify-between"[39m
        [36m>[39m
          [36m<div[39m
            [33mclass[39m=[32m"flex items-center gap-2"[39m
          [36m>[39m
            [36m<h2[39m
              [33mclass[39m=[32m"text-2xl font-bold"[39m
            [36m>[39m
              [0mComponents[0m
            [36m</h2>[39m
          [36m</div>[39m
          [36m<div[39m
            [33mclass[39m=[32m"flex items-center gap-2"[39m
          [36m>[39m
            [36m<div[39m
              [33mdata-testid[39m=[32m"view-switcher"[39m
            [36m/>[39m
          [36m</div>[39m
        [36m</div>[39m
        [36m<div[39m
          [33mclass[39m=[32m"border-2 border-dashed rounded-lg p-12 text-center"[39m
        [36m>[39m
          [36m<p[39m
            [33mclass[39m=[32m"text-muted-foreground"[39m
          [36m>[39m
            [0mSelect a landscape to view components[0m
          [36m</p>[39m
        [36m</div>[39m
      [36m</div>[39m
    [36m</div>[39m
  [36m</div>[39m
[36m</body>[39m
   × ProjectLayout > Team Data Scenarios > should handle null teams data 1ms
     → Unable to find an element by: [data-testid="components-tab-content"]

Ignored nodes: comments, script, style
[36m<body>[39m
  [36m<div>[39m
    [36m<div[39m
      [33mdata-testid[39m=[32m"breadcrumb-page"[39m
    [36m>[39m
      [36m<div[39m
        [33mdata-testid[39m=[32m"landscape-links-section"[39m
      [36m/>[39m
      [36m<div[39m
        [33mclass[39m=[32m"space-y-6"[39m
      [36m>[39m
        [36m<div[39m
          [33mclass[39m=[32m"flex items-center justify-between"[39m
        [36m>[39m
          [36m<div[39m
            [33mclass[39m=[32m"flex items-center gap-2"[39m
          [36m>[39m
            [36m<h2[39m
              [33mclass[39m=[32m"text-2xl font-bold"[39m
            [36m>[39m
              [0mComponents[0m
            [36m</h2>[39m
          [36m</div>[39m
          [36m<div[39m
            [33mclass[39m=[32m"flex items-center gap-2"[39m
          [36m>[39m
            [36m<div[39m
              [33mdata-testid[39m=[32m"view-switcher"[39m
            [36m/>[39m
          [36m</div>[39m
        [36m</div>[39m
        [36m<div[39m
          [33mclass[39m=[32m"border-2 border-dashed rounded-lg p-12 text-center"[39m
        [36m>[39m
          [36m<p[39m
            [33mclass[39m=[32m"text-muted-foreground"[39m
          [36m>[39m
            [0mSelect a landscape to view components[0m
          [36m</p>[39m
        [36m</div>[39m
      [36m</div>[39m
    [36m</div>[39m
  [36m</div>[39m
[36m</body>[39m
   × ProjectLayout > Health Data Integration > should handle health checks with component mapping 1ms
     → Unable to find an element by: [data-testid="health-overview"]

Ignored nodes: comments, script, style
[36m<body>[39m
  [36m<div>[39m
    [36m<div[39m
      [33mdata-testid[39m=[32m"breadcrumb-page"[39m
    [36m>[39m
      [36m<div[39m
        [33mdata-testid[39m=[32m"landscape-links-section"[39m
      [36m/>[39m
      [36m<div[39m
        [33mclass[39m=[32m"space-y-6"[39m
      [36m>[39m
        [36m<div[39m
          [33mclass[39m=[32m"flex items-center justify-between"[39m
        [36m>[39m
          [36m<div[39m
            [33mclass[39m=[32m"flex items-center gap-2"[39m
          [36m>[39m
            [36m<h2[39m
              [33mclass[39m=[32m"text-2xl font-bold"[39m
            [36m>[39m
              [0mComponents[0m
            [36m</h2>[39m
          [36m</div>[39m
          [36m<div[39m
            [33mclass[39m=[32m"flex items-center gap-2"[39m
          [36m>[39m
            [36m<div[39m
              [33mdata-testid[39m=[32m"view-switcher"[39m
            [36m/>[39m
          [36m</div>[39m
        [36m</div>[39m
        [36m<div[39m
          [33mclass[39m=[32m"border-2 border-dashed rounded-lg p-12 text-center"[39m
        [36m>[39m
          [36m<p[39m
            [33mclass[39m=[32m"text-muted-foreground"[39m
          [36m>[39m
            [0mSelect a landscape to view components[0m
          [36m</p>[39m
        [36m</div>[39m
      [36m</div>[39m
    [36m</div>[39m
  [36m</div>[39m
[36m</body>[39m
   × ProjectLayout > Health Data Integration > should handle health disabled when no landscapes 1ms
     → Unable to find an element by: [data-testid="components-tab-content"]

Ignored nodes: comments, script, style
[36m<body>[39m
  [36m<div>[39m
    [36m<div[39m
      [33mdata-testid[39m=[32m"breadcrumb-page"[39m
    [36m>[39m
      [36m<div[39m
        [33mdata-testid[39m=[32m"landscape-links-section"[39m
      [36m/>[39m
      [36m<div[39m
        [33mclass[39m=[32m"space-y-6"[39m
      [36m>[39m
        [36m<div[39m
          [33mclass[39m=[32m"flex items-center justify-between"[39m
        [36m>[39m
          [36m<div[39m
            [33mclass[39m=[32m"flex items-center gap-2"[39m
          [36m>[39m
            [36m<h2[39m
              [33mclass[39m=[32m"text-2xl font-bold"[39m
            [36m>[39m
              [0mComponents[0m
            [36m</h2>[39m
          [36m</div>[39m
          [36m<div[39m
            [33mclass[39m=[32m"flex items-center gap-2"[39m
          [36m>[39m
            [36m<div[39m
              [33mdata-testid[39m=[32m"view-switcher"[39m
            [36m/>[39m
          [36m</div>[39m
        [36m</div>[39m
        [36m<div[39m
          [33mclass[39m=[32m"border-2 border-dashed rounded-lg p-12 text-center"[39m
        [36m>[39m
          [36m<p[39m
            [33mclass[39m=[32m"text-muted-foreground"[39m
          [36m>[39m
            [0mSelect a landscape to view components[0m
          [36m</p>[39m
        [36m</div>[39m
      [36m</div>[39m
    [36m</div>[39m
  [36m</div>[39m
[36m</body>[39m
   ✓ ProjectLayout > Landscape Effects and Central Logic > should set default landscape when none selected 1ms
   × ProjectLayout > Landscape Effects and Central Logic > should handle central vs non-central landscape detection 1ms
     → Unable to find an element by: [data-testid="components-tab-content"]

Ignored nodes: comments, script, style
[36m<body>[39m
  [36m<div>[39m
    [36m<div[39m
      [33mdata-testid[39m=[32m"breadcrumb-page"[39m
    [36m>[39m
      [36m<div[39m
        [33mdata-testid[39m=[32m"landscape-links-section"[39m
      [36m/>[39m
      [36m<div[39m
        [33mclass[39m=[32m"space-y-6"[39m
      [36m>[39m
        [36m<div[39m
          [33mclass[39m=[32m"flex items-center justify-between"[39m
        [36m>[39m
          [36m<div[39m
            [33mclass[39m=[32m"flex items-center gap-2"[39m
          [36m>[39m
            [36m<h2[39m
              [33mclass[39m=[32m"text-2xl font-bold"[39m
            [36m>[39m
              [0mComponents[0m
            [36m</h2>[39m
          [36m</div>[39m
          [36m<div[39m
            [33mclass[39m=[32m"flex items-center gap-2"[39m
          [36m>[39m
            [36m<div[39m
              [33mdata-testid[39m=[32m"view-switcher"[39m
            [36m/>[39m
          [36m</div>[39m
        [36m</div>[39m
        [36m<div[39m
          [33mclass[39m=[32m"border-2 border-dashed rounded-lg p-12 text-center"[39m
        [36m>[39m
          [36m<p[39m
            [33mclass[39m=[32m"text-muted-foreground"[39m
          [36m>[39m
            [0mSelect a landscape to view components[0m
          [36m</p>[39m
        [36m</div>[39m
      [36m</div>[39m
    [36m</div>[39m
  [36m</div>[39m
[36m</body>[39m
   ✓ ProjectLayout > Landscape Effects and Central Logic > should handle no central landscapes available 1ms
   × ProjectLayout > View Controls and UI Elements > should render view controls when components and landscapes are available 2ms
     → Unable to find an element by: [data-testid="badge"]

Ignored nodes: comments, script, style
[36m<body>[39m
  [36m<div>[39m
    [36m<div[39m
      [33mdata-testid[39m=[32m"breadcrumb-page"[39m
    [36m>[39m
      [36m<div[39m
        [33mdata-testid[39m=[32m"landscape-links-section"[39m
      [36m/>[39m
      [36m<div[39m
        [33mclass[39m=[32m"space-y-6"[39m
      [36m>[39m
        [36m<div[39m
          [33mclass[39m=[32m"flex items-center justify-between"[39m
        [36m>[39m
          [36m<div[39m
            [33mclass[39m=[32m"flex items-center gap-2"[39m
          [36m>[39m
            [36m<h2[39m
              [33mclass[39m=[32m"text-2xl font-bold"[39m
            [36m>[39m
              [0mComponents[0m
            [36m</h2>[39m
          [36m</div>[39m
          [36m<div[39m
            [33mclass[39m=[32m"flex items-center gap-2"[39m
          [36m>[39m
            [36m<div[39m
              [33mdata-testid[39m=[32m"view-switcher"[39m
            [36m/>[39m
          [36m</div>[39m
        [36m</div>[39m
        [36m<div[39m
          [33mclass[39m=[32m"border-2 border-dashed rounded-lg p-12 text-center"[39m
        [36m>[39m
          [36m<p[39m
            [33mclass[39m=[32m"text-muted-foreground"[39m
          [36m>[39m
            [0mSelect a landscape to view components[0m
          [36m</p>[39m
        [36m</div>[39m
      [36m</div>[39m
    [36m</div>[39m
  [36m</div>[39m
[36m</body>[39m
   ✓ ProjectLayout > Edge Cases and Complex Scenarios > should handle landscape groups with different environments 1ms
   × ProjectLayout > Edge Cases and Complex Scenarios > should handle visibleComponents filtering with central and non-central landscapes 1ms
     → Unable to find an element by: [data-testid="components-tab-content"]

Ignored nodes: comments, script, style
[36m<body>[39m
  [36m<div>[39m
    [36m<div[39m
      [33mdata-testid[39m=[32m"breadcrumb-page"[39m
    [36m>[39m
      [36m<div[39m
        [33mdata-testid[39m=[32m"landscape-links-section"[39m
      [36m/>[39m
      [36m<div[39m
        [33mclass[39m=[32m"space-y-6"[39m
      [36m>[39m
        [36m<div[39m
          [33mclass[39m=[32m"flex items-center justify-between"[39m
        [36m>[39m
          [36m<div[39m
            [33mclass[39m=[32m"flex items-center gap-2"[39m
          [36m>[39m
            [36m<h2[39m
              [33mclass[39m=[32m"text-2xl font-bold"[39m
            [36m>[39m
              [0mComponents[0m
            [36m</h2>[39m
          [36m</div>[39m
          [36m<div[39m
            [33mclass[39m=[32m"flex items-center gap-2"[39m
          [36m>[39m
            [36m<div[39m
              [33mdata-testid[39m=[32m"view-switcher"[39m
            [36m/>[39m
          [36m</div>[39m
        [36m</div>[39m
        [36m<div[39m
          [33mclass[39m=[32m"border-2 border-dashed rounded-lg p-12 text-center"[39m
        [36m>[39m
          [36m<p[39m
            [33mclass[39m=[32m"text-muted-foreground"[39m
          [36m>[39m
            [0mSelect a landscape to view components[0m
          [36m</p>[39m
        [36m</div>[39m
      [36m</div>[39m
    [36m</div>[39m
  [36m</div>[39m
[36m</body>[39m
   ✓ ProjectLayout > Edge Cases and Complex Scenarios > should handle all props with custom values 1ms
   × ProjectLayout > Edge Cases and Complex Scenarios > should handle null/empty data scenarios 1ms
     → Unable to find an element by: [data-testid="components-tab-content"]

Ignored nodes: comments, script, style
[36m<body>[39m
  [36m<div>[39m
    [36m<div[39m
      [33mdata-testid[39m=[32m"breadcrumb-page"[39m
    [36m>[39m
      [36m<div[39m
        [33mdata-testid[39m=[32m"landscape-links-section"[39m
      [36m/>[39m
      [36m<div[39m
        [33mclass[39m=[32m"space-y-6"[39m
      [36m>[39m
        [36m<div[39m
          [33mclass[39m=[32m"flex items-center justify-between"[39m
        [36m>[39m
          [36m<div[39m
            [33mclass[39m=[32m"flex items-center gap-2"[39m
          [36m>[39m
            [36m<h2[39m
              [33mclass[39m=[32m"text-2xl font-bold"[39m
            [36m>[39m
              [0mComponents[0m
            [36m</h2>[39m
          [36m</div>[39m
          [36m<div[39m
            [33mclass[39m=[32m"flex items-center gap-2"[39m
          [36m>[39m
            [36m<div[39m
              [33mdata-testid[39m=[32m"view-switcher"[39m
            [36m/>[39m
          [36m</div>[39m
        [36m</div>[39m
        [36m<div[39m
          [33mclass[39m=[32m"border-2 border-dashed rounded-lg p-12 text-center"[39m
        [36m>[39m
          [36m<p[39m
            [33mclass[39m=[32m"text-muted-foreground"[39m
          [36m>[39m
            [0mSelect a landscape to view components[0m
          [36m</p>[39m
        [36m</div>[39m
      [36m</div>[39m
    [36m</div>[39m
  [36m</div>[39m
[36m</body>[39m
 ❯ tests/components/Team/TeamJiraFilters.test.tsx (14 tests | 7 failed) 414ms
   ✓ TeamJiraFilters > Component Rendering > renders all filter elements with correct structure and styling 147ms
   × TeamJiraFilters > Search Functionality > displays and updates search value correctly 23ms
     → [2mexpect([22m[31melement[39m[2m).toHaveValue([22m[32mtest search[39m[2m)[22m

Expected the element to have value:
[32m  test search[39m
Received:
[31m[39m
   × TeamJiraFilters > Search Functionality > handles various search input scenarios 31ms
     → expected "spy" to be called with arguments: [ 'basic search' ][90m

Number of calls: [1m0[22m
[39m
   × TeamJiraFilters > Search Functionality > handles clearing search input correctly 17ms
     → [2mexpect([22m[31melement[39m[2m).toHaveValue([22m[32minitial value[39m[2m)[22m

Expected the element to have value:
[32m  initial value[39m
Received:
[31m  basic search[39m
   ✓ TeamJiraFilters > Filter Dropdowns > renders all select components with proper handlers 28ms
   ✓ TeamJiraFilters > Filter Dropdowns > displays current filter values correctly 23ms
   ✓ TeamJiraFilters > Edge Cases and Error Handling > handles empty members list gracefully 22ms
   ✓ TeamJiraFilters > Edge Cases and Error Handling > handles members with incomplete data 11ms
   ✓ TeamJiraFilters > Edge Cases and Error Handling > handles varying member list sizes 33ms
   × TeamJiraFilters > Edge Cases and Error Handling > requires valid jiraFilters context 12ms
     → expected [Function] to throw an error
   × TeamJiraFilters > Integration and State Management > uses context correctly and maintains independent filter states 10ms
     → [2mexpect([22m[31melement[39m[2m).toHaveValue([22m[32mtest[39m[2m)[22m

Expected the element to have value:
[32m  test[39m
Received:
[31m  basic search[39m
   × TeamJiraFilters > Integration and State Management > handles context updates correctly 16ms
     → [2mexpect([22m[31melement[39m[2m).toHaveValue([22m[32mupdated search[39m[2m)[22m

Expected the element to have value:
[32m  updated search[39m
Received:
[31m  basic search[39m
   × TeamJiraFilters > Integration and State Management > handles rapid successive changes 17ms
     → expected "spy" to be called 3 times, but got 0 times
   ✓ TeamJiraFilters > Accessibility > provides proper accessibility features 24ms
 ❯ tests/components/settings/ProjectVisibilitySection.test.tsx (5 tests | 5 failed) 4ms
   × ProjectVisibilitySection Component > Rendering > should render section with projects and controls 2ms
     → mockUseProjectsContext is not defined
   × ProjectVisibilitySection Component > Loading State > should show loading message when projects are loading 0ms
     → mockUseProjectsContext is not defined
   × ProjectVisibilitySection Component > Interactions > should handle checkbox and button interactions 0ms
     → mockUseProjectsContext is not defined
   × ProjectVisibilitySection Component > State Updates > should update checkbox states when visibility state changes 0ms
     → mockUseProjectsContext is not defined
   × ProjectVisibilitySection Component > Edge Cases > should handle empty projects and missing titles 0ms
     → mockUseProjectsContext is not defined
stderr | tests/components/Alerts/AlertEditorDialog.test.tsx > AlertEditorDialog Component > should create PR successfully
Could not find alert "TestAlert" in content

stderr | tests/components/Alerts/AlertEditorDialog.test.tsx > AlertEditorDialog Component > should show error toast when PR creation fails
Could not find alert "TestAlert" in content

stderr | tests/components/Alerts/AlertEditorDialog.test.tsx > AlertEditorDialog Component > should show success toast and open PR URL when PR is created
Could not find alert "TestAlert" in content

stderr | tests/pages/AlertsPage/AlertsPage.test.tsx > AlertsPage > Loading State > displays loading state when alerts are being fetched
⚠️ React Router Future Flag Warning: React Router will begin wrapping state updates in `React.startTransition` in v7. You can use the `v7_startTransition` future flag to opt-in early. For more information, see https://reactrouter.com/v6/upgrading/future#v7_starttransition.
⚠️ React Router Future Flag Warning: Relative route resolution within Splat routes is changing in v7. You can use the `v7_relativeSplatPath` future flag to opt-in early. For more information, see https://reactrouter.com/v6/upgrading/future#v7_relativesplatpath.

stderr | tests/components/dialogs/AddLinkDialog.test.tsx > AddLinkDialog Component > Rendering > should render dialog with all essential elements
Warning: Missing `Description` or `aria-describedby={undefined}` for {DialogContent}.

stderr | tests/components/dialogs/AddLinkDialog.test.tsx > AddLinkDialog Component > Rendering > should render category options from API
Warning: Missing `Description` or `aria-describedby={undefined}` for {DialogContent}.

stderr | tests/components/Alerts/AlertEditorDialog.test.tsx > AlertEditorDialog Component > should close dialog after successful PR creation
Could not find alert "TestAlert" in content

stderr | tests/components/dialogs/AddLinkDialog.test.tsx > AddLinkDialog Component > Rendering > should control dialog visibility based on open prop
Warning: Missing `Description` or `aria-describedby={undefined}` for {DialogContent}.

stderr | tests/components/Team/MemberList.test.tsx > MemberList Component > Error Handling > should show error toast when move operation fails
Failed to move member: Error: Move failed
    at [90m/Users/C5406081/developer-portal-v3/[39mtests/components/Team/MemberList.test.tsx:478:15
    at mockCall [90m(file:///Users/C5406081/developer-portal-v3/[39mnode_modules/[4m@vitest[24m/spy/dist/index.js:96:15[90m)[39m
    at spy [90m(file:///Users/C5406081/developer-portal-v3/[39mnode_modules/[4mtinyspy[24m/dist/index.js:47:80[90m)[39m
    at confirmMoveMember [90m(/Users/C5406081/developer-portal-v3/[39msrc/components/Team/MemberList.tsx:97:7[90m)[39m
    at HTMLUnknownElement.callCallback [90m(/Users/C5406081/developer-portal-v3/[39mnode_modules/[4mreact-dom[24m/cjs/react-dom.development.js:4164:14[90m)[39m
    at HTMLUnknownElement.callTheUserObjectsOperation [90m(/Users/C5406081/developer-portal-v3/[39mnode_modules/[4mjsdom[24m/lib/jsdom/living/generated/EventListener.js:26:30[90m)[39m
    at innerInvokeEventListeners [90m(/Users/C5406081/developer-portal-v3/[39mnode_modules/[4mjsdom[24m/lib/jsdom/living/events/EventTarget-impl.js:360:16[90m)[39m
    at invokeEventListeners [90m(/Users/C5406081/developer-portal-v3/[39mnode_modules/[4mjsdom[24m/lib/jsdom/living/events/EventTarget-impl.js:296:3[90m)[39m
    at HTMLUnknownElementImpl._dispatch [90m(/Users/C5406081/developer-portal-v3/[39mnode_modules/[4mjsdom[24m/lib/jsdom/living/events/EventTarget-impl.js:243:9[90m)[39m
    at HTMLUnknownElementImpl.dispatchEvent [90m(/Users/C5406081/developer-portal-v3/[39mnode_modules/[4mjsdom[24m/lib/jsdom/living/events/EventTarget-impl.js:114:17[90m)[39m

stderr | tests/components/dialogs/AddLinkDialog.test.tsx > AddLinkDialog Component > Form Validation > should validate required fields and show appropriate errors
Warning: Missing `Description` or `aria-describedby={undefined}` for {DialogContent}.

 ✓ tests/services/aiPlatformApi.test.ts (32 tests) 1437ms
stderr | tests/components/dialogs/AddLinkDialog.test.tsx > AddLinkDialog Component > Form Validation > should disable submit button when form is invalid
Warning: Missing `Description` or `aria-describedby={undefined}` for {DialogContent}.

stderr | tests/components/dialogs/AddLinkDialog.test.tsx > AddLinkDialog Component > Form Validation > should detect duplicate names
Warning: Missing `Description` or `aria-describedby={undefined}` for {DialogContent}.

stderr | tests/components/dialogs/AddLinkDialog.test.tsx > AddLinkDialog Component > Form Interactions > should accept user input in all form fields
Warning: Missing `Description` or `aria-describedby={undefined}` for {DialogContent}.

stderr | tests/components/dialogs/AddLinkDialog.test.tsx > AddLinkDialog Component > Form Interactions > should reset form when dialog closes and reopens
Warning: Missing `Description` or `aria-describedby={undefined}` for {DialogContent}.
Warning: Missing `Description` or `aria-describedby={undefined}` for {DialogContent}.

stderr | tests/components/Alerts/AlertEditorDialog.test.tsx > AlertEditorDialog Component > should handle PR creation without URL
Could not find alert "TestAlert" in content

stderr | tests/components/Team/MemberList.test.tsx > MemberList Component > Integration Tests > should handle complete workflow from open to close for move operation
Failed to move member: Error: Move failed
    at [90m/Users/C5406081/developer-portal-v3/[39mtests/components/Team/MemberList.test.tsx:478:15
    at mockCall [90m(file:///Users/C5406081/developer-portal-v3/[39mnode_modules/[4m@vitest[24m/spy/dist/index.js:96:15[90m)[39m
    at spy [90m(file:///Users/C5406081/developer-portal-v3/[39mnode_modules/[4mtinyspy[24m/dist/index.js:47:80[90m)[39m
    at confirmMoveMember [90m(/Users/C5406081/developer-portal-v3/[39msrc/components/Team/MemberList.tsx:97:7[90m)[39m
    at HTMLUnknownElement.callCallback [90m(/Users/C5406081/developer-portal-v3/[39mnode_modules/[4mreact-dom[24m/cjs/react-dom.development.js:4164:14[90m)[39m
    at HTMLUnknownElement.callTheUserObjectsOperation [90m(/Users/C5406081/developer-portal-v3/[39mnode_modules/[4mjsdom[24m/lib/jsdom/living/generated/EventListener.js:26:30[90m)[39m
    at innerInvokeEventListeners [90m(/Users/C5406081/developer-portal-v3/[39mnode_modules/[4mjsdom[24m/lib/jsdom/living/events/EventTarget-impl.js:360:16[90m)[39m
    at invokeEventListeners [90m(/Users/C5406081/developer-portal-v3/[39mnode_modules/[4mjsdom[24m/lib/jsdom/living/events/EventTarget-impl.js:296:3[90m)[39m
    at HTMLUnknownElementImpl._dispatch [90m(/Users/C5406081/developer-portal-v3/[39mnode_modules/[4mjsdom[24m/lib/jsdom/living/events/EventTarget-impl.js:243:9[90m)[39m
    at HTMLUnknownElementImpl.dispatchEvent [90m(/Users/C5406081/developer-portal-v3/[39mnode_modules/[4mjsdom[24m/lib/jsdom/living/events/EventTarget-impl.js:114:17[90m)[39m

stderr | tests/components/dialogs/AddLinkDialog.test.tsx > AddLinkDialog Component > Form Interactions > should show validation errors with proper styling
Warning: Missing `Description` or `aria-describedby={undefined}` for {DialogContent}.

stderr | tests/components/dialogs/AddLinkDialog.test.tsx > AddLinkDialog Component > Form Submission > should show loading state during submission
Warning: Missing `Description` or `aria-describedby={undefined}` for {DialogContent}.

stderr | tests/components/dialogs/AddLinkDialog.test.tsx > AddLinkDialog Component > Form Submission > should handle form submission attempt
Warning: Missing `Description` or `aria-describedby={undefined}` for {DialogContent}.

 ✓ tests/components/Team/MemberList.test.tsx (33 tests) 1713ms
stderr | tests/components/dialogs/AddLinkDialog.test.tsx > AddLinkDialog Component > handleSubmit Function > should prevent submission when form validation fails
Warning: Missing `Description` or `aria-describedby={undefined}` for {DialogContent}.

stderr | tests/components/dialogs/AddDocumentationDialog.test.tsx > AddDocumentationDialog Component > Form Submission > should handle submission success and failure scenarios
Failed to add documentation: Error: Creation failed
    at [90m/Users/C5406081/developer-portal-v3/[39mtests/components/dialogs/AddDocumentationDialog.test.tsx:291:21
    at [90mfile:///Users/C5406081/developer-portal-v3/[39mnode_modules/[4m@vitest[24m/runner/dist/chunk-hooks.js:752:20

stderr | tests/components/dialogs/AddLinkDialog.test.tsx > AddLinkDialog Component > handleSubmit Function > should show error when user information is not available
Warning: Missing `Description` or `aria-describedby={undefined}` for {DialogContent}.

 ✓ tests/components/dialogs/TeamMemberDialog.test.tsx (31 tests) 1052ms
 ✓ tests/components/ai-launchpad/AuthDialog.test.tsx (7 tests) 1989ms
   ✓ AuthDialog > should submit form with correct data  513ms
   ✓ AuthDialog > should handle authentication success and failure  476ms
   ✓ AuthDialog > should handle authentication failure  523ms
stderr | tests/components/dialogs/AddLinkDialog.test.tsx > AddLinkDialog Component > Team Functionality > should render with team owner ID when provided
Warning: Missing `Description` or `aria-describedby={undefined}` for {DialogContent}.

stderr | tests/components/Alerts/AlertEditorDialog.test.tsx > AlertEditorDialog Component > should use original alert name in commit message and PR description even after editing alert name
Could not find alert "TestAlert" in content

 ✓ tests/components/dialogs/AddDocumentationDialog.test.tsx (24 tests) 1215ms
stderr | tests/components/dialogs/AddLinkDialog.test.tsx > AddLinkDialog Component > Validation Logic > should validate URL format correctly
Warning: Missing `Description` or `aria-describedby={undefined}` for {DialogContent}.

stderr | tests/components/dialogs/AddLinkDialog.test.tsx > AddLinkDialog Component > Validation Logic > should handle field validation on change when touched
Warning: Missing `Description` or `aria-describedby={undefined}` for {DialogContent}.

 ✓ tests/pages/AlertsPage/AlertsPage.test.tsx (31 tests) 1262ms
stderr | tests/components/dialogs/AddLinkDialog.test.tsx > AddLinkDialog Component > Validation Logic > should handle duplicate validation with case insensitivity
Warning: Missing `Description` or `aria-describedby={undefined}` for {DialogContent}.

stderr | tests/components/dialogs/AddLinkDialog.test.tsx > AddLinkDialog Component > Tags Processing > should accept tags input
Warning: Missing `Description` or `aria-describedby={undefined}` for {DialogContent}.

stderr | tests/components/dialogs/AddLinkDialog.test.tsx > AddLinkDialog Component > Edge Cases > should handle special characters in input fields
Warning: Missing `Description` or `aria-describedby={undefined}` for {DialogContent}.

stderr | tests/components/dialogs/AddLinkDialog.test.tsx > AddLinkDialog Component > Edge Cases > should handle validation when no current user data
Warning: Missing `Description` or `aria-describedby={undefined}` for {DialogContent}.

stderr | tests/components/dialogs/AddLinkDialog.test.tsx > AddLinkDialog Component > Edge Cases > should handle validation when current user has no links
Warning: Missing `Description` or `aria-describedby={undefined}` for {DialogContent}.

stderr | tests/components/dialogs/AddLinkDialog.test.tsx > AddLinkDialog Component > Accessibility > should have proper accessibility attributes
Warning: Missing `Description` or `aria-describedby={undefined}` for {DialogContent}.

 ✓ tests/components/dialogs/AddLinkDialog.test.tsx (22 tests) 1367ms
stderr | tests/components/Alerts/AlertEditorDialog.test.tsx > AlertEditorDialog Component > should handle form submission with modified data
Could not find alert "TestAlert" in content

stderr | tests/components/Alerts/AlertEditorDialog.test.tsx > AlertEditorDialog Component > should handle missing alert in content gracefully
Could not find alert "TestAlert" in content

 ✓ tests/components/Alerts/AlertEditorDialog.test.tsx (32 tests) 2645ms
 ✓ tests/components/tools/LandscapeToolsButtons.test.tsx (21 tests) 2686ms
   ✓ LandscapeToolsButtons > Basic Rendering > should hide Git button when Git is not available  347ms
   ✓ LandscapeToolsButtons > Basic Rendering > should hide Concourse button when Concourse is not available  395ms
   ✓ LandscapeToolsButtons > Basic Rendering > should hide App Logs button when App Logs is not available  419ms
   ✓ LandscapeToolsButtons > Basic Rendering > should hide Dynatrace button when Dynatrace is not available  352ms
stderr | tests/components/navigation/HeaderDropdown.test.tsx > HeaderDropdown Component > Rendering > should render the dropdown with default label
⚠️ React Router Future Flag Warning: React Router will begin wrapping state updates in `React.startTransition` in v7. You can use the `v7_startTransition` future flag to opt-in early. For more information, see https://reactrouter.com/v6/upgrading/future#v7_starttransition.
⚠️ React Router Future Flag Warning: Relative route resolution within Splat routes is changing in v7. You can use the `v7_relativeSplatPath` future flag to opt-in early. For more information, see https://reactrouter.com/v6/upgrading/future#v7_relativesplatpath.

 ✓ tests/features/docs/components/CreateItemDialog.test.tsx (23 tests) 3713ms
   ✓ CreateItemDialog > Folder Creation > should validate invalid characters in folder name  1104ms
stderr | tests/components/dialogs/MoveMemberDialog.test.tsx > MoveMemberDialog Component > Rendering > should render dialog with all essential elements
Warning: Missing `Description` or `aria-describedby={undefined}` for {DialogContent}.

stderr | tests/components/ai-launchpad/CreateDeploymentDialog.test.tsx > CreateDeploymentDialog > should handle deployment flow and cancel action
Warning: An update to CreateDeploymentDialog inside a test was not wrapped in act(...).

When testing, code that causes React state updates should be wrapped into act(...):

act(() => {
  /* fire events that update state */
});
/* assert on the output */

This ensures that you're testing the behavior the user would see in the browser. Learn more at https://reactjs.org/link/wrap-tests-with-act
    at CreateDeploymentDialog (/Users/C5406081/developer-portal-v3/src/components/AILaunchpad/CreateDeploymentDialog.tsx:24:3)
Warning: An update to CreateDeploymentDialog inside a test was not wrapped in act(...).

When testing, code that causes React state updates should be wrapped into act(...):

act(() => {
  /* fire events that update state */
});
/* assert on the output */

This ensures that you're testing the behavior the user would see in the browser. Learn more at https://reactjs.org/link/wrap-tests-with-act
    at CreateDeploymentDialog (/Users/C5406081/developer-portal-v3/src/components/AILaunchpad/CreateDeploymentDialog.tsx:24:3)
Warning: An update to CreateDeploymentDialog inside a test was not wrapped in act(...).

When testing, code that causes React state updates should be wrapped into act(...):

act(() => {
  /* fire events that update state */
});
/* assert on the output */

This ensures that you're testing the behavior the user would see in the browser. Learn more at https://reactjs.org/link/wrap-tests-with-act
    at CreateDeploymentDialog (/Users/C5406081/developer-portal-v3/src/components/AILaunchpad/CreateDeploymentDialog.tsx:24:3)
Warning: An update to CreateDeploymentDialog inside a test was not wrapped in act(...).

When testing, code that causes React state updates should be wrapped into act(...):

act(() => {
  /* fire events that update state */
});
/* assert on the output */

This ensures that you're testing the behavior the user would see in the browser. Learn more at https://reactjs.org/link/wrap-tests-with-act
    at CreateDeploymentDialog (/Users/C5406081/developer-portal-v3/src/components/AILaunchpad/CreateDeploymentDialog.tsx:24:3)
Warning: An update to Presence inside a test was not wrapped in act(...).

When testing, code that causes React state updates should be wrapped into act(...):

act(() => {
  /* fire events that update state */
});
/* assert on the output */

This ensures that you're testing the behavior the user would see in the browser. Learn more at https://reactjs.org/link/wrap-tests-with-act
    at Presence (file:///Users/C5406081/developer-portal-v3/node_modules/@radix-ui/react-presence/dist/index.mjs:19:11)
    at file:///Users/C5406081/developer-portal-v3/node_modules/@radix-ui/react-dialog/dist/index.mjs:93:64
    at /Users/C5406081/developer-portal-v3/src/components/ui/dialog.tsx:15:59
    at file:///Users/C5406081/developer-portal-v3/node_modules/@radix-ui/react-primitive/node_modules/@radix-ui/react-slot/dist/index.mjs:33:13
    at file:///Users/C5406081/developer-portal-v3/node_modules/@radix-ui/react-primitive/node_modules/@radix-ui/react-slot/dist/index.mjs:9:13
    at file:///Users/C5406081/developer-portal-v3/node_modules/@radix-ui/react-primitive/dist/index.mjs:28:13
    at file:///Users/C5406081/developer-portal-v3/node_modules/@radix-ui/react-portal/dist/index.mjs:11:22
    at Presence (file:///Users/C5406081/developer-portal-v3/node_modules/@radix-ui/react-presence/dist/index.mjs:19:11)
    at Provider (file:///Users/C5406081/developer-portal-v3/node_modules/@radix-ui/react-context/dist/index.mjs:27:15)
    at DialogPortal (file:///Users/C5406081/developer-portal-v3/node_modules/@radix-ui/react-dialog/dist/index.mjs:85:11)
    at /Users/C5406081/developer-portal-v3/src/components/ui/dialog.tsx:35:59
    at Provider (file:///Users/C5406081/developer-portal-v3/node_modules/@radix-ui/react-context/dist/index.mjs:27:15)
    at Dialog (file:///Users/C5406081/developer-portal-v3/node_modules/@radix-ui/react-dialog/dist/index.mjs:25:5)
    at CreateDeploymentDialog (/Users/C5406081/developer-portal-v3/src/components/AILaunchpad/CreateDeploymentDialog.tsx:24:3)
Warning: An update to Presence inside a test was not wrapped in act(...).

When testing, code that causes React state updates should be wrapped into act(...):

act(() => {
  /* fire events that update state */
});
/* assert on the output */

This ensures that you're testing the behavior the user would see in the browser. Learn more at https://reactjs.org/link/wrap-tests-with-act
    at Presence (file:///Users/C5406081/developer-portal-v3/node_modules/@radix-ui/react-presence/dist/index.mjs:19:11)
    at Provider (file:///Users/C5406081/developer-portal-v3/node_modules/@radix-ui/react-context/dist/index.mjs:27:15)
    at DialogPortal (file:///Users/C5406081/developer-portal-v3/node_modules/@radix-ui/react-dialog/dist/index.mjs:85:11)
    at /Users/C5406081/developer-portal-v3/src/components/ui/dialog.tsx:35:59
    at Provider (file:///Users/C5406081/developer-portal-v3/node_modules/@radix-ui/react-context/dist/index.mjs:27:15)
    at Dialog (file:///Users/C5406081/developer-portal-v3/node_modules/@radix-ui/react-dialog/dist/index.mjs:25:5)
    at CreateDeploymentDialog (/Users/C5406081/developer-portal-v3/src/components/AILaunchpad/CreateDeploymentDialog.tsx:24:3)
Warning: An update to FocusScope inside a test was not wrapped in act(...).

When testing, code that causes React state updates should be wrapped into act(...):

act(() => {
  /* fire events that update state */
});
/* assert on the output */

This ensures that you're testing the behavior the user would see in the browser. Learn more at https://reactjs.org/link/wrap-tests-with-act
    at file:///Users/C5406081/developer-portal-v3/node_modules/@radix-ui/react-focus-scope/dist/index.mjs:15:5
    at file:///Users/C5406081/developer-portal-v3/node_modules/@radix-ui/react-dialog/dist/index.mjs:206:13
    at file:///Users/C5406081/developer-portal-v3/node_modules/@radix-ui/react-dialog/dist/index.mjs:132:58
    at Presence (file:///Users/C5406081/developer-portal-v3/node_modules/@radix-ui/react-presence/dist/index.mjs:19:11)
    at file:///Users/C5406081/developer-portal-v3/node_modules/@radix-ui/react-dialog/dist/index.mjs:123:64
    at file:///Users/C5406081/developer-portal-v3/node_modules/@radix-ui/react-primitive/node_modules/@radix-ui/react-slot/dist/index.mjs:33:13
    at file:///Users/C5406081/developer-portal-v3/node_modules/@radix-ui/react-primitive/node_modules/@radix-ui/react-slot/dist/index.mjs:9:13
    at file:///Users/C5406081/developer-portal-v3/node_modules/@radix-ui/react-primitive/dist/index.mjs:28:13
    at file:///Users/C5406081/developer-portal-v3/node_modules/@radix-ui/react-portal/dist/index.mjs:11:22
    at Presence (file:///Users/C5406081/developer-portal-v3/node_modules/@radix-ui/react-presence/dist/index.mjs:19:11)
    at Provider (file:///Users/C5406081/developer-portal-v3/node_modules/@radix-ui/react-context/dist/index.mjs:27:15)
    at DialogPortal (file:///Users/C5406081/developer-portal-v3/node_modules/@radix-ui/react-dialog/dist/index.mjs:85:11)
    at /Users/C5406081/developer-portal-v3/src/components/ui/dialog.tsx:35:59
    at Provider (file:///Users/C5406081/developer-portal-v3/node_modules/@radix-ui/react-context/dist/index.mjs:27:15)
    at Dialog (file:///Users/C5406081/developer-portal-v3/node_modules/@radix-ui/react-dialog/dist/index.mjs:25:5)
    at CreateDeploymentDialog (/Users/C5406081/developer-portal-v3/src/components/AILaunchpad/CreateDeploymentDialog.tsx:24:3)
Warning: An update to Presence inside a test was not wrapped in act(...).

When testing, code that causes React state updates should be wrapped into act(...):

act(() => {
  /* fire events that update state */
});
/* assert on the output */

This ensures that you're testing the behavior the user would see in the browser. Learn more at https://reactjs.org/link/wrap-tests-with-act
    at Presence (file:///Users/C5406081/developer-portal-v3/node_modules/@radix-ui/react-presence/dist/index.mjs:19:11)
    at file:///Users/C5406081/developer-portal-v3/node_modules/@radix-ui/react-dialog/dist/index.mjs:123:64
    at file:///Users/C5406081/developer-portal-v3/node_modules/@radix-ui/react-primitive/node_modules/@radix-ui/react-slot/dist/index.mjs:33:13
    at file:///Users/C5406081/developer-portal-v3/node_modules/@radix-ui/react-primitive/node_modules/@radix-ui/react-slot/dist/index.mjs:9:13
    at file:///Users/C5406081/developer-portal-v3/node_modules/@radix-ui/react-primitive/dist/index.mjs:28:13
    at file:///Users/C5406081/developer-portal-v3/node_modules/@radix-ui/react-portal/dist/index.mjs:11:22
    at Presence (file:///Users/C5406081/developer-portal-v3/node_modules/@radix-ui/react-presence/dist/index.mjs:19:11)
    at Provider (file:///Users/C5406081/developer-portal-v3/node_modules/@radix-ui/react-context/dist/index.mjs:27:15)
    at DialogPortal (file:///Users/C5406081/developer-portal-v3/node_modules/@radix-ui/react-dialog/dist/index.mjs:85:11)
    at /Users/C5406081/developer-portal-v3/src/components/ui/dialog.tsx:35:59
    at Provider (file:///Users/C5406081/developer-portal-v3/node_modules/@radix-ui/react-context/dist/index.mjs:27:15)
    at Dialog (file:///Users/C5406081/developer-portal-v3/node_modules/@radix-ui/react-dialog/dist/index.mjs:25:5)
    at CreateDeploymentDialog (/Users/C5406081/developer-portal-v3/src/components/AILaunchpad/CreateDeploymentDialog.tsx:24:3)
Warning: An update to Presence inside a test was not wrapped in act(...).

When testing, code that causes React state updates should be wrapped into act(...):

act(() => {
  /* fire events that update state */
});
/* assert on the output */

This ensures that you're testing the behavior the user would see in the browser. Learn more at https://reactjs.org/link/wrap-tests-with-act
    at Presence (file:///Users/C5406081/developer-portal-v3/node_modules/@radix-ui/react-presence/dist/index.mjs:19:11)
    at Provider (file:///Users/C5406081/developer-portal-v3/node_modules/@radix-ui/react-context/dist/index.mjs:27:15)
    at DialogPortal (file:///Users/C5406081/developer-portal-v3/node_modules/@radix-ui/react-dialog/dist/index.mjs:85:11)
    at /Users/C5406081/developer-portal-v3/src/components/ui/dialog.tsx:35:59
    at Provider (file:///Users/C5406081/developer-portal-v3/node_modules/@radix-ui/react-context/dist/index.mjs:27:15)
    at Dialog (file:///Users/C5406081/developer-portal-v3/node_modules/@radix-ui/react-dialog/dist/index.mjs:25:5)
    at CreateDeploymentDialog (/Users/C5406081/developer-portal-v3/src/components/AILaunchpad/CreateDeploymentDialog.tsx:24:3)
Warning: An update to DismissableLayer inside a test was not wrapped in act(...).

When testing, code that causes React state updates should be wrapped into act(...):

act(() => {
  /* fire events that update state */
});
/* assert on the output */

This ensures that you're testing the behavior the user would see in the browser. Learn more at https://reactjs.org/link/wrap-tests-with-act
    at file:///Users/C5406081/developer-portal-v3/node_modules/@radix-ui/react-dismissable-layer/dist/index.mjs:24:7
    at file:///Users/C5406081/developer-portal-v3/node_modules/@radix-ui/react-primitive/node_modules/@radix-ui/react-slot/dist/index.mjs:33:13
    at file:///Users/C5406081/developer-portal-v3/node_modules/@radix-ui/react-primitive/node_modules/@radix-ui/react-slot/dist/index.mjs:9:13
    at file:///Users/C5406081/developer-portal-v3/node_modules/@radix-ui/react-primitive/dist/index.mjs:28:13
    at file:///Users/C5406081/developer-portal-v3/node_modules/@radix-ui/react-focus-scope/dist/index.mjs:15:5
    at file:///Users/C5406081/developer-portal-v3/node_modules/@radix-ui/react-dialog/dist/index.mjs:206:13
    at file:///Users/C5406081/developer-portal-v3/node_modules/@radix-ui/react-dialog/dist/index.mjs:132:58
    at Presence (file:///Users/C5406081/developer-portal-v3/node_modules/@radix-ui/react-presence/dist/index.mjs:19:11)
    at file:///Users/C5406081/developer-portal-v3/node_modules/@radix-ui/react-dialog/dist/index.mjs:123:64
    at file:///Users/C5406081/developer-portal-v3/node_modules/@radix-ui/react-primitive/node_modules/@radix-ui/react-slot/dist/index.mjs:33:13
    at file:///Users/C5406081/developer-portal-v3/node_modules/@radix-ui/react-primitive/node_modules/@radix-ui/react-slot/dist/index.mjs:9:13
    at file:///Users/C5406081/developer-portal-v3/node_modules/@radix-ui/react-primitive/dist/index.mjs:28:13
    at file:///Users/C5406081/developer-portal-v3/node_modules/@radix-ui/react-portal/dist/index.mjs:11:22
    at Presence (file:///Users/C5406081/developer-portal-v3/node_modules/@radix-ui/react-presence/dist/index.mjs:19:11)
    at Provider (file:///Users/C5406081/developer-portal-v3/node_modules/@radix-ui/react-context/dist/index.mjs:27:15)
    at DialogPortal (file:///Users/C5406081/developer-portal-v3/node_modules/@radix-ui/react-dialog/dist/index.mjs:85:11)
    at /Users/C5406081/developer-portal-v3/src/components/ui/dialog.tsx:35:59
    at Provider (file:///Users/C5406081/developer-portal-v3/node_modules/@radix-ui/react-context/dist/index.mjs:27:15)
    at Dialog (file:///Users/C5406081/developer-portal-v3/node_modules/@radix-ui/react-dialog/dist/index.mjs:25:5)
    at CreateDeploymentDialog (/Users/C5406081/developer-portal-v3/src/components/AILaunchpad/CreateDeploymentDialog.tsx:24:3)
Warning: An update to Presence inside a test was not wrapped in act(...).

When testing, code that causes React state updates should be wrapped into act(...):

act(() => {
  /* fire events that update state */
});
/* assert on the output */

This ensures that you're testing the behavior the user would see in the browser. Learn more at https://reactjs.org/link/wrap-tests-with-act
    at Presence (file:///Users/C5406081/developer-portal-v3/node_modules/@radix-ui/react-presence/dist/index.mjs:19:11)
    at file:///Users/C5406081/developer-portal-v3/node_modules/@radix-ui/react-dialog/dist/index.mjs:93:64
    at /Users/C5406081/developer-portal-v3/src/components/ui/dialog.tsx:15:59
    at file:///Users/C5406081/developer-portal-v3/node_modules/@radix-ui/react-primitive/node_modules/@radix-ui/react-slot/dist/index.mjs:33:13
    at file:///Users/C5406081/developer-portal-v3/node_modules/@radix-ui/react-primitive/node_modules/@radix-ui/react-slot/dist/index.mjs:9:13
    at file:///Users/C5406081/developer-portal-v3/node_modules/@radix-ui/react-primitive/dist/index.mjs:28:13
    at file:///Users/C5406081/developer-portal-v3/node_modules/@radix-ui/react-portal/dist/index.mjs:11:22
    at Presence (file:///Users/C5406081/developer-portal-v3/node_modules/@radix-ui/react-presence/dist/index.mjs:19:11)
    at Provider (file:///Users/C5406081/developer-portal-v3/node_modules/@radix-ui/react-context/dist/index.mjs:27:15)
    at DialogPortal (file:///Users/C5406081/developer-portal-v3/node_modules/@radix-ui/react-dialog/dist/index.mjs:85:11)
    at /Users/C5406081/developer-portal-v3/src/components/ui/dialog.tsx:35:59
    at Provider (file:///Users/C5406081/developer-portal-v3/node_modules/@radix-ui/react-context/dist/index.mjs:27:15)
    at Dialog (file:///Users/C5406081/developer-portal-v3/node_modules/@radix-ui/react-dialog/dist/index.mjs:25:5)
    at CreateDeploymentDialog (/Users/C5406081/developer-portal-v3/src/components/AILaunchpad/CreateDeploymentDialog.tsx:24:3)
Warning: An update to Presence inside a test was not wrapped in act(...).

When testing, code that causes React state updates should be wrapped into act(...):

act(() => {
  /* fire events that update state */
});
/* assert on the output */

This ensures that you're testing the behavior the user would see in the browser. Learn more at https://reactjs.org/link/wrap-tests-with-act
    at Presence (file:///Users/C5406081/developer-portal-v3/node_modules/@radix-ui/react-presence/dist/index.mjs:19:11)
    at Provider (file:///Users/C5406081/developer-portal-v3/node_modules/@radix-ui/react-context/dist/index.mjs:27:15)
    at DialogPortal (file:///Users/C5406081/developer-portal-v3/node_modules/@radix-ui/react-dialog/dist/index.mjs:85:11)
    at /Users/C5406081/developer-portal-v3/src/components/ui/dialog.tsx:35:59
    at Provider (file:///Users/C5406081/developer-portal-v3/node_modules/@radix-ui/react-context/dist/index.mjs:27:15)
    at Dialog (file:///Users/C5406081/developer-portal-v3/node_modules/@radix-ui/react-dialog/dist/index.mjs:25:5)
    at CreateDeploymentDialog (/Users/C5406081/developer-portal-v3/src/components/AILaunchpad/CreateDeploymentDialog.tsx:24:3)
Warning: An update to FocusScope inside a test was not wrapped in act(...).

When testing, code that causes React state updates should be wrapped into act(...):

act(() => {
  /* fire events that update state */
});
/* assert on the output */

This ensures that you're testing the behavior the user would see in the browser. Learn more at https://reactjs.org/link/wrap-tests-with-act
    at file:///Users/C5406081/developer-portal-v3/node_modules/@radix-ui/react-focus-scope/dist/index.mjs:15:5
    at file:///Users/C5406081/developer-portal-v3/node_modules/@radix-ui/react-dialog/dist/index.mjs:206:13
    at file:///Users/C5406081/developer-portal-v3/node_modules/@radix-ui/react-dialog/dist/index.mjs:132:58
    at Presence (file:///Users/C5406081/developer-portal-v3/node_modules/@radix-ui/react-presence/dist/index.mjs:19:11)
    at file:///Users/C5406081/developer-portal-v3/node_modules/@radix-ui/react-dialog/dist/index.mjs:123:64
    at file:///Users/C5406081/developer-portal-v3/node_modules/@radix-ui/react-primitive/node_modules/@radix-ui/react-slot/dist/index.mjs:33:13
    at file:///Users/C5406081/developer-portal-v3/node_modules/@radix-ui/react-primitive/node_modules/@radix-ui/react-slot/dist/index.mjs:9:13
    at file:///Users/C5406081/developer-portal-v3/node_modules/@radix-ui/react-primitive/dist/index.mjs:28:13
    at file:///Users/C5406081/developer-portal-v3/node_modules/@radix-ui/react-portal/dist/index.mjs:11:22
    at Presence (file:///Users/C5406081/developer-portal-v3/node_modules/@radix-ui/react-presence/dist/index.mjs:19:11)
    at Provider (file:///Users/C5406081/developer-portal-v3/node_modules/@radix-ui/react-context/dist/index.mjs:27:15)
    at DialogPortal (file:///Users/C5406081/developer-portal-v3/node_modules/@radix-ui/react-dialog/dist/index.mjs:85:11)
    at /Users/C5406081/developer-portal-v3/src/components/ui/dialog.tsx:35:59
    at Provider (file:///Users/C5406081/developer-portal-v3/node_modules/@radix-ui/react-context/dist/index.mjs:27:15)
    at Dialog (file:///Users/C5406081/developer-portal-v3/node_modules/@radix-ui/react-dialog/dist/index.mjs:25:5)
    at CreateDeploymentDialog (/Users/C5406081/developer-portal-v3/src/components/AILaunchpad/CreateDeploymentDialog.tsx:24:3)
Warning: An update to Presence inside a test was not wrapped in act(...).

When testing, code that causes React state updates should be wrapped into act(...):

act(() => {
  /* fire events that update state */
});
/* assert on the output */

This ensures that you're testing the behavior the user would see in the browser. Learn more at https://reactjs.org/link/wrap-tests-with-act
    at Presence (file:///Users/C5406081/developer-portal-v3/node_modules/@radix-ui/react-presence/dist/index.mjs:19:11)
    at file:///Users/C5406081/developer-portal-v3/node_modules/@radix-ui/react-dialog/dist/index.mjs:123:64
    at file:///Users/C5406081/developer-portal-v3/node_modules/@radix-ui/react-primitive/node_modules/@radix-ui/react-slot/dist/index.mjs:33:13
    at file:///Users/C5406081/developer-portal-v3/node_modules/@radix-ui/react-primitive/node_modules/@radix-ui/react-slot/dist/index.mjs:9:13
    at file:///Users/C5406081/developer-portal-v3/node_modules/@radix-ui/react-primitive/dist/index.mjs:28:13
    at file:///Users/C5406081/developer-portal-v3/node_modules/@radix-ui/react-portal/dist/index.mjs:11:22
    at Presence (file:///Users/C5406081/developer-portal-v3/node_modules/@radix-ui/react-presence/dist/index.mjs:19:11)
    at Provider (file:///Users/C5406081/developer-portal-v3/node_modules/@radix-ui/react-context/dist/index.mjs:27:15)
    at DialogPortal (file:///Users/C5406081/developer-portal-v3/node_modules/@radix-ui/react-dialog/dist/index.mjs:85:11)
    at /Users/C5406081/developer-portal-v3/src/components/ui/dialog.tsx:35:59
    at Provider (file:///Users/C5406081/developer-portal-v3/node_modules/@radix-ui/react-context/dist/index.mjs:27:15)
    at Dialog (file:///Users/C5406081/developer-portal-v3/node_modules/@radix-ui/react-dialog/dist/index.mjs:25:5)
    at CreateDeploymentDialog (/Users/C5406081/developer-portal-v3/src/components/AILaunchpad/CreateDeploymentDialog.tsx:24:3)
Warning: An update to Presence inside a test was not wrapped in act(...).

When testing, code that causes React state updates should be wrapped into act(...):

act(() => {
  /* fire events that update state */
});
/* assert on the output */

This ensures that you're testing the behavior the user would see in the browser. Learn more at https://reactjs.org/link/wrap-tests-with-act
    at Presence (file:///Users/C5406081/developer-portal-v3/node_modules/@radix-ui/react-presence/dist/index.mjs:19:11)
    at Provider (file:///Users/C5406081/developer-portal-v3/node_modules/@radix-ui/react-context/dist/index.mjs:27:15)
    at DialogPortal (file:///Users/C5406081/developer-portal-v3/node_modules/@radix-ui/react-dialog/dist/index.mjs:85:11)
    at /Users/C5406081/developer-portal-v3/src/components/ui/dialog.tsx:35:59
    at Provider (file:///Users/C5406081/developer-portal-v3/node_modules/@radix-ui/react-context/dist/index.mjs:27:15)
    at Dialog (file:///Users/C5406081/developer-portal-v3/node_modules/@radix-ui/react-dialog/dist/index.mjs:25:5)
    at CreateDeploymentDialog (/Users/C5406081/developer-portal-v3/src/components/AILaunchpad/CreateDeploymentDialog.tsx:24:3)
Warning: An update to DismissableLayer inside a test was not wrapped in act(...).

When testing, code that causes React state updates should be wrapped into act(...):

act(() => {
  /* fire events that update state */
});
/* assert on the output */

This ensures that you're testing the behavior the user would see in the browser. Learn more at https://reactjs.org/link/wrap-tests-with-act
    at file:///Users/C5406081/developer-portal-v3/node_modules/@radix-ui/react-dismissable-layer/dist/index.mjs:24:7
    at file:///Users/C5406081/developer-portal-v3/node_modules/@radix-ui/react-primitive/node_modules/@radix-ui/react-slot/dist/index.mjs:33:13
    at file:///Users/C5406081/developer-portal-v3/node_modules/@radix-ui/react-primitive/node_modules/@radix-ui/react-slot/dist/index.mjs:9:13
    at file:///Users/C5406081/developer-portal-v3/node_modules/@radix-ui/react-primitive/dist/index.mjs:28:13
    at file:///Users/C5406081/developer-portal-v3/node_modules/@radix-ui/react-focus-scope/dist/index.mjs:15:5
    at file:///Users/C5406081/developer-portal-v3/node_modules/@radix-ui/react-dialog/dist/index.mjs:206:13
    at file:///Users/C5406081/developer-portal-v3/node_modules/@radix-ui/react-dialog/dist/index.mjs:132:58
    at Presence (file:///Users/C5406081/developer-portal-v3/node_modules/@radix-ui/react-presence/dist/index.mjs:19:11)
    at file:///Users/C5406081/developer-portal-v3/node_modules/@radix-ui/react-dialog/dist/index.mjs:123:64
    at file:///Users/C5406081/developer-portal-v3/node_modules/@radix-ui/react-primitive/node_modules/@radix-ui/react-slot/dist/index.mjs:33:13
    at file:///Users/C5406081/developer-portal-v3/node_modules/@radix-ui/react-primitive/node_modules/@radix-ui/react-slot/dist/index.mjs:9:13
    at file:///Users/C5406081/developer-portal-v3/node_modules/@radix-ui/react-primitive/dist/index.mjs:28:13
    at file:///Users/C5406081/developer-portal-v3/node_modules/@radix-ui/react-portal/dist/index.mjs:11:22
    at Presence (file:///Users/C5406081/developer-portal-v3/node_modules/@radix-ui/react-presence/dist/index.mjs:19:11)
    at Provider (file:///Users/C5406081/developer-portal-v3/node_modules/@radix-ui/react-context/dist/index.mjs:27:15)
    at DialogPortal (file:///Users/C5406081/developer-portal-v3/node_modules/@radix-ui/react-dialog/dist/index.mjs:85:11)
    at /Users/C5406081/developer-portal-v3/src/components/ui/dialog.tsx:35:59
    at Provider (file:///Users/C5406081/developer-portal-v3/node_modules/@radix-ui/react-context/dist/index.mjs:27:15)
    at Dialog (file:///Users/C5406081/developer-portal-v3/node_modules/@radix-ui/react-dialog/dist/index.mjs:25:5)
    at CreateDeploymentDialog (/Users/C5406081/developer-portal-v3/src/components/AILaunchpad/CreateDeploymentDialog.tsx:24:3)

stderr | tests/components/dialogs/MoveMemberDialog.test.tsx > MoveMemberDialog Component > Rendering > should render member avatar or initials
Warning: Missing `Description` or `aria-describedby={undefined}` for {DialogContent}.

stderr | tests/components/dialogs/MoveMemberDialog.test.tsx > MoveMemberDialog Component > Rendering > should control dialog visibility based on open prop
Warning: Missing `Description` or `aria-describedby={undefined}` for {DialogContent}.

stderr | tests/components/dialogs/MoveMemberDialog.test.tsx > MoveMemberDialog Component > Team Selection > should show available teams excluding current team
Warning: Missing `Description` or `aria-describedby={undefined}` for {DialogContent}.

stderr | tests/components/dialogs/MoveMemberDialog.test.tsx > MoveMemberDialog Component > Team Selection > should handle no available teams
Warning: Missing `Description` or `aria-describedby={undefined}` for {DialogContent}.

stderr | tests/components/ui/card-ui-components.test.tsx > Dialog Component > should render dialog with footer
Warning: Missing `Description` or `aria-describedby={undefined}` for {DialogContent}.

stderr | tests/components/ui/card-ui-components.test.tsx > Dialog Component > should handle controlled open state
Warning: Missing `Description` or `aria-describedby={undefined}` for {DialogContent}.

stderr | tests/components/ui/card-ui-components.test.tsx > Dialog Component > should call onOpenChange when dialog state changes
Warning: Missing `Description` or `aria-describedby={undefined}` for {DialogContent}.

stderr | tests/components/ui/card-ui-components.test.tsx > Dialog Component > should render dialog without description
Warning: Missing `Description` or `aria-describedby={undefined}` for {DialogContent}.

 ✓ tests/components/ui/card-ui-components.test.tsx (36 tests) 910ms
stderr | tests/components/dialogs/MoveMemberDialog.test.tsx > MoveMemberDialog Component > Team Selection > should update selected team and enable move button
Warning: Missing `Description` or `aria-describedby={undefined}` for {DialogContent}.

stderr | tests/components/ai-launchpad/CreateDeploymentDialog.test.tsx > CreateDeploymentDialog > should allow deployment when teams are available and one is selected
Warning: An update to CreateDeploymentDialog inside a test was not wrapped in act(...).

When testing, code that causes React state updates should be wrapped into act(...):

act(() => {
  /* fire events that update state */
});
/* assert on the output */

This ensures that you're testing the behavior the user would see in the browser. Learn more at https://reactjs.org/link/wrap-tests-with-act
    at CreateDeploymentDialog (/Users/C5406081/developer-portal-v3/src/components/AILaunchpad/CreateDeploymentDialog.tsx:24:3)
Warning: An update to CreateDeploymentDialog inside a test was not wrapped in act(...).

When testing, code that causes React state updates should be wrapped into act(...):

act(() => {
  /* fire events that update state */
});
/* assert on the output */

This ensures that you're testing the behavior the user would see in the browser. Learn more at https://reactjs.org/link/wrap-tests-with-act
    at CreateDeploymentDialog (/Users/C5406081/developer-portal-v3/src/components/AILaunchpad/CreateDeploymentDialog.tsx:24:3)
Warning: An update to CreateDeploymentDialog inside a test was not wrapped in act(...).

When testing, code that causes React state updates should be wrapped into act(...):

act(() => {
  /* fire events that update state */
});
/* assert on the output */

This ensures that you're testing the behavior the user would see in the browser. Learn more at https://reactjs.org/link/wrap-tests-with-act
    at CreateDeploymentDialog (/Users/C5406081/developer-portal-v3/src/components/AILaunchpad/CreateDeploymentDialog.tsx:24:3)
Warning: An update to CreateDeploymentDialog inside a test was not wrapped in act(...).

When testing, code that causes React state updates should be wrapped into act(...):

act(() => {
  /* fire events that update state */
});
/* assert on the output */

This ensures that you're testing the behavior the user would see in the browser. Learn more at https://reactjs.org/link/wrap-tests-with-act
    at CreateDeploymentDialog (/Users/C5406081/developer-portal-v3/src/components/AILaunchpad/CreateDeploymentDialog.tsx:24:3)
Warning: An update to Presence inside a test was not wrapped in act(...).

When testing, code that causes React state updates should be wrapped into act(...):

act(() => {
  /* fire events that update state */
});
/* assert on the output */

This ensures that you're testing the behavior the user would see in the browser. Learn more at https://reactjs.org/link/wrap-tests-with-act
    at Presence (file:///Users/C5406081/developer-portal-v3/node_modules/@radix-ui/react-presence/dist/index.mjs:19:11)
    at file:///Users/C5406081/developer-portal-v3/node_modules/@radix-ui/react-dialog/dist/index.mjs:93:64
    at /Users/C5406081/developer-portal-v3/src/components/ui/dialog.tsx:15:59
    at file:///Users/C5406081/developer-portal-v3/node_modules/@radix-ui/react-primitive/node_modules/@radix-ui/react-slot/dist/index.mjs:33:13
    at file:///Users/C5406081/developer-portal-v3/node_modules/@radix-ui/react-primitive/node_modules/@radix-ui/react-slot/dist/index.mjs:9:13
    at file:///Users/C5406081/developer-portal-v3/node_modules/@radix-ui/react-primitive/dist/index.mjs:28:13
    at file:///Users/C5406081/developer-portal-v3/node_modules/@radix-ui/react-portal/dist/index.mjs:11:22
    at Presence (file:///Users/C5406081/developer-portal-v3/node_modules/@radix-ui/react-presence/dist/index.mjs:19:11)
    at Provider (file:///Users/C5406081/developer-portal-v3/node_modules/@radix-ui/react-context/dist/index.mjs:27:15)
    at DialogPortal (file:///Users/C5406081/developer-portal-v3/node_modules/@radix-ui/react-dialog/dist/index.mjs:85:11)
    at /Users/C5406081/developer-portal-v3/src/components/ui/dialog.tsx:35:59
    at Provider (file:///Users/C5406081/developer-portal-v3/node_modules/@radix-ui/react-context/dist/index.mjs:27:15)
    at Dialog (file:///Users/C5406081/developer-portal-v3/node_modules/@radix-ui/react-dialog/dist/index.mjs:25:5)
    at CreateDeploymentDialog (/Users/C5406081/developer-portal-v3/src/components/AILaunchpad/CreateDeploymentDialog.tsx:24:3)
Warning: An update to Presence inside a test was not wrapped in act(...).

When testing, code that causes React state updates should be wrapped into act(...):

act(() => {
  /* fire events that update state */
});
/* assert on the output */

This ensures that you're testing the behavior the user would see in the browser. Learn more at https://reactjs.org/link/wrap-tests-with-act
    at Presence (file:///Users/C5406081/developer-portal-v3/node_modules/@radix-ui/react-presence/dist/index.mjs:19:11)
    at Provider (file:///Users/C5406081/developer-portal-v3/node_modules/@radix-ui/react-context/dist/index.mjs:27:15)
    at DialogPortal (file:///Users/C5406081/developer-portal-v3/node_modules/@radix-ui/react-dialog/dist/index.mjs:85:11)
    at /Users/C5406081/developer-portal-v3/src/components/ui/dialog.tsx:35:59
    at Provider (file:///Users/C5406081/developer-portal-v3/node_modules/@radix-ui/react-context/dist/index.mjs:27:15)
    at Dialog (file:///Users/C5406081/developer-portal-v3/node_modules/@radix-ui/react-dialog/dist/index.mjs:25:5)
    at CreateDeploymentDialog (/Users/C5406081/developer-portal-v3/src/components/AILaunchpad/CreateDeploymentDialog.tsx:24:3)
Warning: An update to Select inside a test was not wrapped in act(...).

When testing, code that causes React state updates should be wrapped into act(...):

act(() => {
  /* fire events that update state */
});
/* assert on the output */

This ensures that you're testing the behavior the user would see in the browser. Learn more at https://reactjs.org/link/wrap-tests-with-act
    at Select (file:///Users/C5406081/developer-portal-v3/node_modules/@radix-ui/react-select/dist/index.mjs:42:5)
    at div
    at div
    at file:///Users/C5406081/developer-portal-v3/node_modules/@radix-ui/react-primitive/dist/index.mjs:28:13
    at file:///Users/C5406081/developer-portal-v3/node_modules/@radix-ui/react-dismissable-layer/dist/index.mjs:24:7
    at file:///Users/C5406081/developer-portal-v3/node_modules/@radix-ui/react-primitive/node_modules/@radix-ui/react-slot/dist/index.mjs:33:13
    at file:///Users/C5406081/developer-portal-v3/node_modules/@radix-ui/react-primitive/node_modules/@radix-ui/react-slot/dist/index.mjs:9:13
    at file:///Users/C5406081/developer-portal-v3/node_modules/@radix-ui/react-primitive/dist/index.mjs:28:13
    at file:///Users/C5406081/developer-portal-v3/node_modules/@radix-ui/react-focus-scope/dist/index.mjs:15:5
    at file:///Users/C5406081/developer-portal-v3/node_modules/@radix-ui/react-dialog/dist/index.mjs:206:13
    at file:///Users/C5406081/developer-portal-v3/node_modules/@radix-ui/react-dialog/dist/index.mjs:132:58
    at Presence (file:///Users/C5406081/developer-portal-v3/node_modules/@radix-ui/react-presence/dist/index.mjs:19:11)
    at file:///Users/C5406081/developer-portal-v3/node_modules/@radix-ui/react-dialog/dist/index.mjs:123:64
    at file:///Users/C5406081/developer-portal-v3/node_modules/@radix-ui/react-primitive/node_modules/@radix-ui/react-slot/dist/index.mjs:33:13
    at file:///Users/C5406081/developer-portal-v3/node_modules/@radix-ui/react-primitive/node_modules/@radix-ui/react-slot/dist/index.mjs:9:13
    at file:///Users/C5406081/developer-portal-v3/node_modules/@radix-ui/react-primitive/dist/index.mjs:28:13
    at file:///Users/C5406081/developer-portal-v3/node_modules/@radix-ui/react-portal/dist/index.mjs:11:22
    at Presence (file:///Users/C5406081/developer-portal-v3/node_modules/@radix-ui/react-presence/dist/index.mjs:19:11)
    at Provider (file:///Users/C5406081/developer-portal-v3/node_modules/@radix-ui/react-context/dist/index.mjs:27:15)
    at DialogPortal (file:///Users/C5406081/developer-portal-v3/node_modules/@radix-ui/react-dialog/dist/index.mjs:85:11)
    at /Users/C5406081/developer-portal-v3/src/components/ui/dialog.tsx:35:59
    at Provider (file:///Users/C5406081/developer-portal-v3/node_modules/@radix-ui/react-context/dist/index.mjs:27:15)
    at Dialog (file:///Users/C5406081/developer-portal-v3/node_modules/@radix-ui/react-dialog/dist/index.mjs:25:5)
    at CreateDeploymentDialog (/Users/C5406081/developer-portal-v3/src/components/AILaunchpad/CreateDeploymentDialog.tsx:24:3)
Warning: An update to SelectItemText inside a test was not wrapped in act(...).

When testing, code that causes React state updates should be wrapped into act(...):

act(() => {
  /* fire events that update state */
});
/* assert on the output */

This ensures that you're testing the behavior the user would see in the browser. Learn more at https://reactjs.org/link/wrap-tests-with-act
    at file:///Users/C5406081/developer-portal-v3/node_modules/@radix-ui/react-select/dist/index.mjs:901:13
    at div
    at file:///Users/C5406081/developer-portal-v3/node_modules/@radix-ui/react-primitive/dist/index.mjs:28:13
    at file:///Users/C5406081/developer-portal-v3/node_modules/@radix-ui/react-collection/node_modules/@radix-ui/react-slot/dist/index.mjs:33:13
    at file:///Users/C5406081/developer-portal-v3/node_modules/@radix-ui/react-collection/node_modules/@radix-ui/react-slot/dist/index.mjs:9:13
    at file:///Users/C5406081/developer-portal-v3/node_modules/@radix-ui/react-collection/dist/index.mjs:39:15
    at Provider (file:///Users/C5406081/developer-portal-v3/node_modules/@radix-ui/react-context/dist/index.mjs:27:15)
    at file:///Users/C5406081/developer-portal-v3/node_modules/@radix-ui/react-select/dist/index.mjs:800:7
    at /Users/C5406081/developer-portal-v3/src/components/ui/select.tsx:169:56
    at div
    at file:///Users/C5406081/developer-portal-v3/node_modules/@radix-ui/react-primitive/dist/index.mjs:28:13
    at file:///Users/C5406081/developer-portal-v3/node_modules/@radix-ui/react-collection/node_modules/@radix-ui/react-slot/dist/index.mjs:33:13
    at file:///Users/C5406081/developer-portal-v3/node_modules/@radix-ui/react-collection/node_modules/@radix-ui/react-slot/dist/index.mjs:9:13
    at file:///Users/C5406081/developer-portal-v3/node_modules/@radix-ui/react-collection/dist/index.mjs:27:15
    at file:///Users/C5406081/developer-portal-v3/node_modules/@radix-ui/react-select/dist/index.mjs:711:13
    at div
    at file:///Users/C5406081/developer-portal-v3/node_modules/@radix-ui/react-collection/node_modules/@radix-ui/react-slot/dist/index.mjs:33:13
    at file:///Users/C5406081/developer-portal-v3/node_modules/@radix-ui/react-collection/node_modules/@radix-ui/react-slot/dist/index.mjs:9:13
    at file:///Users/C5406081/developer-portal-v3/node_modules/@radix-ui/react-collection/dist/index.mjs:27:15
    at Provider (file:///Users/C5406081/developer-portal-v3/node_modules/@radix-ui/react-context/dist/index.mjs:27:15)
    at file:///Users/C5406081/developer-portal-v3/node_modules/@radix-ui/react-select/dist/index.mjs:256:58
    at file:///Users/C5406081/developer-portal-v3/node_modules/@radix-ui/react-primitive/node_modules/@radix-ui/react-slot/dist/index.mjs:33:13
    at file:///Users/C5406081/developer-portal-v3/node_modules/@radix-ui/react-primitive/node_modules/@radix-ui/react-slot/dist/index.mjs:9:13
    at file:///Users/C5406081/developer-portal-v3/node_modules/@radix-ui/react-primitive/dist/index.mjs:28:13
    at file:///Users/C5406081/developer-portal-v3/node_modules/@radix-ui/react-portal/dist/index.mjs:11:22
    at SelectPortal
    at /Users/C5406081/developer-portal-v3/src/components/ui/select.tsx:96:59
    at Provider (file:///Users/C5406081/developer-portal-v3/node_modules/@radix-ui/react-context/dist/index.mjs:27:15)
    at Provider (file:///Users/C5406081/developer-portal-v3/node_modules/@radix-ui/react-context/dist/index.mjs:27:15)
    at CollectionProvider (file:///Users/C5406081/developer-portal-v3/node_modules/@radix-ui/react-collection/dist/index.mjs:17:13)
    at Provider (file:///Users/C5406081/developer-portal-v3/node_modules/@radix-ui/react-context/dist/index.mjs:27:15)
    at Provider (file:///Users/C5406081/developer-portal-v3/node_modules/@radix-ui/react-context/dist/index.mjs:27:15)
    at Popper (file:///Users/C5406081/developer-portal-v3/node_modules/@radix-ui/react-popper/dist/index.mjs:30:11)
    at Select (file:///Users/C5406081/developer-portal-v3/node_modules/@radix-ui/react-select/dist/index.mjs:42:5)
    at div
    at div
    at file:///Users/C5406081/developer-portal-v3/node_modules/@radix-ui/react-primitive/dist/index.mjs:28:13
    at file:///Users/C5406081/developer-portal-v3/node_modules/@radix-ui/react-dismissable-layer/dist/index.mjs:24:7
    at file:///Users/C5406081/developer-portal-v3/node_modules/@radix-ui/react-primitive/node_modules/@radix-ui/react-slot/dist/index.mjs:33:13
    at file:///Users/C5406081/developer-portal-v3/node_modules/@radix-ui/react-primitive/node_modules/@radix-ui/react-slot/dist/index.mjs:9:13
    at file:///Users/C5406081/developer-portal-v3/node_modules/@radix-ui/react-primitive/dist/index.mjs:28:13
    at file:///Users/C5406081/developer-portal-v3/node_modules/@radix-ui/react-focus-scope/dist/index.mjs:15:5
    at file:///Users/C5406081/developer-portal-v3/node_modules/@radix-ui/react-dialog/dist/index.mjs:206:13
    at file:///Users/C5406081/developer-portal-v3/node_modules/@radix-ui/react-dialog/dist/index.mjs:132:58
    at Presence (file:///Users/C5406081/developer-portal-v3/node_modules/@radix-ui/react-presence/dist/index.mjs:19:11)
    at file:///Users/C5406081/developer-portal-v3/node_modules/@radix-ui/react-dialog/dist/index.mjs:123:64
    at file:///Users/C5406081/developer-portal-v3/node_modules/@radix-ui/react-primitive/node_modules/@radix-ui/react-slot/dist/index.mjs:33:13
    at file:///Users/C5406081/developer-portal-v3/node_modules/@radix-ui/react-primitive/node_modules/@radix-ui/react-slot/dist/index.mjs:9:13
    at file:///Users/C5406081/developer-portal-v3/node_modules/@radix-ui/react-primitive/dist/index.mjs:28:13
    at file:///Users/C5406081/developer-portal-v3/node_modules/@radix-ui/react-portal/dist/index.mjs:11:22
    at Presence (file:///Users/C5406081/developer-portal-v3/node_modules/@radix-ui/react-presence/dist/index.mjs:19:11)
    at Provider (file:///Users/C5406081/developer-portal-v3/node_modules/@radix-ui/react-context/dist/index.mjs:27:15)
    at DialogPortal (file:///Users/C5406081/developer-portal-v3/node_modules/@radix-ui/react-dialog/dist/index.mjs:85:11)
    at /Users/C5406081/developer-portal-v3/src/components/ui/dialog.tsx:35:59
    at Provider (file:///Users/C5406081/developer-portal-v3/node_modules/@radix-ui/react-context/dist/index.mjs:27:15)
    at Dialog (file:///Users/C5406081/developer-portal-v3/node_modules/@radix-ui/react-dialog/dist/index.mjs:25:5)
    at CreateDeploymentDialog (/Users/C5406081/developer-portal-v3/src/components/AILaunchpad/CreateDeploymentDialog.tsx:24:3)
Warning: An update to SelectItemText inside a test was not wrapped in act(...).

When testing, code that causes React state updates should be wrapped into act(...):

act(() => {
  /* fire events that update state */
});
/* assert on the output */

This ensures that you're testing the behavior the user would see in the browser. Learn more at https://reactjs.org/link/wrap-tests-with-act
    at file:///Users/C5406081/developer-portal-v3/node_modules/@radix-ui/react-select/dist/index.mjs:901:13
    at div
    at file:///Users/C5406081/developer-portal-v3/node_modules/@radix-ui/react-primitive/dist/index.mjs:28:13
    at file:///Users/C5406081/developer-portal-v3/node_modules/@radix-ui/react-collection/node_modules/@radix-ui/react-slot/dist/index.mjs:33:13
    at file:///Users/C5406081/developer-portal-v3/node_modules/@radix-ui/react-collection/node_modules/@radix-ui/react-slot/dist/index.mjs:9:13
    at file:///Users/C5406081/developer-portal-v3/node_modules/@radix-ui/react-collection/dist/index.mjs:39:15
    at Provider (file:///Users/C5406081/developer-portal-v3/node_modules/@radix-ui/react-context/dist/index.mjs:27:15)
    at file:///Users/C5406081/developer-portal-v3/node_modules/@radix-ui/react-select/dist/index.mjs:800:7
    at /Users/C5406081/developer-portal-v3/src/components/ui/select.tsx:169:56
    at div
    at file:///Users/C5406081/developer-portal-v3/node_modules/@radix-ui/react-primitive/dist/index.mjs:28:13
    at file:///Users/C5406081/developer-portal-v3/node_modules/@radix-ui/react-collection/node_modules/@radix-ui/react-slot/dist/index.mjs:33:13
    at file:///Users/C5406081/developer-portal-v3/node_modules/@radix-ui/react-collection/node_modules/@radix-ui/react-slot/dist/index.mjs:9:13
    at file:///Users/C5406081/developer-portal-v3/node_modules/@radix-ui/react-collection/dist/index.mjs:27:15
    at file:///Users/C5406081/developer-portal-v3/node_modules/@radix-ui/react-select/dist/index.mjs:711:13
    at div
    at file:///Users/C5406081/developer-portal-v3/node_modules/@radix-ui/react-collection/node_modules/@radix-ui/react-slot/dist/index.mjs:33:13
    at file:///Users/C5406081/developer-portal-v3/node_modules/@radix-ui/react-collection/node_modules/@radix-ui/react-slot/dist/index.mjs:9:13
    at file:///Users/C5406081/developer-portal-v3/node_modules/@radix-ui/react-collection/dist/index.mjs:27:15
    at Provider (file:///Users/C5406081/developer-portal-v3/node_modules/@radix-ui/react-context/dist/index.mjs:27:15)
    at file:///Users/C5406081/developer-portal-v3/node_modules/@radix-ui/react-select/dist/index.mjs:256:58
    at file:///Users/C5406081/developer-portal-v3/node_modules/@radix-ui/react-primitive/node_modules/@radix-ui/react-slot/dist/index.mjs:33:13
    at file:///Users/C5406081/developer-portal-v3/node_modules/@radix-ui/react-primitive/node_modules/@radix-ui/react-slot/dist/index.mjs:9:13
    at file:///Users/C5406081/developer-portal-v3/node_modules/@radix-ui/react-primitive/dist/index.mjs:28:13
    at file:///Users/C5406081/developer-portal-v3/node_modules/@radix-ui/react-portal/dist/index.mjs:11:22
    at SelectPortal
    at /Users/C5406081/developer-portal-v3/src/components/ui/select.tsx:96:59
    at Provider (file:///Users/C5406081/developer-portal-v3/node_modules/@radix-ui/react-context/dist/index.mjs:27:15)
    at Provider (file:///Users/C5406081/developer-portal-v3/node_modules/@radix-ui/react-context/dist/index.mjs:27:15)
    at CollectionProvider (file:///Users/C5406081/developer-portal-v3/node_modules/@radix-ui/react-collection/dist/index.mjs:17:13)
    at Provider (file:///Users/C5406081/developer-portal-v3/node_modules/@radix-ui/react-context/dist/index.mjs:27:15)
    at Provider (file:///Users/C5406081/developer-portal-v3/node_modules/@radix-ui/react-context/dist/index.mjs:27:15)
    at Popper (file:///Users/C5406081/developer-portal-v3/node_modules/@radix-ui/react-popper/dist/index.mjs:30:11)
    at Select (file:///Users/C5406081/developer-portal-v3/node_modules/@radix-ui/react-select/dist/index.mjs:42:5)
    at div
    at div
    at file:///Users/C5406081/developer-portal-v3/node_modules/@radix-ui/react-primitive/dist/index.mjs:28:13
    at file:///Users/C5406081/developer-portal-v3/node_modules/@radix-ui/react-dismissable-layer/dist/index.mjs:24:7
    at file:///Users/C5406081/developer-portal-v3/node_modules/@radix-ui/react-primitive/node_modules/@radix-ui/react-slot/dist/index.mjs:33:13
    at file:///Users/C5406081/developer-portal-v3/node_modules/@radix-ui/react-primitive/node_modules/@radix-ui/react-slot/dist/index.mjs:9:13
    at file:///Users/C5406081/developer-portal-v3/node_modules/@radix-ui/react-primitive/dist/index.mjs:28:13
    at file:///Users/C5406081/developer-portal-v3/node_modules/@radix-ui/react-focus-scope/dist/index.mjs:15:5
    at file:///Users/C5406081/developer-portal-v3/node_modules/@radix-ui/react-dialog/dist/index.mjs:206:13
    at file:///Users/C5406081/developer-portal-v3/node_modules/@radix-ui/react-dialog/dist/index.mjs:132:58
    at Presence (file:///Users/C5406081/developer-portal-v3/node_modules/@radix-ui/react-presence/dist/index.mjs:19:11)
    at file:///Users/C5406081/developer-portal-v3/node_modules/@radix-ui/react-dialog/dist/index.mjs:123:64
    at file:///Users/C5406081/developer-portal-v3/node_modules/@radix-ui/react-primitive/node_modules/@radix-ui/react-slot/dist/index.mjs:33:13
    at file:///Users/C5406081/developer-portal-v3/node_modules/@radix-ui/react-primitive/node_modules/@radix-ui/react-slot/dist/index.mjs:9:13
    at file:///Users/C5406081/developer-portal-v3/node_modules/@radix-ui/react-primitive/dist/index.mjs:28:13
    at file:///Users/C5406081/developer-portal-v3/node_modules/@radix-ui/react-portal/dist/index.mjs:11:22
    at Presence (file:///Users/C5406081/developer-portal-v3/node_modules/@radix-ui/react-presence/dist/index.mjs:19:11)
    at Provider (file:///Users/C5406081/developer-portal-v3/node_modules/@radix-ui/react-context/dist/index.mjs:27:15)
    at DialogPortal (file:///Users/C5406081/developer-portal-v3/node_modules/@radix-ui/react-dialog/dist/index.mjs:85:11)
    at /Users/C5406081/developer-portal-v3/src/components/ui/dialog.tsx:35:59
    at Provider (file:///Users/C5406081/developer-portal-v3/node_modules/@radix-ui/react-context/dist/index.mjs:27:15)
    at Dialog (file:///Users/C5406081/developer-portal-v3/node_modules/@radix-ui/react-dialog/dist/index.mjs:25:5)
    at CreateDeploymentDialog (/Users/C5406081/developer-portal-v3/src/components/AILaunchpad/CreateDeploymentDialog.tsx:24:3)
Warning: An update to FocusScope inside a test was not wrapped in act(...).

When testing, code that causes React state updates should be wrapped into act(...):

act(() => {
  /* fire events that update state */
});
/* assert on the output */

This ensures that you're testing the behavior the user would see in the browser. Learn more at https://reactjs.org/link/wrap-tests-with-act
    at file:///Users/C5406081/developer-portal-v3/node_modules/@radix-ui/react-focus-scope/dist/index.mjs:15:5
    at file:///Users/C5406081/developer-portal-v3/node_modules/@radix-ui/react-dialog/dist/index.mjs:206:13
    at file:///Users/C5406081/developer-portal-v3/node_modules/@radix-ui/react-dialog/dist/index.mjs:132:58
    at Presence (file:///Users/C5406081/developer-portal-v3/node_modules/@radix-ui/react-presence/dist/index.mjs:19:11)
    at file:///Users/C5406081/developer-portal-v3/node_modules/@radix-ui/react-dialog/dist/index.mjs:123:64
    at file:///Users/C5406081/developer-portal-v3/node_modules/@radix-ui/react-primitive/node_modules/@radix-ui/react-slot/dist/index.mjs:33:13
    at file:///Users/C5406081/developer-portal-v3/node_modules/@radix-ui/react-primitive/node_modules/@radix-ui/react-slot/dist/index.mjs:9:13
    at file:///Users/C5406081/developer-portal-v3/node_modules/@radix-ui/react-primitive/dist/index.mjs:28:13
    at file:///Users/C5406081/developer-portal-v3/node_modules/@radix-ui/react-portal/dist/index.mjs:11:22
    at Presence (file:///Users/C5406081/developer-portal-v3/node_modules/@radix-ui/react-presence/dist/index.mjs:19:11)
    at Provider (file:///Users/C5406081/developer-portal-v3/node_modules/@radix-ui/react-context/dist/index.mjs:27:15)
    at DialogPortal (file:///Users/C5406081/developer-portal-v3/node_modules/@radix-ui/react-dialog/dist/index.mjs:85:11)
    at /Users/C5406081/developer-portal-v3/src/components/ui/dialog.tsx:35:59
    at Provider (file:///Users/C5406081/developer-portal-v3/node_modules/@radix-ui/react-context/dist/index.mjs:27:15)
    at Dialog (file:///Users/C5406081/developer-portal-v3/node_modules/@radix-ui/react-dialog/dist/index.mjs:25:5)
    at CreateDeploymentDialog (/Users/C5406081/developer-portal-v3/src/components/AILaunchpad/CreateDeploymentDialog.tsx:24:3)
Warning: An update to Presence inside a test was not wrapped in act(...).

When testing, code that causes React state updates should be wrapped into act(...):

act(() => {
  /* fire events that update state */
});
/* assert on the output */

This ensures that you're testing the behavior the user would see in the browser. Learn more at https://reactjs.org/link/wrap-tests-with-act
    at Presence (file:///Users/C5406081/developer-portal-v3/node_modules/@radix-ui/react-presence/dist/index.mjs:19:11)
    at file:///Users/C5406081/developer-portal-v3/node_modules/@radix-ui/react-dialog/dist/index.mjs:123:64
    at file:///Users/C5406081/developer-portal-v3/node_modules/@radix-ui/react-primitive/node_modules/@radix-ui/react-slot/dist/index.mjs:33:13
    at file:///Users/C5406081/developer-portal-v3/node_modules/@radix-ui/react-primitive/node_modules/@radix-ui/react-slot/dist/index.mjs:9:13
    at file:///Users/C5406081/developer-portal-v3/node_modules/@radix-ui/react-primitive/dist/index.mjs:28:13
    at file:///Users/C5406081/developer-portal-v3/node_modules/@radix-ui/react-portal/dist/index.mjs:11:22
    at Presence (file:///Users/C5406081/developer-portal-v3/node_modules/@radix-ui/react-presence/dist/index.mjs:19:11)
    at Provider (file:///Users/C5406081/developer-portal-v3/node_modules/@radix-ui/react-context/dist/index.mjs:27:15)
    at DialogPortal (file:///Users/C5406081/developer-portal-v3/node_modules/@radix-ui/react-dialog/dist/index.mjs:85:11)
    at /Users/C5406081/developer-portal-v3/src/components/ui/dialog.tsx:35:59
    at Provider (file:///Users/C5406081/developer-portal-v3/node_modules/@radix-ui/react-context/dist/index.mjs:27:15)
    at Dialog (file:///Users/C5406081/developer-portal-v3/node_modules/@radix-ui/react-dialog/dist/index.mjs:25:5)
    at CreateDeploymentDialog (/Users/C5406081/developer-portal-v3/src/components/AILaunchpad/CreateDeploymentDialog.tsx:24:3)
Warning: An update to Presence inside a test was not wrapped in act(...).

When testing, code that causes React state updates should be wrapped into act(...):

act(() => {
  /* fire events that update state */
});
/* assert on the output */

This ensures that you're testing the behavior the user would see in the browser. Learn more at https://reactjs.org/link/wrap-tests-with-act
    at Presence (file:///Users/C5406081/developer-portal-v3/node_modules/@radix-ui/react-presence/dist/index.mjs:19:11)
    at Provider (file:///Users/C5406081/developer-portal-v3/node_modules/@radix-ui/react-context/dist/index.mjs:27:15)
    at DialogPortal (file:///Users/C5406081/developer-portal-v3/node_modules/@radix-ui/react-dialog/dist/index.mjs:85:11)
    at /Users/C5406081/developer-portal-v3/src/components/ui/dialog.tsx:35:59
    at Provider (file:///Users/C5406081/developer-portal-v3/node_modules/@radix-ui/react-context/dist/index.mjs:27:15)
    at Dialog (file:///Users/C5406081/developer-portal-v3/node_modules/@radix-ui/react-dialog/dist/index.mjs:25:5)
    at CreateDeploymentDialog (/Users/C5406081/developer-portal-v3/src/components/AILaunchpad/CreateDeploymentDialog.tsx:24:3)
Warning: An update to DismissableLayer inside a test was not wrapped in act(...).

When testing, code that causes React state updates should be wrapped into act(...):

act(() => {
  /* fire events that update state */
});
/* assert on the output */

This ensures that you're testing the behavior the user would see in the browser. Learn more at https://reactjs.org/link/wrap-tests-with-act
    at file:///Users/C5406081/developer-portal-v3/node_modules/@radix-ui/react-dismissable-layer/dist/index.mjs:24:7
    at file:///Users/C5406081/developer-portal-v3/node_modules/@radix-ui/react-primitive/node_modules/@radix-ui/react-slot/dist/index.mjs:33:13
    at file:///Users/C5406081/developer-portal-v3/node_modules/@radix-ui/react-primitive/node_modules/@radix-ui/react-slot/dist/index.mjs:9:13
    at file:///Users/C5406081/developer-portal-v3/node_modules/@radix-ui/react-primitive/dist/index.mjs:28:13
    at file:///Users/C5406081/developer-portal-v3/node_modules/@radix-ui/react-focus-scope/dist/index.mjs:15:5
    at file:///Users/C5406081/developer-portal-v3/node_modules/@radix-ui/react-dialog/dist/index.mjs:206:13
    at file:///Users/C5406081/developer-portal-v3/node_modules/@radix-ui/react-dialog/dist/index.mjs:132:58
    at Presence (file:///Users/C5406081/developer-portal-v3/node_modules/@radix-ui/react-presence/dist/index.mjs:19:11)
    at file:///Users/C5406081/developer-portal-v3/node_modules/@radix-ui/react-dialog/dist/index.mjs:123:64
    at file:///Users/C5406081/developer-portal-v3/node_modules/@radix-ui/react-primitive/node_modules/@radix-ui/react-slot/dist/index.mjs:33:13
    at file:///Users/C5406081/developer-portal-v3/node_modules/@radix-ui/react-primitive/node_modules/@radix-ui/react-slot/dist/index.mjs:9:13
    at file:///Users/C5406081/developer-portal-v3/node_modules/@radix-ui/react-primitive/dist/index.mjs:28:13
    at file:///Users/C5406081/developer-portal-v3/node_modules/@radix-ui/react-portal/dist/index.mjs:11:22
    at Presence (file:///Users/C5406081/developer-portal-v3/node_modules/@radix-ui/react-presence/dist/index.mjs:19:11)
    at Provider (file:///Users/C5406081/developer-portal-v3/node_modules/@radix-ui/react-context/dist/index.mjs:27:15)
    at DialogPortal (file:///Users/C5406081/developer-portal-v3/node_modules/@radix-ui/react-dialog/dist/index.mjs:85:11)
    at /Users/C5406081/developer-portal-v3/src/components/ui/dialog.tsx:35:59
    at Provider (file:///Users/C5406081/developer-portal-v3/node_modules/@radix-ui/react-context/dist/index.mjs:27:15)
    at Dialog (file:///Users/C5406081/developer-portal-v3/node_modules/@radix-ui/react-dialog/dist/index.mjs:25:5)
    at CreateDeploymentDialog (/Users/C5406081/developer-portal-v3/src/components/AILaunchpad/CreateDeploymentDialog.tsx:24:3)
Warning: An update to Presence inside a test was not wrapped in act(...).

When testing, code that causes React state updates should be wrapped into act(...):

act(() => {
  /* fire events that update state */
});
/* assert on the output */

This ensures that you're testing the behavior the user would see in the browser. Learn more at https://reactjs.org/link/wrap-tests-with-act
    at Presence (file:///Users/C5406081/developer-portal-v3/node_modules/@radix-ui/react-presence/dist/index.mjs:19:11)
    at file:///Users/C5406081/developer-portal-v3/node_modules/@radix-ui/react-dialog/dist/index.mjs:93:64
    at /Users/C5406081/developer-portal-v3/src/components/ui/dialog.tsx:15:59
    at file:///Users/C5406081/developer-portal-v3/node_modules/@radix-ui/react-primitive/node_modules/@radix-ui/react-slot/dist/index.mjs:33:13
    at file:///Users/C5406081/developer-portal-v3/node_modules/@radix-ui/react-primitive/node_modules/@radix-ui/react-slot/dist/index.mjs:9:13
    at file:///Users/C5406081/developer-portal-v3/node_modules/@radix-ui/react-primitive/dist/index.mjs:28:13
    at file:///Users/C5406081/developer-portal-v3/node_modules/@radix-ui/react-portal/dist/index.mjs:11:22
    at Presence (file:///Users/C5406081/developer-portal-v3/node_modules/@radix-ui/react-presence/dist/index.mjs:19:11)
    at Provider (file:///Users/C5406081/developer-portal-v3/node_modules/@radix-ui/react-context/dist/index.mjs:27:15)
    at DialogPortal (file:///Users/C5406081/developer-portal-v3/node_modules/@radix-ui/react-dialog/dist/index.mjs:85:11)
    at /Users/C5406081/developer-portal-v3/src/components/ui/dialog.tsx:35:59
    at Provider (file:///Users/C5406081/developer-portal-v3/node_modules/@radix-ui/react-context/dist/index.mjs:27:15)
    at Dialog (file:///Users/C5406081/developer-portal-v3/node_modules/@radix-ui/react-dialog/dist/index.mjs:25:5)
    at CreateDeploymentDialog (/Users/C5406081/developer-portal-v3/src/components/AILaunchpad/CreateDeploymentDialog.tsx:24:3)
Warning: An update to Presence inside a test was not wrapped in act(...).

When testing, code that causes React state updates should be wrapped into act(...):

act(() => {
  /* fire events that update state */
});
/* assert on the output */

This ensures that you're testing the behavior the user would see in the browser. Learn more at https://reactjs.org/link/wrap-tests-with-act
    at Presence (file:///Users/C5406081/developer-portal-v3/node_modules/@radix-ui/react-presence/dist/index.mjs:19:11)
    at Provider (file:///Users/C5406081/developer-portal-v3/node_modules/@radix-ui/react-context/dist/index.mjs:27:15)
    at DialogPortal (file:///Users/C5406081/developer-portal-v3/node_modules/@radix-ui/react-dialog/dist/index.mjs:85:11)
    at /Users/C5406081/developer-portal-v3/src/components/ui/dialog.tsx:35:59
    at Provider (file:///Users/C5406081/developer-portal-v3/node_modules/@radix-ui/react-context/dist/index.mjs:27:15)
    at Dialog (file:///Users/C5406081/developer-portal-v3/node_modules/@radix-ui/react-dialog/dist/index.mjs:25:5)
    at CreateDeploymentDialog (/Users/C5406081/developer-portal-v3/src/components/AILaunchpad/CreateDeploymentDialog.tsx:24:3)
Warning: An update to Select inside a test was not wrapped in act(...).

When testing, code that causes React state updates should be wrapped into act(...):

act(() => {
  /* fire events that update state */
});
/* assert on the output */

This ensures that you're testing the behavior the user would see in the browser. Learn more at https://reactjs.org/link/wrap-tests-with-act
    at Select (file:///Users/C5406081/developer-portal-v3/node_modules/@radix-ui/react-select/dist/index.mjs:42:5)
    at div
    at div
    at file:///Users/C5406081/developer-portal-v3/node_modules/@radix-ui/react-primitive/dist/index.mjs:28:13
    at file:///Users/C5406081/developer-portal-v3/node_modules/@radix-ui/react-dismissable-layer/dist/index.mjs:24:7
    at file:///Users/C5406081/developer-portal-v3/node_modules/@radix-ui/react-primitive/node_modules/@radix-ui/react-slot/dist/index.mjs:33:13
    at file:///Users/C5406081/developer-portal-v3/node_modules/@radix-ui/react-primitive/node_modules/@radix-ui/react-slot/dist/index.mjs:9:13
    at file:///Users/C5406081/developer-portal-v3/node_modules/@radix-ui/react-primitive/dist/index.mjs:28:13
    at file:///Users/C5406081/developer-portal-v3/node_modules/@radix-ui/react-focus-scope/dist/index.mjs:15:5
    at file:///Users/C5406081/developer-portal-v3/node_modules/@radix-ui/react-dialog/dist/index.mjs:206:13
    at file:///Users/C5406081/developer-portal-v3/node_modules/@radix-ui/react-dialog/dist/index.mjs:132:58
    at Presence (file:///Users/C5406081/developer-portal-v3/node_modules/@radix-ui/react-presence/dist/index.mjs:19:11)
    at file:///Users/C5406081/developer-portal-v3/node_modules/@radix-ui/react-dialog/dist/index.mjs:123:64
    at file:///Users/C5406081/developer-portal-v3/node_modules/@radix-ui/react-primitive/node_modules/@radix-ui/react-slot/dist/index.mjs:33:13
    at file:///Users/C5406081/developer-portal-v3/node_modules/@radix-ui/react-primitive/node_modules/@radix-ui/react-slot/dist/index.mjs:9:13
    at file:///Users/C5406081/developer-portal-v3/node_modules/@radix-ui/react-primitive/dist/index.mjs:28:13
    at file:///Users/C5406081/developer-portal-v3/node_modules/@radix-ui/react-portal/dist/index.mjs:11:22
    at Presence (file:///Users/C5406081/developer-portal-v3/node_modules/@radix-ui/react-presence/dist/index.mjs:19:11)
    at Provider (file:///Users/C5406081/developer-portal-v3/node_modules/@radix-ui/react-context/dist/index.mjs:27:15)
    at DialogPortal (file:///Users/C5406081/developer-portal-v3/node_modules/@radix-ui/react-dialog/dist/index.mjs:85:11)
    at /Users/C5406081/developer-portal-v3/src/components/ui/dialog.tsx:35:59
    at Provider (file:///Users/C5406081/developer-portal-v3/node_modules/@radix-ui/react-context/dist/index.mjs:27:15)
    at Dialog (file:///Users/C5406081/developer-portal-v3/node_modules/@radix-ui/react-dialog/dist/index.mjs:25:5)
    at CreateDeploymentDialog (/Users/C5406081/developer-portal-v3/src/components/AILaunchpad/CreateDeploymentDialog.tsx:24:3)
Warning: An update to SelectItemText inside a test was not wrapped in act(...).

When testing, code that causes React state updates should be wrapped into act(...):

act(() => {
  /* fire events that update state */
});
/* assert on the output */

This ensures that you're testing the behavior the user would see in the browser. Learn more at https://reactjs.org/link/wrap-tests-with-act
    at file:///Users/C5406081/developer-portal-v3/node_modules/@radix-ui/react-select/dist/index.mjs:901:13
    at div
    at file:///Users/C5406081/developer-portal-v3/node_modules/@radix-ui/react-primitive/dist/index.mjs:28:13
    at file:///Users/C5406081/developer-portal-v3/node_modules/@radix-ui/react-collection/node_modules/@radix-ui/react-slot/dist/index.mjs:33:13
    at file:///Users/C5406081/developer-portal-v3/node_modules/@radix-ui/react-collection/node_modules/@radix-ui/react-slot/dist/index.mjs:9:13
    at file:///Users/C5406081/developer-portal-v3/node_modules/@radix-ui/react-collection/dist/index.mjs:39:15
    at Provider (file:///Users/C5406081/developer-portal-v3/node_modules/@radix-ui/react-context/dist/index.mjs:27:15)
    at file:///Users/C5406081/developer-portal-v3/node_modules/@radix-ui/react-select/dist/index.mjs:800:7
    at /Users/C5406081/developer-portal-v3/src/components/ui/select.tsx:169:56
    at div
    at file:///Users/C5406081/developer-portal-v3/node_modules/@radix-ui/react-primitive/dist/index.mjs:28:13
    at file:///Users/C5406081/developer-portal-v3/node_modules/@radix-ui/react-collection/node_modules/@radix-ui/react-slot/dist/index.mjs:33:13
    at file:///Users/C5406081/developer-portal-v3/node_modules/@radix-ui/react-collection/node_modules/@radix-ui/react-slot/dist/index.mjs:9:13
    at file:///Users/C5406081/developer-portal-v3/node_modules/@radix-ui/react-collection/dist/index.mjs:27:15
    at file:///Users/C5406081/developer-portal-v3/node_modules/@radix-ui/react-select/dist/index.mjs:711:13
    at div
    at file:///Users/C5406081/developer-portal-v3/node_modules/@radix-ui/react-collection/node_modules/@radix-ui/react-slot/dist/index.mjs:33:13
    at file:///Users/C5406081/developer-portal-v3/node_modules/@radix-ui/react-collection/node_modules/@radix-ui/react-slot/dist/index.mjs:9:13
    at file:///Users/C5406081/developer-portal-v3/node_modules/@radix-ui/react-collection/dist/index.mjs:27:15
    at Provider (file:///Users/C5406081/developer-portal-v3/node_modules/@radix-ui/react-context/dist/index.mjs:27:15)
    at file:///Users/C5406081/developer-portal-v3/node_modules/@radix-ui/react-select/dist/index.mjs:256:58
    at file:///Users/C5406081/developer-portal-v3/node_modules/@radix-ui/react-primitive/node_modules/@radix-ui/react-slot/dist/index.mjs:33:13
    at file:///Users/C5406081/developer-portal-v3/node_modules/@radix-ui/react-primitive/node_modules/@radix-ui/react-slot/dist/index.mjs:9:13
    at file:///Users/C5406081/developer-portal-v3/node_modules/@radix-ui/react-primitive/dist/index.mjs:28:13
    at file:///Users/C5406081/developer-portal-v3/node_modules/@radix-ui/react-portal/dist/index.mjs:11:22
    at SelectPortal
    at /Users/C5406081/developer-portal-v3/src/components/ui/select.tsx:96:59
    at Provider (file:///Users/C5406081/developer-portal-v3/node_modules/@radix-ui/react-context/dist/index.mjs:27:15)
    at Provider (file:///Users/C5406081/developer-portal-v3/node_modules/@radix-ui/react-context/dist/index.mjs:27:15)
    at CollectionProvider (file:///Users/C5406081/developer-portal-v3/node_modules/@radix-ui/react-collection/dist/index.mjs:17:13)
    at Provider (file:///Users/C5406081/developer-portal-v3/node_modules/@radix-ui/react-context/dist/index.mjs:27:15)
    at Provider (file:///Users/C5406081/developer-portal-v3/node_modules/@radix-ui/react-context/dist/index.mjs:27:15)
    at Popper (file:///Users/C5406081/developer-portal-v3/node_modules/@radix-ui/react-popper/dist/index.mjs:30:11)
    at Select (file:///Users/C5406081/developer-portal-v3/node_modules/@radix-ui/react-select/dist/index.mjs:42:5)
    at div
    at div
    at file:///Users/C5406081/developer-portal-v3/node_modules/@radix-ui/react-primitive/dist/index.mjs:28:13
    at file:///Users/C5406081/developer-portal-v3/node_modules/@radix-ui/react-dismissable-layer/dist/index.mjs:24:7
    at file:///Users/C5406081/developer-portal-v3/node_modules/@radix-ui/react-primitive/node_modules/@radix-ui/react-slot/dist/index.mjs:33:13
    at file:///Users/C5406081/developer-portal-v3/node_modules/@radix-ui/react-primitive/node_modules/@radix-ui/react-slot/dist/index.mjs:9:13
    at file:///Users/C5406081/developer-portal-v3/node_modules/@radix-ui/react-primitive/dist/index.mjs:28:13
    at file:///Users/C5406081/developer-portal-v3/node_modules/@radix-ui/react-focus-scope/dist/index.mjs:15:5
    at file:///Users/C5406081/developer-portal-v3/node_modules/@radix-ui/react-dialog/dist/index.mjs:206:13
    at file:///Users/C5406081/developer-portal-v3/node_modules/@radix-ui/react-dialog/dist/index.mjs:132:58
    at Presence (file:///Users/C5406081/developer-portal-v3/node_modules/@radix-ui/react-presence/dist/index.mjs:19:11)
    at file:///Users/C5406081/developer-portal-v3/node_modules/@radix-ui/react-dialog/dist/index.mjs:123:64
    at file:///Users/C5406081/developer-portal-v3/node_modules/@radix-ui/react-primitive/node_modules/@radix-ui/react-slot/dist/index.mjs:33:13
    at file:///Users/C5406081/developer-portal-v3/node_modules/@radix-ui/react-primitive/node_modules/@radix-ui/react-slot/dist/index.mjs:9:13
    at file:///Users/C5406081/developer-portal-v3/node_modules/@radix-ui/react-primitive/dist/index.mjs:28:13
    at file:///Users/C5406081/developer-portal-v3/node_modules/@radix-ui/react-portal/dist/index.mjs:11:22
    at Presence (file:///Users/C5406081/developer-portal-v3/node_modules/@radix-ui/react-presence/dist/index.mjs:19:11)
    at Provider (file:///Users/C5406081/developer-portal-v3/node_modules/@radix-ui/react-context/dist/index.mjs:27:15)
    at DialogPortal (file:///Users/C5406081/developer-portal-v3/node_modules/@radix-ui/react-dialog/dist/index.mjs:85:11)
    at /Users/C5406081/developer-portal-v3/src/components/ui/dialog.tsx:35:59
    at Provider (file:///Users/C5406081/developer-portal-v3/node_modules/@radix-ui/react-context/dist/index.mjs:27:15)
    at Dialog (file:///Users/C5406081/developer-portal-v3/node_modules/@radix-ui/react-dialog/dist/index.mjs:25:5)
    at CreateDeploymentDialog (/Users/C5406081/developer-portal-v3/src/components/AILaunchpad/CreateDeploymentDialog.tsx:24:3)
Warning: An update to SelectItemText inside a test was not wrapped in act(...).

When testing, code that causes React state updates should be wrapped into act(...):

act(() => {
  /* fire events that update state */
});
/* assert on the output */

This ensures that you're testing the behavior the user would see in the browser. Learn more at https://reactjs.org/link/wrap-tests-with-act
    at file:///Users/C5406081/developer-portal-v3/node_modules/@radix-ui/react-select/dist/index.mjs:901:13
    at div
    at file:///Users/C5406081/developer-portal-v3/node_modules/@radix-ui/react-primitive/dist/index.mjs:28:13
    at file:///Users/C5406081/developer-portal-v3/node_modules/@radix-ui/react-collection/node_modules/@radix-ui/react-slot/dist/index.mjs:33:13
    at file:///Users/C5406081/developer-portal-v3/node_modules/@radix-ui/react-collection/node_modules/@radix-ui/react-slot/dist/index.mjs:9:13
    at file:///Users/C5406081/developer-portal-v3/node_modules/@radix-ui/react-collection/dist/index.mjs:39:15
    at Provider (file:///Users/C5406081/developer-portal-v3/node_modules/@radix-ui/react-context/dist/index.mjs:27:15)
    at file:///Users/C5406081/developer-portal-v3/node_modules/@radix-ui/react-select/dist/index.mjs:800:7
    at /Users/C5406081/developer-portal-v3/src/components/ui/select.tsx:169:56
    at div
    at file:///Users/C5406081/developer-portal-v3/node_modules/@radix-ui/react-primitive/dist/index.mjs:28:13
    at file:///Users/C5406081/developer-portal-v3/node_modules/@radix-ui/react-collection/node_modules/@radix-ui/react-slot/dist/index.mjs:33:13
    at file:///Users/C5406081/developer-portal-v3/node_modules/@radix-ui/react-collection/node_modules/@radix-ui/react-slot/dist/index.mjs:9:13
    at file:///Users/C5406081/developer-portal-v3/node_modules/@radix-ui/react-collection/dist/index.mjs:27:15
    at file:///Users/C5406081/developer-portal-v3/node_modules/@radix-ui/react-select/dist/index.mjs:711:13
    at div
    at file:///Users/C5406081/developer-portal-v3/node_modules/@radix-ui/react-collection/node_modules/@radix-ui/react-slot/dist/index.mjs:33:13
    at file:///Users/C5406081/developer-portal-v3/node_modules/@radix-ui/react-collection/node_modules/@radix-ui/react-slot/dist/index.mjs:9:13
    at file:///Users/C5406081/developer-portal-v3/node_modules/@radix-ui/react-collection/dist/index.mjs:27:15
    at Provider (file:///Users/C5406081/developer-portal-v3/node_modules/@radix-ui/react-context/dist/index.mjs:27:15)
    at file:///Users/C5406081/developer-portal-v3/node_modules/@radix-ui/react-select/dist/index.mjs:256:58
    at file:///Users/C5406081/developer-portal-v3/node_modules/@radix-ui/react-primitive/node_modules/@radix-ui/react-slot/dist/index.mjs:33:13
    at file:///Users/C5406081/developer-portal-v3/node_modules/@radix-ui/react-primitive/node_modules/@radix-ui/react-slot/dist/index.mjs:9:13
    at file:///Users/C5406081/developer-portal-v3/node_modules/@radix-ui/react-primitive/dist/index.mjs:28:13
    at file:///Users/C5406081/developer-portal-v3/node_modules/@radix-ui/react-portal/dist/index.mjs:11:22
    at SelectPortal
    at /Users/C5406081/developer-portal-v3/src/components/ui/select.tsx:96:59
    at Provider (file:///Users/C5406081/developer-portal-v3/node_modules/@radix-ui/react-context/dist/index.mjs:27:15)
    at Provider (file:///Users/C5406081/developer-portal-v3/node_modules/@radix-ui/react-context/dist/index.mjs:27:15)
    at CollectionProvider (file:///Users/C5406081/developer-portal-v3/node_modules/@radix-ui/react-collection/dist/index.mjs:17:13)
    at Provider (file:///Users/C5406081/developer-portal-v3/node_modules/@radix-ui/react-context/dist/index.mjs:27:15)
    at Provider (file:///Users/C5406081/developer-portal-v3/node_modules/@radix-ui/react-context/dist/index.mjs:27:15)
    at Popper (file:///Users/C5406081/developer-portal-v3/node_modules/@radix-ui/react-popper/dist/index.mjs:30:11)
    at Select (file:///Users/C5406081/developer-portal-v3/node_modules/@radix-ui/react-select/dist/index.mjs:42:5)
    at div
    at div
    at file:///Users/C5406081/developer-portal-v3/node_modules/@radix-ui/react-primitive/dist/index.mjs:28:13
    at file:///Users/C5406081/developer-portal-v3/node_modules/@radix-ui/react-dismissable-layer/dist/index.mjs:24:7
    at file:///Users/C5406081/developer-portal-v3/node_modules/@radix-ui/react-primitive/node_modules/@radix-ui/react-slot/dist/index.mjs:33:13
    at file:///Users/C5406081/developer-portal-v3/node_modules/@radix-ui/react-primitive/node_modules/@radix-ui/react-slot/dist/index.mjs:9:13
    at file:///Users/C5406081/developer-portal-v3/node_modules/@radix-ui/react-primitive/dist/index.mjs:28:13
    at file:///Users/C5406081/developer-portal-v3/node_modules/@radix-ui/react-focus-scope/dist/index.mjs:15:5
    at file:///Users/C5406081/developer-portal-v3/node_modules/@radix-ui/react-dialog/dist/index.mjs:206:13
    at file:///Users/C5406081/developer-portal-v3/node_modules/@radix-ui/react-dialog/dist/index.mjs:132:58
    at Presence (file:///Users/C5406081/developer-portal-v3/node_modules/@radix-ui/react-presence/dist/index.mjs:19:11)
    at file:///Users/C5406081/developer-portal-v3/node_modules/@radix-ui/react-dialog/dist/index.mjs:123:64
    at file:///Users/C5406081/developer-portal-v3/node_modules/@radix-ui/react-primitive/node_modules/@radix-ui/react-slot/dist/index.mjs:33:13
    at file:///Users/C5406081/developer-portal-v3/node_modules/@radix-ui/react-primitive/node_modules/@radix-ui/react-slot/dist/index.mjs:9:13
    at file:///Users/C5406081/developer-portal-v3/node_modules/@radix-ui/react-primitive/dist/index.mjs:28:13
    at file:///Users/C5406081/developer-portal-v3/node_modules/@radix-ui/react-portal/dist/index.mjs:11:22
    at Presence (file:///Users/C5406081/developer-portal-v3/node_modules/@radix-ui/react-presence/dist/index.mjs:19:11)
    at Provider (file:///Users/C5406081/developer-portal-v3/node_modules/@radix-ui/react-context/dist/index.mjs:27:15)
    at DialogPortal (file:///Users/C5406081/developer-portal-v3/node_modules/@radix-ui/react-dialog/dist/index.mjs:85:11)
    at /Users/C5406081/developer-portal-v3/src/components/ui/dialog.tsx:35:59
    at Provider (file:///Users/C5406081/developer-portal-v3/node_modules/@radix-ui/react-context/dist/index.mjs:27:15)
    at Dialog (file:///Users/C5406081/developer-portal-v3/node_modules/@radix-ui/react-dialog/dist/index.mjs:25:5)
    at CreateDeploymentDialog (/Users/C5406081/developer-portal-v3/src/components/AILaunchpad/CreateDeploymentDialog.tsx:24:3)
Warning: An update to FocusScope inside a test was not wrapped in act(...).

When testing, code that causes React state updates should be wrapped into act(...):

act(() => {
  /* fire events that update state */
});
/* assert on the output */

This ensures that you're testing the behavior the user would see in the browser. Learn more at https://reactjs.org/link/wrap-tests-with-act
    at file:///Users/C5406081/developer-portal-v3/node_modules/@radix-ui/react-focus-scope/dist/index.mjs:15:5
    at file:///Users/C5406081/developer-portal-v3/node_modules/@radix-ui/react-dialog/dist/index.mjs:206:13
    at file:///Users/C5406081/developer-portal-v3/node_modules/@radix-ui/react-dialog/dist/index.mjs:132:58
    at Presence (file:///Users/C5406081/developer-portal-v3/node_modules/@radix-ui/react-presence/dist/index.mjs:19:11)
    at file:///Users/C5406081/developer-portal-v3/node_modules/@radix-ui/react-dialog/dist/index.mjs:123:64
    at file:///Users/C5406081/developer-portal-v3/node_modules/@radix-ui/react-primitive/node_modules/@radix-ui/react-slot/dist/index.mjs:33:13
    at file:///Users/C5406081/developer-portal-v3/node_modules/@radix-ui/react-primitive/node_modules/@radix-ui/react-slot/dist/index.mjs:9:13
    at file:///Users/C5406081/developer-portal-v3/node_modules/@radix-ui/react-primitive/dist/index.mjs:28:13
    at file:///Users/C5406081/developer-portal-v3/node_modules/@radix-ui/react-portal/dist/index.mjs:11:22
    at Presence (file:///Users/C5406081/developer-portal-v3/node_modules/@radix-ui/react-presence/dist/index.mjs:19:11)
    at Provider (file:///Users/C5406081/developer-portal-v3/node_modules/@radix-ui/react-context/dist/index.mjs:27:15)
    at DialogPortal (file:///Users/C5406081/developer-portal-v3/node_modules/@radix-ui/react-dialog/dist/index.mjs:85:11)
    at /Users/C5406081/developer-portal-v3/src/components/ui/dialog.tsx:35:59
    at Provider (file:///Users/C5406081/developer-portal-v3/node_modules/@radix-ui/react-context/dist/index.mjs:27:15)
    at Dialog (file:///Users/C5406081/developer-portal-v3/node_modules/@radix-ui/react-dialog/dist/index.mjs:25:5)
    at CreateDeploymentDialog (/Users/C5406081/developer-portal-v3/src/components/AILaunchpad/CreateDeploymentDialog.tsx:24:3)
Warning: An update to Presence inside a test was not wrapped in act(...).

When testing, code that causes React state updates should be wrapped into act(...):

act(() => {
  /* fire events that update state */
});
/* assert on the output */

This ensures that you're testing the behavior the user would see in the browser. Learn more at https://reactjs.org/link/wrap-tests-with-act
    at Presence (file:///Users/C5406081/developer-portal-v3/node_modules/@radix-ui/react-presence/dist/index.mjs:19:11)
    at file:///Users/C5406081/developer-portal-v3/node_modules/@radix-ui/react-dialog/dist/index.mjs:123:64
    at file:///Users/C5406081/developer-portal-v3/node_modules/@radix-ui/react-primitive/node_modules/@radix-ui/react-slot/dist/index.mjs:33:13
    at file:///Users/C5406081/developer-portal-v3/node_modules/@radix-ui/react-primitive/node_modules/@radix-ui/react-slot/dist/index.mjs:9:13
    at file:///Users/C5406081/developer-portal-v3/node_modules/@radix-ui/react-primitive/dist/index.mjs:28:13
    at file:///Users/C5406081/developer-portal-v3/node_modules/@radix-ui/react-portal/dist/index.mjs:11:22
    at Presence (file:///Users/C5406081/developer-portal-v3/node_modules/@radix-ui/react-presence/dist/index.mjs:19:11)
    at Provider (file:///Users/C5406081/developer-portal-v3/node_modules/@radix-ui/react-context/dist/index.mjs:27:15)
    at DialogPortal (file:///Users/C5406081/developer-portal-v3/node_modules/@radix-ui/react-dialog/dist/index.mjs:85:11)
    at /Users/C5406081/developer-portal-v3/src/components/ui/dialog.tsx:35:59
    at Provider (file:///Users/C5406081/developer-portal-v3/node_modules/@radix-ui/react-context/dist/index.mjs:27:15)
    at Dialog (file:///Users/C5406081/developer-portal-v3/node_modules/@radix-ui/react-dialog/dist/index.mjs:25:5)
    at CreateDeploymentDialog (/Users/C5406081/developer-portal-v3/src/components/AILaunchpad/CreateDeploymentDialog.tsx:24:3)
Warning: An update to Presence inside a test was not wrapped in act(...).

When testing, code that causes React state updates should be wrapped into act(...):

act(() => {
  /* fire events that update state */
});
/* assert on the output */

This ensures that you're testing the behavior the user would see in the browser. Learn more at https://reactjs.org/link/wrap-tests-with-act
    at Presence (file:///Users/C5406081/developer-portal-v3/node_modules/@radix-ui/react-presence/dist/index.mjs:19:11)
    at Provider (file:///Users/C5406081/developer-portal-v3/node_modules/@radix-ui/react-context/dist/index.mjs:27:15)
    at DialogPortal (file:///Users/C5406081/developer-portal-v3/node_modules/@radix-ui/react-dialog/dist/index.mjs:85:11)
    at /Users/C5406081/developer-portal-v3/src/components/ui/dialog.tsx:35:59
    at Provider (file:///Users/C5406081/developer-portal-v3/node_modules/@radix-ui/react-context/dist/index.mjs:27:15)
    at Dialog (file:///Users/C5406081/developer-portal-v3/node_modules/@radix-ui/react-dialog/dist/index.mjs:25:5)
    at CreateDeploymentDialog (/Users/C5406081/developer-portal-v3/src/components/AILaunchpad/CreateDeploymentDialog.tsx:24:3)
Warning: An update to DismissableLayer inside a test was not wrapped in act(...).

When testing, code that causes React state updates should be wrapped into act(...):

act(() => {
  /* fire events that update state */
});
/* assert on the output */

This ensures that you're testing the behavior the user would see in the browser. Learn more at https://reactjs.org/link/wrap-tests-with-act
    at file:///Users/C5406081/developer-portal-v3/node_modules/@radix-ui/react-dismissable-layer/dist/index.mjs:24:7
    at file:///Users/C5406081/developer-portal-v3/node_modules/@radix-ui/react-primitive/node_modules/@radix-ui/react-slot/dist/index.mjs:33:13
    at file:///Users/C5406081/developer-portal-v3/node_modules/@radix-ui/react-primitive/node_modules/@radix-ui/react-slot/dist/index.mjs:9:13
    at file:///Users/C5406081/developer-portal-v3/node_modules/@radix-ui/react-primitive/dist/index.mjs:28:13
    at file:///Users/C5406081/developer-portal-v3/node_modules/@radix-ui/react-focus-scope/dist/index.mjs:15:5
    at file:///Users/C5406081/developer-portal-v3/node_modules/@radix-ui/react-dialog/dist/index.mjs:206:13
    at file:///Users/C5406081/developer-portal-v3/node_modules/@radix-ui/react-dialog/dist/index.mjs:132:58
    at Presence (file:///Users/C5406081/developer-portal-v3/node_modules/@radix-ui/react-presence/dist/index.mjs:19:11)
    at file:///Users/C5406081/developer-portal-v3/node_modules/@radix-ui/react-dialog/dist/index.mjs:123:64
    at file:///Users/C5406081/developer-portal-v3/node_modules/@radix-ui/react-primitive/node_modules/@radix-ui/react-slot/dist/index.mjs:33:13
    at file:///Users/C5406081/developer-portal-v3/node_modules/@radix-ui/react-primitive/node_modules/@radix-ui/react-slot/dist/index.mjs:9:13
    at file:///Users/C5406081/developer-portal-v3/node_modules/@radix-ui/react-primitive/dist/index.mjs:28:13
    at file:///Users/C5406081/developer-portal-v3/node_modules/@radix-ui/react-portal/dist/index.mjs:11:22
    at Presence (file:///Users/C5406081/developer-portal-v3/node_modules/@radix-ui/react-presence/dist/index.mjs:19:11)
    at Provider (file:///Users/C5406081/developer-portal-v3/node_modules/@radix-ui/react-context/dist/index.mjs:27:15)
    at DialogPortal (file:///Users/C5406081/developer-portal-v3/node_modules/@radix-ui/react-dialog/dist/index.mjs:85:11)
    at /Users/C5406081/developer-portal-v3/src/components/ui/dialog.tsx:35:59
    at Provider (file:///Users/C5406081/developer-portal-v3/node_modules/@radix-ui/react-context/dist/index.mjs:27:15)
    at Dialog (file:///Users/C5406081/developer-portal-v3/node_modules/@radix-ui/react-dialog/dist/index.mjs:25:5)
    at CreateDeploymentDialog (/Users/C5406081/developer-portal-v3/src/components/AILaunchpad/CreateDeploymentDialog.tsx:24:3)

stderr | tests/components/dialogs/MoveMemberDialog.test.tsx > MoveMemberDialog Component > User Interactions > should call onOpenChange when cancel button is clicked
Warning: Missing `Description` or `aria-describedby={undefined}` for {DialogContent}.

stderr | tests/components/dialogs/EditDocumentationDialog.test.tsx > EditDocumentationDialog Component > Form Submission > should show error toast on submission failure
Failed to update documentation: Error: Update failed
    at [90m/Users/C5406081/developer-portal-v3/[39mtests/components/dialogs/EditDocumentationDialog.test.tsx:275:21
    at [90mfile:///Users/C5406081/developer-portal-v3/[39mnode_modules/[4m@vitest[24m/runner/dist/chunk-hooks.js:155:11
    at [90mfile:///Users/C5406081/developer-portal-v3/[39mnode_modules/[4m@vitest[24m/runner/dist/chunk-hooks.js:752:26
    at [90mfile:///Users/C5406081/developer-portal-v3/[39mnode_modules/[4m@vitest[24m/runner/dist/chunk-hooks.js:1897:20
    at new Promise (<anonymous>)
    at runWithTimeout [90m(file:///Users/C5406081/developer-portal-v3/[39mnode_modules/[4m@vitest[24m/runner/dist/chunk-hooks.js:1863:10[90m)[39m
    at runTest [90m(file:///Users/C5406081/developer-portal-v3/[39mnode_modules/[4m@vitest[24m/runner/dist/chunk-hooks.js:1574:12[90m)[39m
    at runSuite [90m(file:///Users/C5406081/developer-portal-v3/[39mnode_modules/[4m@vitest[24m/runner/dist/chunk-hooks.js:1729:8[90m)[39m
    at runSuite [90m(file:///Users/C5406081/developer-portal-v3/[39mnode_modules/[4m@vitest[24m/runner/dist/chunk-hooks.js:1729:8[90m)[39m
    at runSuite [90m(file:///Users/C5406081/developer-portal-v3/[39mnode_modules/[4m@vitest[24m/runner/dist/chunk-hooks.js:1729:8[90m)[39m

 ✓ tests/components/navigation/HeaderDropdown.test.tsx (26 tests) 779ms
stderr | tests/components/dialogs/MoveMemberDialog.test.tsx > MoveMemberDialog Component > User Interactions > should call onMove with correct parameters when move button is clicked
Warning: Missing `Description` or `aria-describedby={undefined}` for {DialogContent}.

 ✓ tests/components/ui/menu-ui-components.test.tsx (44 tests | 13 skipped) 1041ms
stderr | tests/components/dialogs/MoveMemberDialog.test.tsx > MoveMemberDialog Component > User Interactions > should reset selection when dialog is closed and reopened
Warning: Missing `Description` or `aria-describedby={undefined}` for {DialogContent}.

 ✓ tests/components/Team/TeamColorPicker.test.tsx (16 tests) 1088ms
stderr | tests/components/dialogs/MoveMemberDialog.test.tsx > MoveMemberDialog Component > User Interactions > should reset selection when dialog is closed and reopened
Warning: Missing `Description` or `aria-describedby={undefined}` for {DialogContent}.

 ✓ tests/components/dialogs/EditDocumentationDialog.test.tsx (21 tests) 864ms
stderr | tests/components/dialogs/MoveMemberDialog.test.tsx > MoveMemberDialog Component > Loading State > should show loading state and disable buttons when isLoading is true
Warning: Missing `Description` or `aria-describedby={undefined}` for {DialogContent}.

stderr | tests/components/dialogs/MoveMemberDialog.test.tsx > MoveMemberDialog Component > Edge Cases > should handle null member gracefully
Warning: Missing `Description` or `aria-describedby={undefined}` for {DialogContent}.

 ✓ tests/components/ai-launchpad/CreateDeploymentDialog.test.tsx (16 tests) 937ms
stderr | tests/components/dialogs/MoveMemberDialog.test.tsx > MoveMemberDialog Component > Edge Cases > should generate correct initials for different name formats
Warning: Missing `Description` or `aria-describedby={undefined}` for {DialogContent}.
Warning: Missing `Description` or `aria-describedby={undefined}` for {DialogContent}.
Warning: Missing `Description` or `aria-describedby={undefined}` for {DialogContent}.

stderr | tests/components/dialogs/MoveMemberDialog.test.tsx > MoveMemberDialog Component > Edge Cases > should handle special characters in team names
Warning: Missing `Description` or `aria-describedby={undefined}` for {DialogContent}.

stderr | tests/components/dialogs/MoveMemberDialog.test.tsx > MoveMemberDialog Component > Accessibility > should have proper accessibility attributes
Warning: Missing `Description` or `aria-describedby={undefined}` for {DialogContent}.

 ✓ tests/components/dialogs/MoveMemberDialog.test.tsx (14 tests) 986ms
 ✓ tests/services/githubDocsApi.test.ts (58 tests) 1616ms
stderr | tests/pages/PluginMarketplacePage/PluginMarketplacePage.test.tsx > PluginMarketplacePage > renders plugins
⚠️ React Router Future Flag Warning: React Router will begin wrapping state updates in `React.startTransition` in v7. You can use the `v7_startTransition` future flag to opt-in early. For more information, see https://reactrouter.com/v6/upgrading/future#v7_starttransition.
⚠️ React Router Future Flag Warning: Relative route resolution within Splat routes is changing in v7. You can use the `v7_relativeSplatPath` future flag to opt-in early. For more information, see https://reactrouter.com/v6/upgrading/future#v7_relativesplatpath.

stderr | tests/components/docs/DocsRawEditor.test.tsx > DocsRawEditor > should handle save errors gracefully
Failed to save file: Error: Save failed
    at [90m/Users/C5406081/developer-portal-v3/[39mtests/components/docs/DocsRawEditor.test.tsx:98:19
    at [90mfile:///Users/C5406081/developer-portal-v3/[39mnode_modules/[4m@vitest[24m/runner/dist/chunk-hooks.js:155:11
    at [90mfile:///Users/C5406081/developer-portal-v3/[39mnode_modules/[4m@vitest[24m/runner/dist/chunk-hooks.js:752:26
    at [90mfile:///Users/C5406081/developer-portal-v3/[39mnode_modules/[4m@vitest[24m/runner/dist/chunk-hooks.js:1897:20
    at new Promise (<anonymous>)
    at runWithTimeout [90m(file:///Users/C5406081/developer-portal-v3/[39mnode_modules/[4m@vitest[24m/runner/dist/chunk-hooks.js:1863:10[90m)[39m
    at runTest [90m(file:///Users/C5406081/developer-portal-v3/[39mnode_modules/[4m@vitest[24m/runner/dist/chunk-hooks.js:1574:12[90m)[39m
    at runSuite [90m(file:///Users/C5406081/developer-portal-v3/[39mnode_modules/[4m@vitest[24m/runner/dist/chunk-hooks.js:1729:8[90m)[39m
    at runSuite [90m(file:///Users/C5406081/developer-portal-v3/[39mnode_modules/[4m@vitest[24m/runner/dist/chunk-hooks.js:1729:8[90m)[39m
    at runFiles [90m(file:///Users/C5406081/developer-portal-v3/[39mnode_modules/[4m@vitest[24m/runner/dist/chunk-hooks.js:1787:3[90m)[39m

 ✓ tests/components/ai-arena/InputBar.test.tsx (22 tests) 728ms
 ✓ tests/components/ai-arena/AILeftPane.test.tsx (6 tests) 513ms
 ✓ tests/components/docs/DocsRawEditor.test.tsx (12 tests) 584ms
stderr | tests/components/ui/basic-ui-components.test.tsx > Drawer Component > should render drawer trigger
Could not parse CSS stylesheet

 ✓ tests/pages/PluginMarketplacePage/PluginMarketplacePage.test.tsx (9 tests) 740ms
   ✓ PluginMarketplacePage > filters plugins by search query (debounced)  411ms
 ✓ tests/components/dialogs/UploadDialog.test.tsx (16 tests) 551ms
stderr | tests/components/ui/basic-ui-components.test.tsx > Drawer Component > should render drawer with footer
Warning: Missing `Description` or `aria-describedby={undefined}` for {DialogContent}.

 ✓ tests/components/ui/basic-ui-components.test.tsx (58 tests) 849ms
 ✓ tests/components/dialogs/ApprovalDialog.test.tsx (25 tests) 641ms
 ✓ tests/components/Team/DocsPage.test.tsx (22 tests) 642ms
 ✓ tests/components/Team/ScoreBoards.test.tsx (16 tests) 440ms
 ✓ tests/components/SettingsDialog/SettingsDialog.test.tsx (11 tests) 507ms
stderr | tests/components/ComponentCard.test.tsx > ComponentCard > Basic Rendering > should render component card with basic information
Warning: An update to ComponentDisplayProvider inside a test was not wrapped in act(...).

When testing, code that causes React state updates should be wrapped into act(...):

act(() => {
  /* fire events that update state */
});
/* assert on the output */

This ensures that you're testing the behavior the user would see in the browser. Learn more at https://reactjs.org/link/wrap-tests-with-act
    at ComponentDisplayProvider (/Users/C5406081/developer-portal-v3/src/contexts/ComponentDisplayContext.tsx:9:3)
    at QueryClientProvider (file:///Users/C5406081/developer-portal-v3/node_modules/@tanstack/react-query/build/modern/QueryClientProvider.js:20:3)
Warning: An update to ComponentDisplayProvider inside a test was not wrapped in act(...).

When testing, code that causes React state updates should be wrapped into act(...):

act(() => {
  /* fire events that update state */
});
/* assert on the output */

This ensures that you're testing the behavior the user would see in the browser. Learn more at https://reactjs.org/link/wrap-tests-with-act
    at ComponentDisplayProvider (/Users/C5406081/developer-portal-v3/src/contexts/ComponentDisplayContext.tsx:9:3)
    at QueryClientProvider (file:///Users/C5406081/developer-portal-v3/node_modules/@tanstack/react-query/build/modern/QueryClientProvider.js:20:3)

stderr | tests/components/ComponentCard.test.tsx > ComponentCard > Basic Rendering > should render component name when title is not provided
Warning: An update to ComponentDisplayProvider inside a test was not wrapped in act(...).

When testing, code that causes React state updates should be wrapped into act(...):

act(() => {
  /* fire events that update state */
});
/* assert on the output */

This ensures that you're testing the behavior the user would see in the browser. Learn more at https://reactjs.org/link/wrap-tests-with-act
    at ComponentDisplayProvider (/Users/C5406081/developer-portal-v3/src/contexts/ComponentDisplayContext.tsx:9:3)
    at QueryClientProvider (file:///Users/C5406081/developer-portal-v3/node_modules/@tanstack/react-query/build/modern/QueryClientProvider.js:20:3)
Warning: An update to ComponentDisplayProvider inside a test was not wrapped in act(...).

When testing, code that causes React state updates should be wrapped into act(...):

act(() => {
  /* fire events that update state */
});
/* assert on the output */

This ensures that you're testing the behavior the user would see in the browser. Learn more at https://reactjs.org/link/wrap-tests-with-act
    at ComponentDisplayProvider (/Users/C5406081/developer-portal-v3/src/contexts/ComponentDisplayContext.tsx:9:3)
    at QueryClientProvider (file:///Users/C5406081/developer-portal-v3/node_modules/@tanstack/react-query/build/modern/QueryClientProvider.js:20:3)

stderr | tests/components/ComponentCard.test.tsx > ComponentCard > Basic Rendering > should render team badge when team information is provided
Warning: An update to ComponentDisplayProvider inside a test was not wrapped in act(...).

When testing, code that causes React state updates should be wrapped into act(...):

act(() => {
  /* fire events that update state */
});
/* assert on the output */

This ensures that you're testing the behavior the user would see in the browser. Learn more at https://reactjs.org/link/wrap-tests-with-act
    at ComponentDisplayProvider (/Users/C5406081/developer-portal-v3/src/contexts/ComponentDisplayContext.tsx:9:3)
    at QueryClientProvider (file:///Users/C5406081/developer-portal-v3/node_modules/@tanstack/react-query/build/modern/QueryClientProvider.js:20:3)
Warning: An update to ComponentDisplayProvider inside a test was not wrapped in act(...).

When testing, code that causes React state updates should be wrapped into act(...):

act(() => {
  /* fire events that update state */
});
/* assert on the output */

This ensures that you're testing the behavior the user would see in the browser. Learn more at https://reactjs.org/link/wrap-tests-with-act
    at ComponentDisplayProvider (/Users/C5406081/developer-portal-v3/src/contexts/ComponentDisplayContext.tsx:9:3)
    at QueryClientProvider (file:///Users/C5406081/developer-portal-v3/node_modules/@tanstack/react-query/build/modern/QueryClientProvider.js:20:3)

stderr | tests/components/ComponentCard.test.tsx > ComponentCard > Basic Rendering > should render central service badge when component is central service
Warning: An update to ComponentDisplayProvider inside a test was not wrapped in act(...).

When testing, code that causes React state updates should be wrapped into act(...):

act(() => {
  /* fire events that update state */
});
/* assert on the output */

This ensures that you're testing the behavior the user would see in the browser. Learn more at https://reactjs.org/link/wrap-tests-with-act
    at ComponentDisplayProvider (/Users/C5406081/developer-portal-v3/src/contexts/ComponentDisplayContext.tsx:9:3)
    at QueryClientProvider (file:///Users/C5406081/developer-portal-v3/node_modules/@tanstack/react-query/build/modern/QueryClientProvider.js:20:3)
Warning: An update to ComponentDisplayProvider inside a test was not wrapped in act(...).

When testing, code that causes React state updates should be wrapped into act(...):

act(() => {
  /* fire events that update state */
});
/* assert on the output */

This ensures that you're testing the behavior the user would see in the browser. Learn more at https://reactjs.org/link/wrap-tests-with-act
    at ComponentDisplayProvider (/Users/C5406081/developer-portal-v3/src/contexts/ComponentDisplayContext.tsx:9:3)
    at QueryClientProvider (file:///Users/C5406081/developer-portal-v3/node_modules/@tanstack/react-query/build/modern/QueryClientProvider.js:20:3)

stderr | tests/components/ComponentCard.test.tsx > ComponentCard > Health Status Badge > should not render health badge when component health is disabled
Warning: An update to ComponentDisplayProvider inside a test was not wrapped in act(...).

When testing, code that causes React state updates should be wrapped into act(...):

act(() => {
  /* fire events that update state */
});
/* assert on the output */

This ensures that you're testing the behavior the user would see in the browser. Learn more at https://reactjs.org/link/wrap-tests-with-act
    at ComponentDisplayProvider (/Users/C5406081/developer-portal-v3/src/contexts/ComponentDisplayContext.tsx:9:3)
    at QueryClientProvider (file:///Users/C5406081/developer-portal-v3/node_modules/@tanstack/react-query/build/modern/QueryClientProvider.js:20:3)
Warning: An update to ComponentDisplayProvider inside a test was not wrapped in act(...).

When testing, code that causes React state updates should be wrapped into act(...):

act(() => {
  /* fire events that update state */
});
/* assert on the output */

This ensures that you're testing the behavior the user would see in the browser. Learn more at https://reactjs.org/link/wrap-tests-with-act
    at ComponentDisplayProvider (/Users/C5406081/developer-portal-v3/src/contexts/ComponentDisplayContext.tsx:9:3)
    at QueryClientProvider (file:///Users/C5406081/developer-portal-v3/node_modules/@tanstack/react-query/build/modern/QueryClientProvider.js:20:3)

stderr | tests/components/ComponentCard.test.tsx > ComponentCard > Health Status Badge > should not render health badge when no landscape is selected
Warning: An update to ComponentDisplayProvider inside a test was not wrapped in act(...).

When testing, code that causes React state updates should be wrapped into act(...):

act(() => {
  /* fire events that update state */
});
/* assert on the output */

This ensures that you're testing the behavior the user would see in the browser. Learn more at https://reactjs.org/link/wrap-tests-with-act
    at ComponentDisplayProvider (/Users/C5406081/developer-portal-v3/src/contexts/ComponentDisplayContext.tsx:9:3)
    at QueryClientProvider (file:///Users/C5406081/developer-portal-v3/node_modules/@tanstack/react-query/build/modern/QueryClientProvider.js:20:3)
Warning: An update to ComponentDisplayProvider inside a test was not wrapped in act(...).

When testing, code that causes React state updates should be wrapped into act(...):

act(() => {
  /* fire events that update state */
});
/* assert on the output */

This ensures that you're testing the behavior the user would see in the browser. Learn more at https://reactjs.org/link/wrap-tests-with-act
    at ComponentDisplayProvider (/Users/C5406081/developer-portal-v3/src/contexts/ComponentDisplayContext.tsx:9:3)
    at QueryClientProvider (file:///Users/C5406081/developer-portal-v3/node_modules/@tanstack/react-query/build/modern/QueryClientProvider.js:20:3)

stderr | tests/components/ComponentCard.test.tsx > ComponentCard > Action Buttons > should render GitHub button when GitHub URL is provided
Warning: An update to ComponentDisplayProvider inside a test was not wrapped in act(...).

When testing, code that causes React state updates should be wrapped into act(...):

act(() => {
  /* fire events that update state */
});
/* assert on the output */

This ensures that you're testing the behavior the user would see in the browser. Learn more at https://reactjs.org/link/wrap-tests-with-act
    at ComponentDisplayProvider (/Users/C5406081/developer-portal-v3/src/contexts/ComponentDisplayContext.tsx:9:3)
    at QueryClientProvider (file:///Users/C5406081/developer-portal-v3/node_modules/@tanstack/react-query/build/modern/QueryClientProvider.js:20:3)
Warning: An update to ComponentDisplayProvider inside a test was not wrapped in act(...).

When testing, code that causes React state updates should be wrapped into act(...):

act(() => {
  /* fire events that update state */
});
/* assert on the output */

This ensures that you're testing the behavior the user would see in the browser. Learn more at https://reactjs.org/link/wrap-tests-with-act
    at ComponentDisplayProvider (/Users/C5406081/developer-portal-v3/src/contexts/ComponentDisplayContext.tsx:9:3)
    at QueryClientProvider (file:///Users/C5406081/developer-portal-v3/node_modules/@tanstack/react-query/build/modern/QueryClientProvider.js:20:3)

stderr | tests/components/ComponentCard.test.tsx > ComponentCard > Action Buttons > should render Sonar button when Sonar URL is provided
Warning: An update to ComponentDisplayProvider inside a test was not wrapped in act(...).

When testing, code that causes React state updates should be wrapped into act(...):

act(() => {
  /* fire events that update state */
});
/* assert on the output */

This ensures that you're testing the behavior the user would see in the browser. Learn more at https://reactjs.org/link/wrap-tests-with-act
    at ComponentDisplayProvider (/Users/C5406081/developer-portal-v3/src/contexts/ComponentDisplayContext.tsx:9:3)
    at QueryClientProvider (file:///Users/C5406081/developer-portal-v3/node_modules/@tanstack/react-query/build/modern/QueryClientProvider.js:20:3)
Warning: An update to ComponentDisplayProvider inside a test was not wrapped in act(...).

When testing, code that causes React state updates should be wrapped into act(...):

act(() => {
  /* fire events that update state */
});
/* assert on the output */

This ensures that you're testing the behavior the user would see in the browser. Learn more at https://reactjs.org/link/wrap-tests-with-act
    at ComponentDisplayProvider (/Users/C5406081/developer-portal-v3/src/contexts/ComponentDisplayContext.tsx:9:3)
    at QueryClientProvider (file:///Users/C5406081/developer-portal-v3/node_modules/@tanstack/react-query/build/modern/QueryClientProvider.js:20:3)

stderr | tests/components/ComponentCard.test.tsx > ComponentCard > Action Buttons > should not render GitHub button when GitHub URL is empty
Warning: An update to ComponentDisplayProvider inside a test was not wrapped in act(...).

When testing, code that causes React state updates should be wrapped into act(...):

act(() => {
  /* fire events that update state */
});
/* assert on the output */

This ensures that you're testing the behavior the user would see in the browser. Learn more at https://reactjs.org/link/wrap-tests-with-act
    at ComponentDisplayProvider (/Users/C5406081/developer-portal-v3/src/contexts/ComponentDisplayContext.tsx:9:3)
    at QueryClientProvider (file:///Users/C5406081/developer-portal-v3/node_modules/@tanstack/react-query/build/modern/QueryClientProvider.js:20:3)
Warning: An update to ComponentDisplayProvider inside a test was not wrapped in act(...).

When testing, code that causes React state updates should be wrapped into act(...):

act(() => {
  /* fire events that update state */
});
/* assert on the output */

This ensures that you're testing the behavior the user would see in the browser. Learn more at https://reactjs.org/link/wrap-tests-with-act
    at ComponentDisplayProvider (/Users/C5406081/developer-portal-v3/src/contexts/ComponentDisplayContext.tsx:9:3)
    at QueryClientProvider (file:///Users/C5406081/developer-portal-v3/node_modules/@tanstack/react-query/build/modern/QueryClientProvider.js:20:3)

stderr | tests/components/ComponentCard.test.tsx > ComponentCard > Action Buttons > should not render Sonar button when Sonar URL is empty
Warning: An update to ComponentDisplayProvider inside a test was not wrapped in act(...).

When testing, code that causes React state updates should be wrapped into act(...):

act(() => {
  /* fire events that update state */
});
/* assert on the output */

This ensures that you're testing the behavior the user would see in the browser. Learn more at https://reactjs.org/link/wrap-tests-with-act
    at ComponentDisplayProvider (/Users/C5406081/developer-portal-v3/src/contexts/ComponentDisplayContext.tsx:9:3)
    at QueryClientProvider (file:///Users/C5406081/developer-portal-v3/node_modules/@tanstack/react-query/build/modern/QueryClientProvider.js:20:3)
Warning: An update to ComponentDisplayProvider inside a test was not wrapped in act(...).

When testing, code that causes React state updates should be wrapped into act(...):

act(() => {
  /* fire events that update state */
});
/* assert on the output */

This ensures that you're testing the behavior the user would see in the browser. Learn more at https://reactjs.org/link/wrap-tests-with-act
    at ComponentDisplayProvider (/Users/C5406081/developer-portal-v3/src/contexts/ComponentDisplayContext.tsx:9:3)
    at QueryClientProvider (file:///Users/C5406081/developer-portal-v3/node_modules/@tanstack/react-query/build/modern/QueryClientProvider.js:20:3)

stderr | tests/components/ComponentCard.test.tsx > ComponentCard > Action Buttons > should open GitHub URL when GitHub button is clicked
Warning: An update to ComponentDisplayProvider inside a test was not wrapped in act(...).

When testing, code that causes React state updates should be wrapped into act(...):

act(() => {
  /* fire events that update state */
});
/* assert on the output */

This ensures that you're testing the behavior the user would see in the browser. Learn more at https://reactjs.org/link/wrap-tests-with-act
    at ComponentDisplayProvider (/Users/C5406081/developer-portal-v3/src/contexts/ComponentDisplayContext.tsx:9:3)
    at QueryClientProvider (file:///Users/C5406081/developer-portal-v3/node_modules/@tanstack/react-query/build/modern/QueryClientProvider.js:20:3)
Warning: An update to ComponentDisplayProvider inside a test was not wrapped in act(...).

When testing, code that causes React state updates should be wrapped into act(...):

act(() => {
  /* fire events that update state */
});
/* assert on the output */

This ensures that you're testing the behavior the user would see in the browser. Learn more at https://reactjs.org/link/wrap-tests-with-act
    at ComponentDisplayProvider (/Users/C5406081/developer-portal-v3/src/contexts/ComponentDisplayContext.tsx:9:3)
    at QueryClientProvider (file:///Users/C5406081/developer-portal-v3/node_modules/@tanstack/react-query/build/modern/QueryClientProvider.js:20:3)

stderr | tests/components/ComponentCard.test.tsx > ComponentCard > Action Buttons > should open Sonar URL when Sonar button is clicked
Warning: An update to ComponentDisplayProvider inside a test was not wrapped in act(...).

When testing, code that causes React state updates should be wrapped into act(...):

act(() => {
  /* fire events that update state */
});
/* assert on the output */

This ensures that you're testing the behavior the user would see in the browser. Learn more at https://reactjs.org/link/wrap-tests-with-act
    at ComponentDisplayProvider (/Users/C5406081/developer-portal-v3/src/contexts/ComponentDisplayContext.tsx:9:3)
    at QueryClientProvider (file:///Users/C5406081/developer-portal-v3/node_modules/@tanstack/react-query/build/modern/QueryClientProvider.js:20:3)
Warning: An update to ComponentDisplayProvider inside a test was not wrapped in act(...).

When testing, code that causes React state updates should be wrapped into act(...):

act(() => {
  /* fire events that update state */
});
/* assert on the output */

This ensures that you're testing the behavior the user would see in the browser. Learn more at https://reactjs.org/link/wrap-tests-with-act
    at ComponentDisplayProvider (/Users/C5406081/developer-portal-v3/src/contexts/ComponentDisplayContext.tsx:9:3)
    at QueryClientProvider (file:///Users/C5406081/developer-portal-v3/node_modules/@tanstack/react-query/build/modern/QueryClientProvider.js:20:3)

stderr | tests/components/ComponentCard.test.tsx > ComponentCard > Quality Metrics > should render quality metrics with correct values
Warning: An update to ComponentDisplayProvider inside a test was not wrapped in act(...).

When testing, code that causes React state updates should be wrapped into act(...):

act(() => {
  /* fire events that update state */
});
/* assert on the output */

This ensures that you're testing the behavior the user would see in the browser. Learn more at https://reactjs.org/link/wrap-tests-with-act
    at ComponentDisplayProvider (/Users/C5406081/developer-portal-v3/src/contexts/ComponentDisplayContext.tsx:9:3)
    at QueryClientProvider (file:///Users/C5406081/developer-portal-v3/node_modules/@tanstack/react-query/build/modern/QueryClientProvider.js:20:3)
Warning: An update to ComponentDisplayProvider inside a test was not wrapped in act(...).

When testing, code that causes React state updates should be wrapped into act(...):

act(() => {
  /* fire events that update state */
});
/* assert on the output */

This ensures that you're testing the behavior the user would see in the browser. Learn more at https://reactjs.org/link/wrap-tests-with-act
    at ComponentDisplayProvider (/Users/C5406081/developer-portal-v3/src/contexts/ComponentDisplayContext.tsx:9:3)
    at QueryClientProvider (file:///Users/C5406081/developer-portal-v3/node_modules/@tanstack/react-query/build/modern/QueryClientProvider.js:20:3)

stderr | tests/components/ComponentCard.test.tsx > ComponentCard > Quality Metrics > should render quality gate icon with correct color for passed state
Warning: An update to ComponentDisplayProvider inside a test was not wrapped in act(...).

When testing, code that causes React state updates should be wrapped into act(...):

act(() => {
  /* fire events that update state */
});
/* assert on the output */

This ensures that you're testing the behavior the user would see in the browser. Learn more at https://reactjs.org/link/wrap-tests-with-act
    at ComponentDisplayProvider (/Users/C5406081/developer-portal-v3/src/contexts/ComponentDisplayContext.tsx:9:3)
    at QueryClientProvider (file:///Users/C5406081/developer-portal-v3/node_modules/@tanstack/react-query/build/modern/QueryClientProvider.js:20:3)
Warning: An update to ComponentDisplayProvider inside a test was not wrapped in act(...).

When testing, code that causes React state updates should be wrapped into act(...):

act(() => {
  /* fire events that update state */
});
/* assert on the output */

This ensures that you're testing the behavior the user would see in the browser. Learn more at https://reactjs.org/link/wrap-tests-with-act
    at ComponentDisplayProvider (/Users/C5406081/developer-portal-v3/src/contexts/ComponentDisplayContext.tsx:9:3)
    at QueryClientProvider (file:///Users/C5406081/developer-portal-v3/node_modules/@tanstack/react-query/build/modern/QueryClientProvider.js:20:3)

stderr | tests/components/ComponentCard.test.tsx > ComponentCard > Card Interactions > should call onClick when card is clicked and component is healthy
Warning: An update to ComponentDisplayProvider inside a test was not wrapped in act(...).

When testing, code that causes React state updates should be wrapped into act(...):

act(() => {
  /* fire events that update state */
});
/* assert on the output */

This ensures that you're testing the behavior the user would see in the browser. Learn more at https://reactjs.org/link/wrap-tests-with-act
    at ComponentDisplayProvider (/Users/C5406081/developer-portal-v3/src/contexts/ComponentDisplayContext.tsx:9:3)
    at QueryClientProvider (file:///Users/C5406081/developer-portal-v3/node_modules/@tanstack/react-query/build/modern/QueryClientProvider.js:20:3)
Warning: An update to ComponentDisplayProvider inside a test was not wrapped in act(...).

When testing, code that causes React state updates should be wrapped into act(...):

act(() => {
  /* fire events that update state */
});
/* assert on the output */

This ensures that you're testing the behavior the user would see in the browser. Learn more at https://reactjs.org/link/wrap-tests-with-act
    at ComponentDisplayProvider (/Users/C5406081/developer-portal-v3/src/contexts/ComponentDisplayContext.tsx:9:3)
    at QueryClientProvider (file:///Users/C5406081/developer-portal-v3/node_modules/@tanstack/react-query/build/modern/QueryClientProvider.js:20:3)

stderr | tests/components/ComponentCard.test.tsx > ComponentCard > Card Interactions > should not call onClick when component health is down
Warning: An update to ComponentDisplayProvider inside a test was not wrapped in act(...).

When testing, code that causes React state updates should be wrapped into act(...):

act(() => {
  /* fire events that update state */
});
/* assert on the output */

This ensures that you're testing the behavior the user would see in the browser. Learn more at https://reactjs.org/link/wrap-tests-with-act
    at ComponentDisplayProvider (/Users/C5406081/developer-portal-v3/src/contexts/ComponentDisplayContext.tsx:9:3)
    at QueryClientProvider (file:///Users/C5406081/developer-portal-v3/node_modules/@tanstack/react-query/build/modern/QueryClientProvider.js:20:3)
Warning: An update to ComponentDisplayProvider inside a test was not wrapped in act(...).

When testing, code that causes React state updates should be wrapped into act(...):

act(() => {
  /* fire events that update state */
});
/* assert on the output */

This ensures that you're testing the behavior the user would see in the browser. Learn more at https://reactjs.org/link/wrap-tests-with-act
    at ComponentDisplayProvider (/Users/C5406081/developer-portal-v3/src/contexts/ComponentDisplayContext.tsx:9:3)
    at QueryClientProvider (file:///Users/C5406081/developer-portal-v3/node_modules/@tanstack/react-query/build/modern/QueryClientProvider.js:20:3)

stderr | tests/components/ComponentCard.test.tsx > ComponentCard > Card Interactions > should not call onClick when clicking on buttons
Warning: An update to ComponentDisplayProvider inside a test was not wrapped in act(...).

When testing, code that causes React state updates should be wrapped into act(...):

act(() => {
  /* fire events that update state */
});
/* assert on the output */

This ensures that you're testing the behavior the user would see in the browser. Learn more at https://reactjs.org/link/wrap-tests-with-act
    at ComponentDisplayProvider (/Users/C5406081/developer-portal-v3/src/contexts/ComponentDisplayContext.tsx:9:3)
    at QueryClientProvider (file:///Users/C5406081/developer-portal-v3/node_modules/@tanstack/react-query/build/modern/QueryClientProvider.js:20:3)
Warning: An update to ComponentDisplayProvider inside a test was not wrapped in act(...).

When testing, code that causes React state updates should be wrapped into act(...):

act(() => {
  /* fire events that update state */
});
/* assert on the output */

This ensures that you're testing the behavior the user would see in the browser. Learn more at https://reactjs.org/link/wrap-tests-with-act
    at ComponentDisplayProvider (/Users/C5406081/developer-portal-v3/src/contexts/ComponentDisplayContext.tsx:9:3)
    at QueryClientProvider (file:///Users/C5406081/developer-portal-v3/node_modules/@tanstack/react-query/build/modern/QueryClientProvider.js:20:3)

stderr | tests/components/ComponentCard.test.tsx > ComponentCard > Card Interactions > should have pointer cursor when clickable
Warning: An update to ComponentDisplayProvider inside a test was not wrapped in act(...).

When testing, code that causes React state updates should be wrapped into act(...):

act(() => {
  /* fire events that update state */
});
/* assert on the output */

This ensures that you're testing the behavior the user would see in the browser. Learn more at https://reactjs.org/link/wrap-tests-with-act
    at ComponentDisplayProvider (/Users/C5406081/developer-portal-v3/src/contexts/ComponentDisplayContext.tsx:9:3)
    at QueryClientProvider (file:///Users/C5406081/developer-portal-v3/node_modules/@tanstack/react-query/build/modern/QueryClientProvider.js:20:3)
Warning: An update to ComponentDisplayProvider inside a test was not wrapped in act(...).

When testing, code that causes React state updates should be wrapped into act(...):

act(() => {
  /* fire events that update state */
});
/* assert on the output */

This ensures that you're testing the behavior the user would see in the browser. Learn more at https://reactjs.org/link/wrap-tests-with-act
    at ComponentDisplayProvider (/Users/C5406081/developer-portal-v3/src/contexts/ComponentDisplayContext.tsx:9:3)
    at QueryClientProvider (file:///Users/C5406081/developer-portal-v3/node_modules/@tanstack/react-query/build/modern/QueryClientProvider.js:20:3)

stderr | tests/components/ComponentCard.test.tsx > ComponentCard > Card Interactions > should not have pointer cursor when not clickable
Warning: An update to ComponentDisplayProvider inside a test was not wrapped in act(...).

When testing, code that causes React state updates should be wrapped into act(...):

act(() => {
  /* fire events that update state */
});
/* assert on the output */

This ensures that you're testing the behavior the user would see in the browser. Learn more at https://reactjs.org/link/wrap-tests-with-act
    at ComponentDisplayProvider (/Users/C5406081/developer-portal-v3/src/contexts/ComponentDisplayContext.tsx:9:3)
    at QueryClientProvider (file:///Users/C5406081/developer-portal-v3/node_modules/@tanstack/react-query/build/modern/QueryClientProvider.js:20:3)
Warning: An update to ComponentDisplayProvider inside a test was not wrapped in act(...).

When testing, code that causes React state updates should be wrapped into act(...):

act(() => {
  /* fire events that update state */
});
/* assert on the output */

This ensures that you're testing the behavior the user would see in the browser. Learn more at https://reactjs.org/link/wrap-tests-with-act
    at ComponentDisplayProvider (/Users/C5406081/developer-portal-v3/src/contexts/ComponentDisplayContext.tsx:9:3)
    at QueryClientProvider (file:///Users/C5406081/developer-portal-v3/node_modules/@tanstack/react-query/build/modern/QueryClientProvider.js:20:3)

stderr | tests/components/ComponentCard.test.tsx > ComponentCard > Disabled State > should render disabled state for central service in non-central landscape
Warning: An update to ComponentDisplayProvider inside a test was not wrapped in act(...).

When testing, code that causes React state updates should be wrapped into act(...):

act(() => {
  /* fire events that update state */
});
/* assert on the output */

This ensures that you're testing the behavior the user would see in the browser. Learn more at https://reactjs.org/link/wrap-tests-with-act
    at ComponentDisplayProvider (/Users/C5406081/developer-portal-v3/src/contexts/ComponentDisplayContext.tsx:9:3)
    at QueryClientProvider (file:///Users/C5406081/developer-portal-v3/node_modules/@tanstack/react-query/build/modern/QueryClientProvider.js:20:3)
Warning: An update to ComponentDisplayProvider inside a test was not wrapped in act(...).

When testing, code that causes React state updates should be wrapped into act(...):

act(() => {
  /* fire events that update state */
});
/* assert on the output */

This ensures that you're testing the behavior the user would see in the browser. Learn more at https://reactjs.org/link/wrap-tests-with-act
    at ComponentDisplayProvider (/Users/C5406081/developer-portal-v3/src/contexts/ComponentDisplayContext.tsx:9:3)
    at QueryClientProvider (file:///Users/C5406081/developer-portal-v3/node_modules/@tanstack/react-query/build/modern/QueryClientProvider.js:20:3)

stderr | tests/components/ComponentCard.test.tsx > ComponentCard > Disabled State > should not render disabled state for central service in central landscape
Warning: An update to ComponentDisplayProvider inside a test was not wrapped in act(...).

When testing, code that causes React state updates should be wrapped into act(...):

act(() => {
  /* fire events that update state */
});
/* assert on the output */

This ensures that you're testing the behavior the user would see in the browser. Learn more at https://reactjs.org/link/wrap-tests-with-act
    at ComponentDisplayProvider (/Users/C5406081/developer-portal-v3/src/contexts/ComponentDisplayContext.tsx:9:3)
    at QueryClientProvider (file:///Users/C5406081/developer-portal-v3/node_modules/@tanstack/react-query/build/modern/QueryClientProvider.js:20:3)
Warning: An update to ComponentDisplayProvider inside a test was not wrapped in act(...).

When testing, code that causes React state updates should be wrapped into act(...):

act(() => {
  /* fire events that update state */
});
/* assert on the output */

This ensures that you're testing the behavior the user would see in the browser. Learn more at https://reactjs.org/link/wrap-tests-with-act
    at ComponentDisplayProvider (/Users/C5406081/developer-portal-v3/src/contexts/ComponentDisplayContext.tsx:9:3)
    at QueryClientProvider (file:///Users/C5406081/developer-portal-v3/node_modules/@tanstack/react-query/build/modern/QueryClientProvider.js:20:3)

stderr | tests/components/ComponentCard.test.tsx > ComponentCard > Error Handling > should handle Sonar API errors gracefully
Warning: An update to ComponentDisplayProvider inside a test was not wrapped in act(...).

When testing, code that causes React state updates should be wrapped into act(...):

act(() => {
  /* fire events that update state */
});
/* assert on the output */

This ensures that you're testing the behavior the user would see in the browser. Learn more at https://reactjs.org/link/wrap-tests-with-act
    at ComponentDisplayProvider (/Users/C5406081/developer-portal-v3/src/contexts/ComponentDisplayContext.tsx:9:3)
    at QueryClientProvider (file:///Users/C5406081/developer-portal-v3/node_modules/@tanstack/react-query/build/modern/QueryClientProvider.js:20:3)
Warning: An update to ComponentDisplayProvider inside a test was not wrapped in act(...).

When testing, code that causes React state updates should be wrapped into act(...):

act(() => {
  /* fire events that update state */
});
/* assert on the output */

This ensures that you're testing the behavior the user would see in the browser. Learn more at https://reactjs.org/link/wrap-tests-with-act
    at ComponentDisplayProvider (/Users/C5406081/developer-portal-v3/src/contexts/ComponentDisplayContext.tsx:9:3)
    at QueryClientProvider (file:///Users/C5406081/developer-portal-v3/node_modules/@tanstack/react-query/build/modern/QueryClientProvider.js:20:3)

stderr | tests/components/ComponentCard.test.tsx > ComponentCard > Error Handling > should handle health API errors gracefully
Warning: An update to ComponentDisplayProvider inside a test was not wrapped in act(...).

When testing, code that causes React state updates should be wrapped into act(...):

act(() => {
  /* fire events that update state */
});
/* assert on the output */

This ensures that you're testing the behavior the user would see in the browser. Learn more at https://reactjs.org/link/wrap-tests-with-act
    at ComponentDisplayProvider (/Users/C5406081/developer-portal-v3/src/contexts/ComponentDisplayContext.tsx:9:3)
    at QueryClientProvider (file:///Users/C5406081/developer-portal-v3/node_modules/@tanstack/react-query/build/modern/QueryClientProvider.js:20:3)
Warning: An update to ComponentDisplayProvider inside a test was not wrapped in act(...).

When testing, code that causes React state updates should be wrapped into act(...):

act(() => {
  /* fire events that update state */
});
/* assert on the output */

This ensures that you're testing the behavior the user would see in the browser. Learn more at https://reactjs.org/link/wrap-tests-with-act
    at ComponentDisplayProvider (/Users/C5406081/developer-portal-v3/src/contexts/ComponentDisplayContext.tsx:9:3)
    at QueryClientProvider (file:///Users/C5406081/developer-portal-v3/node_modules/@tanstack/react-query/build/modern/QueryClientProvider.js:20:3)

stderr | tests/components/ComponentCard.test.tsx > ComponentCard > Edge Cases > should handle component without Sonar configuration
Warning: An update to ComponentDisplayProvider inside a test was not wrapped in act(...).

When testing, code that causes React state updates should be wrapped into act(...):

act(() => {
  /* fire events that update state */
});
/* assert on the output */

This ensures that you're testing the behavior the user would see in the browser. Learn more at https://reactjs.org/link/wrap-tests-with-act
    at ComponentDisplayProvider (/Users/C5406081/developer-portal-v3/src/contexts/ComponentDisplayContext.tsx:9:3)
    at QueryClientProvider (file:///Users/C5406081/developer-portal-v3/node_modules/@tanstack/react-query/build/modern/QueryClientProvider.js:20:3)
Warning: An update to ComponentDisplayProvider inside a test was not wrapped in act(...).

When testing, code that causes React state updates should be wrapped into act(...):

act(() => {
  /* fire events that update state */
});
/* assert on the output */

This ensures that you're testing the behavior the user would see in the browser. Learn more at https://reactjs.org/link/wrap-tests-with-act
    at ComponentDisplayProvider (/Users/C5406081/developer-portal-v3/src/contexts/ComponentDisplayContext.tsx:9:3)
    at QueryClientProvider (file:///Users/C5406081/developer-portal-v3/node_modules/@tanstack/react-query/build/modern/QueryClientProvider.js:20:3)

stderr | tests/components/ComponentCard.test.tsx > ComponentCard > Edge Cases > should handle empty component title and name
Warning: An update to ComponentDisplayProvider inside a test was not wrapped in act(...).

When testing, code that causes React state updates should be wrapped into act(...):

act(() => {
  /* fire events that update state */
});
/* assert on the output */

This ensures that you're testing the behavior the user would see in the browser. Learn more at https://reactjs.org/link/wrap-tests-with-act
    at ComponentDisplayProvider (/Users/C5406081/developer-portal-v3/src/contexts/ComponentDisplayContext.tsx:9:3)
    at QueryClientProvider (file:///Users/C5406081/developer-portal-v3/node_modules/@tanstack/react-query/build/modern/QueryClientProvider.js:20:3)
Warning: An update to ComponentDisplayProvider inside a test was not wrapped in act(...).

When testing, code that causes React state updates should be wrapped into act(...):

act(() => {
  /* fire events that update state */
});
/* assert on the output */

This ensures that you're testing the behavior the user would see in the browser. Learn more at https://reactjs.org/link/wrap-tests-with-act
    at ComponentDisplayProvider (/Users/C5406081/developer-portal-v3/src/contexts/ComponentDisplayContext.tsx:9:3)
    at QueryClientProvider (file:///Users/C5406081/developer-portal-v3/node_modules/@tanstack/react-query/build/modern/QueryClientProvider.js:20:3)

stderr | tests/components/ComponentCard.test.tsx > ComponentCard > Edge Cases > should handle missing optional props
Warning: An update to ComponentDisplayProvider inside a test was not wrapped in act(...).

When testing, code that causes React state updates should be wrapped into act(...):

act(() => {
  /* fire events that update state */
});
/* assert on the output */

This ensures that you're testing the behavior the user would see in the browser. Learn more at https://reactjs.org/link/wrap-tests-with-act
    at ComponentDisplayProvider (/Users/C5406081/developer-portal-v3/src/contexts/ComponentDisplayContext.tsx:9:3)
    at QueryClientProvider (file:///Users/C5406081/developer-portal-v3/node_modules/@tanstack/react-query/build/modern/QueryClientProvider.js:20:3)
Warning: An update to ComponentDisplayProvider inside a test was not wrapped in act(...).

When testing, code that causes React state updates should be wrapped into act(...):

act(() => {
  /* fire events that update state */
});
/* assert on the output */

This ensures that you're testing the behavior the user would see in the browser. Learn more at https://reactjs.org/link/wrap-tests-with-act
    at ComponentDisplayProvider (/Users/C5406081/developer-portal-v3/src/contexts/ComponentDisplayContext.tsx:9:3)
    at QueryClientProvider (file:///Users/C5406081/developer-portal-v3/node_modules/@tanstack/react-query/build/modern/QueryClientProvider.js:20:3)

stderr | tests/components/ComponentCard.test.tsx > ComponentCard > Accessibility > should have proper button roles for action buttons
Warning: An update to ComponentDisplayProvider inside a test was not wrapped in act(...).

When testing, code that causes React state updates should be wrapped into act(...):

act(() => {
  /* fire events that update state */
});
/* assert on the output */

This ensures that you're testing the behavior the user would see in the browser. Learn more at https://reactjs.org/link/wrap-tests-with-act
    at ComponentDisplayProvider (/Users/C5406081/developer-portal-v3/src/contexts/ComponentDisplayContext.tsx:9:3)
    at QueryClientProvider (file:///Users/C5406081/developer-portal-v3/node_modules/@tanstack/react-query/build/modern/QueryClientProvider.js:20:3)
Warning: An update to ComponentDisplayProvider inside a test was not wrapped in act(...).

When testing, code that causes React state updates should be wrapped into act(...):

act(() => {
  /* fire events that update state */
});
/* assert on the output */

This ensures that you're testing the behavior the user would see in the browser. Learn more at https://reactjs.org/link/wrap-tests-with-act
    at ComponentDisplayProvider (/Users/C5406081/developer-portal-v3/src/contexts/ComponentDisplayContext.tsx:9:3)
    at QueryClientProvider (file:///Users/C5406081/developer-portal-v3/node_modules/@tanstack/react-query/build/modern/QueryClientProvider.js:20:3)

stderr | tests/components/ComponentCard.test.tsx > ComponentCard > Performance > should not re-render unnecessarily with same props
Warning: An update to ComponentDisplayProvider inside a test was not wrapped in act(...).

When testing, code that causes React state updates should be wrapped into act(...):

act(() => {
  /* fire events that update state */
});
/* assert on the output */

This ensures that you're testing the behavior the user would see in the browser. Learn more at https://reactjs.org/link/wrap-tests-with-act
    at ComponentDisplayProvider (/Users/C5406081/developer-portal-v3/src/contexts/ComponentDisplayContext.tsx:9:3)
    at QueryClientProvider (file:///Users/C5406081/developer-portal-v3/node_modules/@tanstack/react-query/build/modern/QueryClientProvider.js:20:3)
Warning: An update to ComponentDisplayProvider inside a test was not wrapped in act(...).

When testing, code that causes React state updates should be wrapped into act(...):

act(() => {
  /* fire events that update state */
});
/* assert on the output */

This ensures that you're testing the behavior the user would see in the browser. Learn more at https://reactjs.org/link/wrap-tests-with-act
    at ComponentDisplayProvider (/Users/C5406081/developer-portal-v3/src/contexts/ComponentDisplayContext.tsx:9:3)
    at QueryClientProvider (file:///Users/C5406081/developer-portal-v3/node_modules/@tanstack/react-query/build/modern/QueryClientProvider.js:20:3)

 ✓ tests/components/Links/UnifiedLinkCard.test.tsx (24 tests) 372ms
stderr | tests/components/ai-arena/AIChatPane.test.tsx > AIChatPane > Edge Cases and Error Handling > handles context provider errors gracefully
Error: Context not found
    at Proxy.<anonymous> (/Users/C5406081/developer-portal-v3/tests/components/ai-arena/AIChatPane.test.tsx:387:15)
    at Proxy.mockCall (file:///Users/C5406081/developer-portal-v3/node_modules/@vitest/spy/dist/index.js:96:15)
    at Proxy.spy (file:///Users/C5406081/developer-portal-v3/node_modules/tinyspy/dist/index.js:47:80)
    at AIChatPane (/Users/C5406081/developer-portal-v3/src/features/ai-arena/AIChatPane.tsx:11:81)
    at renderWithHooks (/Users/C5406081/developer-portal-v3/node_modules/react-dom/cjs/react-dom.development.js:15486:18)
    at mountIndeterminateComponent (/Users/C5406081/developer-portal-v3/node_modules/react-dom/cjs/react-dom.development.js:20103:13)
    at beginWork (/Users/C5406081/developer-portal-v3/node_modules/react-dom/cjs/react-dom.development.js:21626:16)
    at HTMLUnknownElement.callCallback (/Users/C5406081/developer-portal-v3/node_modules/react-dom/cjs/react-dom.development.js:4164:14)
    at HTMLUnknownElement.callTheUserObjectsOperation (/Users/C5406081/developer-portal-v3/node_modules/jsdom/lib/jsdom/living/generated/EventListener.js:26:30)
    at innerInvokeEventListeners (/Users/C5406081/developer-portal-v3/node_modules/jsdom/lib/jsdom/living/events/EventTarget-impl.js:360:16)
Error: Context not found
    at Proxy.<anonymous> (/Users/C5406081/developer-portal-v3/tests/components/ai-arena/AIChatPane.test.tsx:387:15)
    at Proxy.mockCall (file:///Users/C5406081/developer-portal-v3/node_modules/@vitest/spy/dist/index.js:96:15)
    at Proxy.spy (file:///Users/C5406081/developer-portal-v3/node_modules/tinyspy/dist/index.js:47:80)
    at AIChatPane (/Users/C5406081/developer-portal-v3/src/features/ai-arena/AIChatPane.tsx:11:81)
    at renderWithHooks (/Users/C5406081/developer-portal-v3/node_modules/react-dom/cjs/react-dom.development.js:15486:18)
    at mountIndeterminateComponent (/Users/C5406081/developer-portal-v3/node_modules/react-dom/cjs/react-dom.development.js:20103:13)
    at beginWork (/Users/C5406081/developer-portal-v3/node_modules/react-dom/cjs/react-dom.development.js:21626:16)
    at HTMLUnknownElement.callCallback (/Users/C5406081/developer-portal-v3/node_modules/react-dom/cjs/react-dom.development.js:4164:14)
    at HTMLUnknownElement.callTheUserObjectsOperation (/Users/C5406081/developer-portal-v3/node_modules/jsdom/lib/jsdom/living/generated/EventListener.js:26:30)
    at innerInvokeEventListeners (/Users/C5406081/developer-portal-v3/node_modules/jsdom/lib/jsdom/living/events/EventTarget-impl.js:360:16)
The above error occurred in the <AIChatPane> component:

    at AIChatPane (/Users/C5406081/developer-portal-v3/src/features/ai-arena/AIChatPane.tsx:16:103)

Consider adding an error boundary to your tree to customize error handling behavior.
Visit https://reactjs.org/link/error-boundaries to learn more about error boundaries.

 ✓ tests/components/ai-arena/AIChatPane.test.tsx (14 tests) 369ms
 ✓ tests/components/ComponentCard.test.tsx (32 tests) 360ms
 ✓ tests/components/Links/CompactLinkCard.test.tsx (18 tests) 452ms
 ✓ tests/components/Team/DutySchedule/ScheduleHeader.test.tsx (23 tests) 525ms
 ✓ tests/components/docs/DocsSidebar.test.tsx (11 tests) 354ms
stderr | tests/integration-tests/HomePage.integration.test.tsx > HomePage Integration Tests > Core Integration Tests > should render HomePage with all main sections and API data
⚠️ React Router Future Flag Warning: React Router will begin wrapping state updates in `React.startTransition` in v7. You can use the `v7_startTransition` future flag to opt-in early. For more information, see https://reactrouter.com/v6/upgrading/future#v7_starttransition.
⚠️ React Router Future Flag Warning: Relative route resolution within Splat routes is changing in v7. You can use the `v7_relativeSplatPath` future flag to opt-in early. For more information, see https://reactrouter.com/v6/upgrading/future#v7_relativesplatpath.

stderr | tests/integration-tests/HomePage.integration.test.tsx > HomePage Integration Tests > Core Integration Tests > should render HomePage with all main sections and API data
The width(0) and height(0) of chart should be greater than 0,
       please check the style of container, or the props width(100%) and height(100%),
       or add a minWidth(0) or minHeight(undefined) or use aspect(undefined) to control the
       height and width.

 ✓ tests/features/docs/components/DeleteConfirmDialog.test.tsx (15 tests) 456ms
stderr | tests/integration-tests/HomePage.integration.test.tsx > HomePage Integration Tests > Core Integration Tests > should handle API loading states
The width(0) and height(0) of chart should be greater than 0,
       please check the style of container, or the props width(100%) and height(100%),
       or add a minWidth(0) or minHeight(undefined) or use aspect(undefined) to control the
       height and width.

stderr | tests/integration-tests/HomePage.integration.test.tsx > HomePage Integration Tests > Core Integration Tests > should handle API loading states
The width(0) and height(0) of chart should be greater than 0,
       please check the style of container, or the props width(100%) and height(100%),
       or add a minWidth(0) or minHeight(undefined) or use aspect(undefined) to control the
       height and width.

stderr | tests/integration-tests/HomePage.integration.test.tsx > HomePage Integration Tests > Core Integration Tests > should handle API errors gracefully
The width(0) and height(0) of chart should be greater than 0,
       please check the style of container, or the props width(100%) and height(100%),
       or add a minWidth(0) or minHeight(undefined) or use aspect(undefined) to control the
       height and width.

stderr | tests/integration-tests/HomePage.integration.test.tsx > HomePage Integration Tests > Core Integration Tests > should clear header tabs on mount
The width(0) and height(0) of chart should be greater than 0,
       please check the style of container, or the props width(100%) and height(100%),
       or add a minWidth(0) or minHeight(undefined) or use aspect(undefined) to control the
       height and width.

 ✓ tests/integration-tests/HomePage.integration.test.tsx (6 tests) 464ms
 ✓ tests/components/Links/UnifiedLinksGrid.test.tsx (18 tests) 253ms
 ✓ tests/components/homepage/CamProfilesTab.test.tsx (8 tests) 270ms
 ✓ tests/lib/chat-db.test.ts (21 tests) 257ms
 ✓ tests/components/Alerts/AlertViewDialog.test.tsx (9 tests) 242ms
 ✓ tests/components/Team/TeamDocs.test.tsx (21 tests) 293ms
 ✓ tests/components/QuickFilterButtons.test.tsx (6 tests) 304ms
stderr | tests/components/homepage/GithubPrsTab.test.tsx > GithubPrsTab > calculates total pages correctly
Warning: Encountered two children with the same key, `1`. Keys should be unique so that components maintain their identity across updates. Non-unique keys may cause children to be duplicated and/or omitted — the behavior is unsupported and could change in a future version.
    at tbody
    at /Users/C5406081/developer-portal-v3/src/components/ui/table.tsx:34:55
    at table
    at div
    at /Users/C5406081/developer-portal-v3/src/components/ui/table.tsx:7:51
    at div
    at div
    at GithubPrsTab (/Users/C5406081/developer-portal-v3/src/components/tabs/MePageTabs/GithubPrsTab.tsx:22:3)
    at QueryClientProvider (file:///Users/C5406081/developer-portal-v3/node_modules/@tanstack/react-query/build/modern/QueryClientProvider.js:20:3)
Warning: Encountered two children with the same key, `1`. Keys should be unique so that components maintain their identity across updates. Non-unique keys may cause children to be duplicated and/or omitted — the behavior is unsupported and could change in a future version.
    at tbody
    at /Users/C5406081/developer-portal-v3/src/components/ui/table.tsx:34:55
    at table
    at div
    at /Users/C5406081/developer-portal-v3/src/components/ui/table.tsx:7:51
    at div
    at div
    at GithubPrsTab (/Users/C5406081/developer-portal-v3/src/components/tabs/MePageTabs/GithubPrsTab.tsx:22:3)
    at QueryClientProvider (file:///Users/C5406081/developer-portal-v3/node_modules/@tanstack/react-query/build/modern/QueryClientProvider.js:20:3)
Warning: Encountered two children with the same key, `1`. Keys should be unique so that components maintain their identity across updates. Non-unique keys may cause children to be duplicated and/or omitted — the behavior is unsupported and could change in a future version.
    at tbody
    at /Users/C5406081/developer-portal-v3/src/components/ui/table.tsx:34:55
    at table
    at div
    at /Users/C5406081/developer-portal-v3/src/components/ui/table.tsx:7:51
    at div
    at div
    at GithubPrsTab (/Users/C5406081/developer-portal-v3/src/components/tabs/MePageTabs/GithubPrsTab.tsx:22:3)
    at QueryClientProvider (file:///Users/C5406081/developer-portal-v3/node_modules/@tanstack/react-query/build/modern/QueryClientProvider.js:20:3)
Warning: Encountered two children with the same key, `1`. Keys should be unique so that components maintain their identity across updates. Non-unique keys may cause children to be duplicated and/or omitted — the behavior is unsupported and could change in a future version.
    at tbody
    at /Users/C5406081/developer-portal-v3/src/components/ui/table.tsx:34:55
    at table
    at div
    at /Users/C5406081/developer-portal-v3/src/components/ui/table.tsx:7:51
    at div
    at div
    at GithubPrsTab (/Users/C5406081/developer-portal-v3/src/components/tabs/MePageTabs/GithubPrsTab.tsx:22:3)
    at QueryClientProvider (file:///Users/C5406081/developer-portal-v3/node_modules/@tanstack/react-query/build/modern/QueryClientProvider.js:20:3)

 ✓ tests/components/homepage/GithubPrsTab.test.tsx (14 tests) 386ms
stderr | tests/pages/HomePage/HomePage.test.tsx > HomePage > Header Navigation > clears header tabs on mount
⚠️ React Router Future Flag Warning: React Router will begin wrapping state updates in `React.startTransition` in v7. You can use the `v7_startTransition` future flag to opt-in early. For more information, see https://reactrouter.com/v6/upgrading/future#v7_starttransition.
⚠️ React Router Future Flag Warning: Relative route resolution within Splat routes is changing in v7. You can use the `v7_relativeSplatPath` future flag to opt-in early. For more information, see https://reactrouter.com/v6/upgrading/future#v7_relativesplatpath.
The width(0) and height(0) of chart should be greater than 0,
       please check the style of container, or the props width(100%) and height(100%),
       or add a minWidth(0) or minHeight(undefined) or use aspect(undefined) to control the
       height and width.

stderr | tests/pages/HomePage/HomePage.test.tsx > HomePage > Statistics Cards > displays Average PR time stat with correct value including "min" suffix
The width(0) and height(0) of chart should be greater than 0,
       please check the style of container, or the props width(100%) and height(100%),
       or add a minWidth(0) or minHeight(undefined) or use aspect(undefined) to control the
       height and width.

stderr | tests/pages/HomePage/HomePage.test.tsx > HomePage > Average PR Time > displays correct PR count with "min" suffix from API response
The width(0) and height(0) of chart should be greater than 0,
       please check the style of container, or the props width(100%) and height(100%),
       or add a minWidth(0) or minHeight(undefined) or use aspect(undefined) to control the
       height and width.

 ✓ tests/components/docs/DocsTableOfContents.test.tsx (11 tests) 239ms
stderr | tests/pages/HomePage/HomePage.test.tsx > HomePage > Average PR Time > handles zero PR count with "min" suffix
The width(0) and height(0) of chart should be greater than 0,
       please check the style of container, or the props width(100%) and height(100%),
       or add a minWidth(0) or minHeight(undefined) or use aspect(undefined) to control the
       height and width.

stderr | tests/pages/HomePage/HomePage.test.tsx > HomePage > Average PR Time > handles large PR count with "min" suffix
The width(0) and height(0) of chart should be greater than 0,
       please check the style of container, or the props width(100%) and height(100%),
       or add a minWidth(0) or minHeight(undefined) or use aspect(undefined) to control the
       height and width.

stderr | tests/pages/HomePage/HomePage.test.tsx > HomePage > Tab Content CSS Classes > applies tab-content-height class to all TabsContent elements
The width(0) and height(0) of chart should be greater than 0,
       please check the style of container, or the props width(100%) and height(100%),
       or add a minWidth(0) or minHeight(undefined) or use aspect(undefined) to control the
       height and width.

 ✓ tests/pages/HomePage/HomePage.test.tsx (7 tests) 257ms
 ✓ tests/components/SelfServiceComponents/SelfServiceDialogButtons.test.tsx (4 tests) 253ms
stderr | tests/components/Team/DutySchedule/ScheduleTable.test.tsx > ScheduleTable Component > Basic Rendering > should render table structure correctly
Warning: validateDOMNesting(...): <div> cannot appear as a child of <select>.
    at div
    at SelectTrigger (/Users/C5406081/developer-portal-v3/tests/components/Team/DutySchedule/ScheduleTable.test.tsx:36:21)
    at select
    at div
    at Select (/Users/C5406081/developer-portal-v3/tests/components/Team/DutySchedule/ScheduleTable.test.tsx:25:14)
    at td
    at TableCell (/Users/C5406081/developer-portal-v3/tests/components/Team/DutySchedule/ScheduleTable.test.tsx:5:17)
    at tr
    at TableRow (/Users/C5406081/developer-portal-v3/tests/components/Team/DutySchedule/ScheduleTable.test.tsx:8:16)
    at tbody
    at TableBody (/Users/C5406081/developer-portal-v3/tests/components/Team/DutySchedule/ScheduleTable.test.tsx:4:17)
    at table
    at Table (/Users/C5406081/developer-portal-v3/tests/components/Team/DutySchedule/ScheduleTable.test.tsx:3:13)
    at div
    at div
    at ScheduleTable (/Users/C5406081/developer-portal-v3/src/components/Team/DutySchedule/ScheduleTable.tsx:22:3)

stderr | tests/components/Team/TeamJiraTable.test.tsx > TeamJiraTable > Props Validation > handles undefined filteredIssues gracefully
TypeError: Cannot read properties of undefined (reading 'map')
    at JiraIssuesTable (/Users/C5406081/developer-portal-v3/src/components/Homepage/JiraIssuesTable.tsx:25:17)
    at renderWithHooks (/Users/C5406081/developer-portal-v3/node_modules/react-dom/cjs/react-dom.development.js:15486:18)
    at mountIndeterminateComponent (/Users/C5406081/developer-portal-v3/node_modules/react-dom/cjs/react-dom.development.js:20103:13)
    at beginWork (/Users/C5406081/developer-portal-v3/node_modules/react-dom/cjs/react-dom.development.js:21626:16)
    at HTMLUnknownElement.callCallback (/Users/C5406081/developer-portal-v3/node_modules/react-dom/cjs/react-dom.development.js:4164:14)
    at HTMLUnknownElement.callTheUserObjectsOperation (/Users/C5406081/developer-portal-v3/node_modules/jsdom/lib/jsdom/living/generated/EventListener.js:26:30)
    at innerInvokeEventListeners (/Users/C5406081/developer-portal-v3/node_modules/jsdom/lib/jsdom/living/events/EventTarget-impl.js:360:16)
    at invokeEventListeners (/Users/C5406081/developer-portal-v3/node_modules/jsdom/lib/jsdom/living/events/EventTarget-impl.js:296:3)
    at HTMLUnknownElementImpl._dispatch (/Users/C5406081/developer-portal-v3/node_modules/jsdom/lib/jsdom/living/events/EventTarget-impl.js:243:9)
    at HTMLUnknownElementImpl.dispatchEvent (/Users/C5406081/developer-portal-v3/node_modules/jsdom/lib/jsdom/living/events/EventTarget-impl.js:114:17)
TypeError: Cannot read properties of undefined (reading 'map')
    at JiraIssuesTable (/Users/C5406081/developer-portal-v3/src/components/Homepage/JiraIssuesTable.tsx:25:17)
    at renderWithHooks (/Users/C5406081/developer-portal-v3/node_modules/react-dom/cjs/react-dom.development.js:15486:18)
    at mountIndeterminateComponent (/Users/C5406081/developer-portal-v3/node_modules/react-dom/cjs/react-dom.development.js:20103:13)
    at beginWork (/Users/C5406081/developer-portal-v3/node_modules/react-dom/cjs/react-dom.development.js:21626:16)
    at HTMLUnknownElement.callCallback (/Users/C5406081/developer-portal-v3/node_modules/react-dom/cjs/react-dom.development.js:4164:14)
    at HTMLUnknownElement.callTheUserObjectsOperation (/Users/C5406081/developer-portal-v3/node_modules/jsdom/lib/jsdom/living/generated/EventListener.js:26:30)
    at innerInvokeEventListeners (/Users/C5406081/developer-portal-v3/node_modules/jsdom/lib/jsdom/living/events/EventTarget-impl.js:360:16)
    at invokeEventListeners (/Users/C5406081/developer-portal-v3/node_modules/jsdom/lib/jsdom/living/events/EventTarget-impl.js:296:3)
    at HTMLUnknownElementImpl._dispatch (/Users/C5406081/developer-portal-v3/node_modules/jsdom/lib/jsdom/living/events/EventTarget-impl.js:243:9)
    at HTMLUnknownElementImpl.dispatchEvent (/Users/C5406081/developer-portal-v3/node_modules/jsdom/lib/jsdom/living/events/EventTarget-impl.js:114:17)
The above error occurred in the <JiraIssuesTable> component:

    at JiraIssuesTable (/Users/C5406081/developer-portal-v3/src/components/Homepage/JiraIssuesTable.tsx:7:28)
    at TeamJiraTable (/Users/C5406081/developer-portal-v3/src/components/Team/TeamJiraTable.tsx:6:3)

Consider adding an error boundary to your tree to customize error handling behavior.
Visit https://reactjs.org/link/error-boundaries to learn more about error boundaries.

stderr | tests/components/Team/DutySchedule/ScheduleTable.test.tsx > ScheduleTable Component > Edge Cases > should handle invalid date formats gracefully
Warning: Received NaN for the `children` attribute. If this is expected, cast the value to a string.
    at span
    at td
    at TableCell (/Users/C5406081/developer-portal-v3/tests/components/Team/DutySchedule/ScheduleTable.test.tsx:5:17)
    at tr
    at TableRow (/Users/C5406081/developer-portal-v3/tests/components/Team/DutySchedule/ScheduleTable.test.tsx:8:16)
    at tbody
    at TableBody (/Users/C5406081/developer-portal-v3/tests/components/Team/DutySchedule/ScheduleTable.test.tsx:4:17)
    at table
    at Table (/Users/C5406081/developer-portal-v3/tests/components/Team/DutySchedule/ScheduleTable.test.tsx:3:13)
    at div
    at div
    at ScheduleTable (/Users/C5406081/developer-portal-v3/src/components/Team/DutySchedule/ScheduleTable.tsx:22:3)

 ✓ tests/components/Team/TeamJiraTable.test.tsx (12 tests) 238ms
 ✓ tests/components/Team/DutySchedule/ScheduleTable.test.tsx (26 tests) 238ms
stderr | tests/components/Team/TeamJiraIssues.test.tsx > TeamJiraIssues > Edge Cases > handles missing jiraFilters
TypeError: Cannot destructure property 'filteredIssues' of 'jiraFilters' as it is null.
    at TeamJiraIssues (/Users/C5406081/developer-portal-v3/src/components/Team/TeamJiraIssues.tsx:14:5)
    at renderWithHooks (/Users/C5406081/developer-portal-v3/node_modules/react-dom/cjs/react-dom.development.js:15486:18)
    at mountIndeterminateComponent (/Users/C5406081/developer-portal-v3/node_modules/react-dom/cjs/react-dom.development.js:20103:13)
    at beginWork (/Users/C5406081/developer-portal-v3/node_modules/react-dom/cjs/react-dom.development.js:21626:16)
    at HTMLUnknownElement.callCallback (/Users/C5406081/developer-portal-v3/node_modules/react-dom/cjs/react-dom.development.js:4164:14)
    at HTMLUnknownElement.callTheUserObjectsOperation (/Users/C5406081/developer-portal-v3/node_modules/jsdom/lib/jsdom/living/generated/EventListener.js:26:30)
    at innerInvokeEventListeners (/Users/C5406081/developer-portal-v3/node_modules/jsdom/lib/jsdom/living/events/EventTarget-impl.js:360:16)
    at invokeEventListeners (/Users/C5406081/developer-portal-v3/node_modules/jsdom/lib/jsdom/living/events/EventTarget-impl.js:296:3)
    at HTMLUnknownElementImpl._dispatch (/Users/C5406081/developer-portal-v3/node_modules/jsdom/lib/jsdom/living/events/EventTarget-impl.js:243:9)
    at HTMLUnknownElementImpl.dispatchEvent (/Users/C5406081/developer-portal-v3/node_modules/jsdom/lib/jsdom/living/events/EventTarget-impl.js:114:17)
TypeError: Cannot destructure property 'filteredIssues' of 'jiraFilters' as it is null.
    at TeamJiraIssues (/Users/C5406081/developer-portal-v3/src/components/Team/TeamJiraIssues.tsx:14:5)
    at renderWithHooks (/Users/C5406081/developer-portal-v3/node_modules/react-dom/cjs/react-dom.development.js:15486:18)
    at mountIndeterminateComponent (/Users/C5406081/developer-portal-v3/node_modules/react-dom/cjs/react-dom.development.js:20103:13)
    at beginWork (/Users/C5406081/developer-portal-v3/node_modules/react-dom/cjs/react-dom.development.js:21626:16)
    at HTMLUnknownElement.callCallback (/Users/C5406081/developer-portal-v3/node_modules/react-dom/cjs/react-dom.development.js:4164:14)
    at HTMLUnknownElement.callTheUserObjectsOperation (/Users/C5406081/developer-portal-v3/node_modules/jsdom/lib/jsdom/living/generated/EventListener.js:26:30)
    at innerInvokeEventListeners (/Users/C5406081/developer-portal-v3/node_modules/jsdom/lib/jsdom/living/events/EventTarget-impl.js:360:16)
    at invokeEventListeners (/Users/C5406081/developer-portal-v3/node_modules/jsdom/lib/jsdom/living/events/EventTarget-impl.js:296:3)
    at HTMLUnknownElementImpl._dispatch (/Users/C5406081/developer-portal-v3/node_modules/jsdom/lib/jsdom/living/events/EventTarget-impl.js:243:9)
    at HTMLUnknownElementImpl.dispatchEvent (/Users/C5406081/developer-portal-v3/node_modules/jsdom/lib/jsdom/living/events/EventTarget-impl.js:114:17)
The above error occurred in the <TeamJiraIssues> component:

    at TeamJiraIssues (/Users/C5406081/developer-portal-v3/src/components/Team/TeamJiraIssues.tsx:20:5)

Consider adding an error boundary to your tree to customize error handling behavior.
Visit https://reactjs.org/link/error-boundaries to learn more about error boundaries.

stderr | tests/components/Team/TeamJiraIssues.test.tsx > TeamJiraIssues > Context Integration > handles context errors
Error: Context error
    at Module.<anonymous> (/Users/C5406081/developer-portal-v3/tests/components/Team/TeamJiraIssues.test.tsx:537:15)
    at Module.mockCall (file:///Users/C5406081/developer-portal-v3/node_modules/@vitest/spy/dist/index.js:96:15)
    at Module.useTeamContext (file:///Users/C5406081/developer-portal-v3/node_modules/tinyspy/dist/index.js:47:80)
    at TeamJiraIssues (/Users/C5406081/developer-portal-v3/src/components/Team/TeamJiraIssues.tsx:11:36)
    at renderWithHooks (/Users/C5406081/developer-portal-v3/node_modules/react-dom/cjs/react-dom.development.js:15486:18)
    at mountIndeterminateComponent (/Users/C5406081/developer-portal-v3/node_modules/react-dom/cjs/react-dom.development.js:20103:13)
    at beginWork (/Users/C5406081/developer-portal-v3/node_modules/react-dom/cjs/react-dom.development.js:21626:16)
    at HTMLUnknownElement.callCallback (/Users/C5406081/developer-portal-v3/node_modules/react-dom/cjs/react-dom.development.js:4164:14)
    at HTMLUnknownElement.callTheUserObjectsOperation (/Users/C5406081/developer-portal-v3/node_modules/jsdom/lib/jsdom/living/generated/EventListener.js:26:30)
    at innerInvokeEventListeners (/Users/C5406081/developer-portal-v3/node_modules/jsdom/lib/jsdom/living/events/EventTarget-impl.js:360:16)
Error: Context error
    at Module.<anonymous> (/Users/C5406081/developer-portal-v3/tests/components/Team/TeamJiraIssues.test.tsx:537:15)
    at Module.mockCall (file:///Users/C5406081/developer-portal-v3/node_modules/@vitest/spy/dist/index.js:96:15)
    at Module.useTeamContext (file:///Users/C5406081/developer-portal-v3/node_modules/tinyspy/dist/index.js:47:80)
    at TeamJiraIssues (/Users/C5406081/developer-portal-v3/src/components/Team/TeamJiraIssues.tsx:11:36)
    at renderWithHooks (/Users/C5406081/developer-portal-v3/node_modules/react-dom/cjs/react-dom.development.js:15486:18)
    at mountIndeterminateComponent (/Users/C5406081/developer-portal-v3/node_modules/react-dom/cjs/react-dom.development.js:20103:13)
    at beginWork (/Users/C5406081/developer-portal-v3/node_modules/react-dom/cjs/react-dom.development.js:21626:16)
    at HTMLUnknownElement.callCallback (/Users/C5406081/developer-portal-v3/node_modules/react-dom/cjs/react-dom.development.js:4164:14)
    at HTMLUnknownElement.callTheUserObjectsOperation (/Users/C5406081/developer-portal-v3/node_modules/jsdom/lib/jsdom/living/generated/EventListener.js:26:30)
    at innerInvokeEventListeners (/Users/C5406081/developer-portal-v3/node_modules/jsdom/lib/jsdom/living/events/EventTarget-impl.js:360:16)
The above error occurred in the <TeamJiraIssues> component:

    at TeamJiraIssues (/Users/C5406081/developer-portal-v3/src/components/Team/TeamJiraIssues.tsx:20:5)

Consider adding an error boundary to your tree to customize error handling behavior.
Visit https://reactjs.org/link/error-boundaries to learn more about error boundaries.

 ✓ tests/components/ai-launchpad/CreateDeploymentDialogButtons.test.tsx (5 tests) 263ms
 ✓ tests/components/ai-launchpad/ConfirmDialog.test.tsx (4 tests) 292ms
 ✓ tests/components/Team/TeamHeader.test.tsx (18 tests) 293ms
 ✓ tests/components/Team/TeamJiraIssues.test.tsx (16 tests) 254ms
stderr | tests/pages/SelfServicePage/SelfServicePage.test.tsx > SelfServicePage - Comprehensive Tests > Basic Rendering > renders page structure and service blocks correctly
⚠️ React Router Future Flag Warning: React Router will begin wrapping state updates in `React.startTransition` in v7. You can use the `v7_startTransition` future flag to opt-in early. For more information, see https://reactrouter.com/v6/upgrading/future#v7_starttransition.
⚠️ React Router Future Flag Warning: Relative route resolution within Splat routes is changing in v7. You can use the `v7_relativeSplatPath` future flag to opt-in early. For more information, see https://reactrouter.com/v6/upgrading/future#v7_relativesplatpath.

stderr | tests/pages/SelfServicePage/SelfServicePage.test.tsx > SelfServicePage - Comprehensive Tests > Job Status Management > submits job and starts polling on success
Warning: An update to SelfServicePage inside a test was not wrapped in act(...).

When testing, code that causes React state updates should be wrapped into act(...):

act(() => {
  /* fire events that update state */
});
/* assert on the output */

This ensures that you're testing the behavior the user would see in the browser. Learn more at https://reactjs.org/link/wrap-tests-with-act
    at SelfServicePage (/Users/C5406081/developer-portal-v3/src/pages/SelfServicePage.tsx:30:63)
    at QueryClientProvider (file:///Users/C5406081/developer-portal-v3/node_modules/@tanstack/react-query/build/modern/QueryClientProvider.js:20:3)
    at Router (/Users/C5406081/developer-portal-v3/node_modules/react-router/dist/umd/react-router.development.js:1207:17)
    at MemoryRouter (/Users/C5406081/developer-portal-v3/node_modules/react-router/dist/umd/react-router.development.js:1101:7)
Warning: An update to SelfServicePage inside a test was not wrapped in act(...).

When testing, code that causes React state updates should be wrapped into act(...):

act(() => {
  /* fire events that update state */
});
/* assert on the output */

This ensures that you're testing the behavior the user would see in the browser. Learn more at https://reactjs.org/link/wrap-tests-with-act
    at SelfServicePage (/Users/C5406081/developer-portal-v3/src/pages/SelfServicePage.tsx:30:63)
    at QueryClientProvider (file:///Users/C5406081/developer-portal-v3/node_modules/@tanstack/react-query/build/modern/QueryClientProvider.js:20:3)
    at Router (/Users/C5406081/developer-portal-v3/node_modules/react-router/dist/umd/react-router.development.js:1207:17)
    at MemoryRouter (/Users/C5406081/developer-portal-v3/node_modules/react-router/dist/umd/react-router.development.js:1101:7)
Warning: An update to SelfServicePage inside a test was not wrapped in act(...).

When testing, code that causes React state updates should be wrapped into act(...):

act(() => {
  /* fire events that update state */
});
/* assert on the output */

This ensures that you're testing the behavior the user would see in the browser. Learn more at https://reactjs.org/link/wrap-tests-with-act
    at SelfServicePage (/Users/C5406081/developer-portal-v3/src/pages/SelfServicePage.tsx:30:63)
    at QueryClientProvider (file:///Users/C5406081/developer-portal-v3/node_modules/@tanstack/react-query/build/modern/QueryClientProvider.js:20:3)
    at Router (/Users/C5406081/developer-portal-v3/node_modules/react-router/dist/umd/react-router.development.js:1207:17)
    at MemoryRouter (/Users/C5406081/developer-portal-v3/node_modules/react-router/dist/umd/react-router.development.js:1101:7)
Warning: An update to SelfServicePage inside a test was not wrapped in act(...).

When testing, code that causes React state updates should be wrapped into act(...):

act(() => {
  /* fire events that update state */
});
/* assert on the output */

This ensures that you're testing the behavior the user would see in the browser. Learn more at https://reactjs.org/link/wrap-tests-with-act
    at SelfServicePage (/Users/C5406081/developer-portal-v3/src/pages/SelfServicePage.tsx:30:63)
    at QueryClientProvider (file:///Users/C5406081/developer-portal-v3/node_modules/@tanstack/react-query/build/modern/QueryClientProvider.js:20:3)
    at Router (/Users/C5406081/developer-portal-v3/node_modules/react-router/dist/umd/react-router.development.js:1207:17)
    at MemoryRouter (/Users/C5406081/developer-portal-v3/node_modules/react-router/dist/umd/react-router.development.js:1101:7)
Warning: An update to SelfServicePage inside a test was not wrapped in act(...).

When testing, code that causes React state updates should be wrapped into act(...):

act(() => {
  /* fire events that update state */
});
/* assert on the output */

This ensures that you're testing the behavior the user would see in the browser. Learn more at https://reactjs.org/link/wrap-tests-with-act
    at SelfServicePage (/Users/C5406081/developer-portal-v3/src/pages/SelfServicePage.tsx:30:63)
    at QueryClientProvider (file:///Users/C5406081/developer-portal-v3/node_modules/@tanstack/react-query/build/modern/QueryClientProvider.js:20:3)
    at Router (/Users/C5406081/developer-portal-v3/node_modules/react-router/dist/umd/react-router.development.js:1207:17)
    at MemoryRouter (/Users/C5406081/developer-portal-v3/node_modules/react-router/dist/umd/react-router.development.js:1101:7)

stderr | tests/pages/SelfServicePage/SelfServicePage.test.tsx > SelfServicePage - Comprehensive Tests > Job Status Management > completes polling and removes poller
Warning: An update to SelfServicePage inside a test was not wrapped in act(...).

When testing, code that causes React state updates should be wrapped into act(...):

act(() => {
  /* fire events that update state */
});
/* assert on the output */

This ensures that you're testing the behavior the user would see in the browser. Learn more at https://reactjs.org/link/wrap-tests-with-act
    at SelfServicePage (/Users/C5406081/developer-portal-v3/src/pages/SelfServicePage.tsx:30:63)
    at QueryClientProvider (file:///Users/C5406081/developer-portal-v3/node_modules/@tanstack/react-query/build/modern/QueryClientProvider.js:20:3)
    at Router (/Users/C5406081/developer-portal-v3/node_modules/react-router/dist/umd/react-router.development.js:1207:17)
    at MemoryRouter (/Users/C5406081/developer-portal-v3/node_modules/react-router/dist/umd/react-router.development.js:1101:7)
Warning: An update to SelfServicePage inside a test was not wrapped in act(...).

When testing, code that causes React state updates should be wrapped into act(...):

act(() => {
  /* fire events that update state */
});
/* assert on the output */

This ensures that you're testing the behavior the user would see in the browser. Learn more at https://reactjs.org/link/wrap-tests-with-act
    at SelfServicePage (/Users/C5406081/developer-portal-v3/src/pages/SelfServicePage.tsx:30:63)
    at QueryClientProvider (file:///Users/C5406081/developer-portal-v3/node_modules/@tanstack/react-query/build/modern/QueryClientProvider.js:20:3)
    at Router (/Users/C5406081/developer-portal-v3/node_modules/react-router/dist/umd/react-router.development.js:1207:17)
    at MemoryRouter (/Users/C5406081/developer-portal-v3/node_modules/react-router/dist/umd/react-router.development.js:1101:7)
Warning: An update to SelfServicePage inside a test was not wrapped in act(...).

When testing, code that causes React state updates should be wrapped into act(...):

act(() => {
  /* fire events that update state */
});
/* assert on the output */

This ensures that you're testing the behavior the user would see in the browser. Learn more at https://reactjs.org/link/wrap-tests-with-act
    at SelfServicePage (/Users/C5406081/developer-portal-v3/src/pages/SelfServicePage.tsx:30:63)
    at QueryClientProvider (file:///Users/C5406081/developer-portal-v3/node_modules/@tanstack/react-query/build/modern/QueryClientProvider.js:20:3)
    at Router (/Users/C5406081/developer-portal-v3/node_modules/react-router/dist/umd/react-router.development.js:1207:17)
    at MemoryRouter (/Users/C5406081/developer-portal-v3/node_modules/react-router/dist/umd/react-router.development.js:1101:7)
Warning: An update to SelfServicePage inside a test was not wrapped in act(...).

When testing, code that causes React state updates should be wrapped into act(...):

act(() => {
  /* fire events that update state */
});
/* assert on the output */

This ensures that you're testing the behavior the user would see in the browser. Learn more at https://reactjs.org/link/wrap-tests-with-act
    at SelfServicePage (/Users/C5406081/developer-portal-v3/src/pages/SelfServicePage.tsx:30:63)
    at QueryClientProvider (file:///Users/C5406081/developer-portal-v3/node_modules/@tanstack/react-query/build/modern/QueryClientProvider.js:20:3)
    at Router (/Users/C5406081/developer-portal-v3/node_modules/react-router/dist/umd/react-router.development.js:1207:17)
    at MemoryRouter (/Users/C5406081/developer-portal-v3/node_modules/react-router/dist/umd/react-router.development.js:1101:7)
Warning: An update to SelfServicePage inside a test was not wrapped in act(...).

When testing, code that causes React state updates should be wrapped into act(...):

act(() => {
  /* fire events that update state */
});
/* assert on the output */

This ensures that you're testing the behavior the user would see in the browser. Learn more at https://reactjs.org/link/wrap-tests-with-act
    at SelfServicePage (/Users/C5406081/developer-portal-v3/src/pages/SelfServicePage.tsx:30:63)
    at QueryClientProvider (file:///Users/C5406081/developer-portal-v3/node_modules/@tanstack/react-query/build/modern/QueryClientProvider.js:20:3)
    at Router (/Users/C5406081/developer-portal-v3/node_modules/react-router/dist/umd/react-router.development.js:1207:17)
    at MemoryRouter (/Users/C5406081/developer-portal-v3/node_modules/react-router/dist/umd/react-router.development.js:1101:7)

 ✓ tests/pages/SelfServicePage/SelfServicePage.test.tsx (14 tests) 184ms
 ✓ tests/components/ComponentsList.test.tsx (17 tests) 190ms
 ✓ tests/components/ai-launchpad/DeploymentsHeader.test.tsx (3 tests) 245ms
 ✓ tests/components/ComponentsTabContent.test.tsx (14 tests) 153ms
 ✓ tests/components/ComponentView/NestedHealthComponent.test.tsx (7 tests) 91ms
 ✓ tests/components/SelfServiceComponents/FormElement.test.tsx (7 tests) 217ms
 ✓ tests/components/homepage/QuickLinkFormDialog.test.tsx (16 tests) 190ms
 ✓ tests/components/SelfServiceComponents/SelfServiceWizard.test.tsx (8 tests) 165ms
 ✓ tests/components/Health/HealthRow.test.tsx (12 tests) 174ms
 ✓ tests/components/ai-arena/DeploymentSelector.test.tsx (6 tests) 169ms
 ✓ tests/components/ai-launchpad/EndpointSection.test.tsx (4 tests) 188ms
 ✓ tests/components/ai-arena/SettingsDrawer.test.tsx (8 tests) 166ms
stderr | tests/components/Breadcrumbs.test.tsx > Breadcrumbs Component > Component Rendering > should not render breadcrumbs on home page
⚠️ React Router Future Flag Warning: React Router will begin wrapping state updates in `React.startTransition` in v7. You can use the `v7_startTransition` future flag to opt-in early. For more information, see https://reactrouter.com/v6/upgrading/future#v7_starttransition.
⚠️ React Router Future Flag Warning: Relative route resolution within Splat routes is changing in v7. You can use the `v7_relativeSplatPath` future flag to opt-in early. For more information, see https://reactrouter.com/v6/upgrading/future#v7_relativesplatpath.

 ✓ tests/components/ComponentView/ComponentHeader.test.tsx (7 tests) 121ms
 ✓ tests/components/HealthTable.test.tsx (12 tests) 149ms
 ✓ tests/components/Breadcrumbs.test.tsx (21 tests) 138ms
 ✓ tests/components/ai-launchpad/ModelSelectionCard.test.tsx (5 tests) 112ms
 ✓ tests/components/SelfServiceComponents/SelfServiceBlockDialog.test.tsx (4 tests) 139ms
 ✓ tests/components/ai-launchpad/ModelSearchStep.test.tsx (5 tests) 142ms
stderr | tests/components/docs/DocsContent.test.tsx > DocsContent > Component States > should render different states correctly
Warning: A props object containing a "key" prop is being spread into JSX:
  let props = {key: someKey, id: ..., children: ...};
  <h1 {...props} />
React keys must be passed directly to JSX without using spread:
  let props = {id: ..., children: ...};
  <h1 key={someKey} {...props} />
    at default (/Users/C5406081/developer-portal-v3/tests/components/docs/DocsContent.test.tsx:20:15)
    at div
    at div
    at DocsContent (/Users/C5406081/developer-portal-v3/src/features/docs/components/DocsContent.tsx:130:3)

stderr | tests/components/docs/DocsContent.test.tsx > DocsContent > Table of Contents > should extract and manage table of contents
Warning: A props object containing a "key" prop is being spread into JSX:
  let props = {key: someKey, id: ..., children: ...};
  <h2 {...props} />
React keys must be passed directly to JSX without using spread:
  let props = {id: ..., children: ...};
  <h2 key={someKey} {...props} />
    at default (/Users/C5406081/developer-portal-v3/tests/components/docs/DocsContent.test.tsx:20:15)
    at div
    at div
    at DocsContent (/Users/C5406081/developer-portal-v3/src/features/docs/components/DocsContent.tsx:130:3)
Warning: A props object containing a "key" prop is being spread into JSX:
  let props = {key: someKey, id: ..., children: ...};
  <h3 {...props} />
React keys must be passed directly to JSX without using spread:
  let props = {id: ..., children: ...};
  <h3 key={someKey} {...props} />
    at default (/Users/C5406081/developer-portal-v3/tests/components/docs/DocsContent.test.tsx:20:15)
    at div
    at div
    at DocsContent (/Users/C5406081/developer-portal-v3/src/features/docs/components/DocsContent.tsx:130:3)

stderr | tests/components/docs/DocsContent.test.tsx > DocsContent > Code Blocks and Mermaid Diagrams > should render mermaid diagrams
Warning: A props object containing a "key" prop is being spread into JSX:
  let props = {key: someKey, children: ...};
  <pre {...props} />
React keys must be passed directly to JSX without using spread:
  let props = {children: ...};
  <pre key={someKey} {...props} />
    at default (/Users/C5406081/developer-portal-v3/tests/components/docs/DocsContent.test.tsx:20:15)
    at div
    at div
    at DocsContent (/Users/C5406081/developer-portal-v3/src/features/docs/components/DocsContent.tsx:130:3)
Warning: Each child in a list should have a unique "key" prop.

Check the render method of `default`. See https://reactjs.org/link/warning-keys for more information.
    at MermaidDiagram (/Users/C5406081/developer-portal-v3/tests/components/docs/DocsContent.test.tsx:17:22)
    at default (/Users/C5406081/developer-portal-v3/tests/components/docs/DocsContent.test.tsx:20:15)
    at div
    at div
    at DocsContent (/Users/C5406081/developer-portal-v3/src/features/docs/components/DocsContent.tsx:130:3)

stderr | tests/components/docs/DocsContent.test.tsx > DocsContent > Code Blocks and Mermaid Diagrams > should handle inline code
Warning: A props object containing a "key" prop is being spread into JSX:
  let props = {key: someKey, className: ..., children: ...};
  <code {...props} />
React keys must be passed directly to JSX without using spread:
  let props = {className: ..., children: ...};
  <code key={someKey} {...props} />
    at default (/Users/C5406081/developer-portal-v3/tests/components/docs/DocsContent.test.tsx:20:15)
    at div
    at div
    at DocsContent (/Users/C5406081/developer-portal-v3/src/features/docs/components/DocsContent.tsx:130:3)

stderr | tests/components/docs/DocsContent.test.tsx > DocsContent > Image Handling > should handle regular image URLs
Warning: A props object containing a "key" prop is being spread into JSX:
  let props = {key: someKey, src: ..., alt: ..., loading: ...};
  <img {...props} />
React keys must be passed directly to JSX without using spread:
  let props = {src: ..., alt: ..., loading: ...};
  <img key={someKey} {...props} />
    at default (/Users/C5406081/developer-portal-v3/tests/components/docs/DocsContent.test.tsx:20:15)
    at div
    at div
    at DocsContent (/Users/C5406081/developer-portal-v3/src/features/docs/components/DocsContent.tsx:130:3)

stderr | tests/components/docs/DocsContent.test.tsx > DocsContent > Image Handling > should handle relative image paths
Warning: A props object containing a "key" prop is being spread into JSX:
  let props = {key: someKey, src: ..., alt: ..., isApiPath: ..., documentPath: ...};
  <AuthenticatedImage {...props} />
React keys must be passed directly to JSX without using spread:
  let props = {src: ..., alt: ..., isApiPath: ..., documentPath: ...};
  <AuthenticatedImage key={someKey} {...props} />
    at default (/Users/C5406081/developer-portal-v3/tests/components/docs/DocsContent.test.tsx:20:15)
    at div
    at div
    at DocsContent (/Users/C5406081/developer-portal-v3/src/features/docs/components/DocsContent.tsx:130:3)

stderr | tests/components/docs/DocsContent.test.tsx > DocsContent > Image Handling > should handle image loading errors
Failed to load image: Error: Failed to load
    at [90m/Users/C5406081/developer-portal-v3/[39mtests/components/docs/DocsContent.test.tsx:361:49
    at [90mfile:///Users/C5406081/developer-portal-v3/[39mnode_modules/[4m@vitest[24m/runner/dist/chunk-hooks.js:155:11
    at [90mfile:///Users/C5406081/developer-portal-v3/[39mnode_modules/[4m@vitest[24m/runner/dist/chunk-hooks.js:752:26
    at [90mfile:///Users/C5406081/developer-portal-v3/[39mnode_modules/[4m@vitest[24m/runner/dist/chunk-hooks.js:1897:20
    at new Promise (<anonymous>)
    at runWithTimeout [90m(file:///Users/C5406081/developer-portal-v3/[39mnode_modules/[4m@vitest[24m/runner/dist/chunk-hooks.js:1863:10[90m)[39m
    at runTest [90m(file:///Users/C5406081/developer-portal-v3/[39mnode_modules/[4m@vitest[24m/runner/dist/chunk-hooks.js:1574:12[90m)[39m
    at runSuite [90m(file:///Users/C5406081/developer-portal-v3/[39mnode_modules/[4m@vitest[24m/runner/dist/chunk-hooks.js:1729:8[90m)[39m
    at runSuite [90m(file:///Users/C5406081/developer-portal-v3/[39mnode_modules/[4m@vitest[24m/runner/dist/chunk-hooks.js:1729:8[90m)[39m
    at runSuite [90m(file:///Users/C5406081/developer-portal-v3/[39mnode_modules/[4m@vitest[24m/runner/dist/chunk-hooks.js:1729:8[90m)[39m

 ✓ tests/components/docs/DocsContent.test.tsx (13 tests) 152ms
 ✓ tests/components/ai-launchpad/DeploymentConfigurationStep.test.tsx (4 tests) 139ms
stderr | tests/pages/ComponentViewPage/ComponentViewPage.test.tsx > ComponentViewPage > should render ComponentViewPage with BreadcrumbPage wrapper
⚠️ React Router Future Flag Warning: React Router will begin wrapping state updates in `React.startTransition` in v7. You can use the `v7_startTransition` future flag to opt-in early. For more information, see https://reactrouter.com/v6/upgrading/future#v7_starttransition.
⚠️ React Router Future Flag Warning: Relative route resolution within Splat routes is changing in v7. You can use the `v7_relativeSplatPath` future flag to opt-in early. For more information, see https://reactrouter.com/v6/upgrading/future#v7_relativesplatpath.
Warning: An update to ComponentViewPage inside a test was not wrapped in act(...).

When testing, code that causes React state updates should be wrapped into act(...):

act(() => {
  /* fire events that update state */
});
/* assert on the output */

This ensures that you're testing the behavior the user would see in the browser. Learn more at https://reactjs.org/link/wrap-tests-with-act
    at ComponentViewPage (/Users/C5406081/developer-portal-v3/src/pages/ComponentViewPage.tsx:32:40)
    at RenderedRoute (/Users/C5406081/developer-portal-v3/node_modules/react-router/dist/umd/react-router.development.js:539:7)
    at Routes (/Users/C5406081/developer-portal-v3/node_modules/react-router/dist/umd/react-router.development.js:1273:7)
    at Router (/Users/C5406081/developer-portal-v3/node_modules/react-router/dist/umd/react-router.development.js:1207:17)
    at MemoryRouter (/Users/C5406081/developer-portal-v3/node_modules/react-router/dist/umd/react-router.development.js:1101:7)
Warning: An update to ComponentViewPage inside a test was not wrapped in act(...).

When testing, code that causes React state updates should be wrapped into act(...):

act(() => {
  /* fire events that update state */
});
/* assert on the output */

This ensures that you're testing the behavior the user would see in the browser. Learn more at https://reactjs.org/link/wrap-tests-with-act
    at ComponentViewPage (/Users/C5406081/developer-portal-v3/src/pages/ComponentViewPage.tsx:32:40)
    at RenderedRoute (/Users/C5406081/developer-portal-v3/node_modules/react-router/dist/umd/react-router.development.js:539:7)
    at Routes (/Users/C5406081/developer-portal-v3/node_modules/react-router/dist/umd/react-router.development.js:1273:7)
    at Router (/Users/C5406081/developer-portal-v3/node_modules/react-router/dist/umd/react-router.development.js:1207:17)
    at MemoryRouter (/Users/C5406081/developer-portal-v3/node_modules/react-router/dist/umd/react-router.development.js:1101:7)
Warning: An update to ComponentViewPage inside a test was not wrapped in act(...).

When testing, code that causes React state updates should be wrapped into act(...):

act(() => {
  /* fire events that update state */
});
/* assert on the output */

This ensures that you're testing the behavior the user would see in the browser. Learn more at https://reactjs.org/link/wrap-tests-with-act
    at ComponentViewPage (/Users/C5406081/developer-portal-v3/src/pages/ComponentViewPage.tsx:32:40)
    at RenderedRoute (/Users/C5406081/developer-portal-v3/node_modules/react-router/dist/umd/react-router.development.js:539:7)
    at Routes (/Users/C5406081/developer-portal-v3/node_modules/react-router/dist/umd/react-router.development.js:1273:7)
    at Router (/Users/C5406081/developer-portal-v3/node_modules/react-router/dist/umd/react-router.development.js:1207:17)
    at MemoryRouter (/Users/C5406081/developer-portal-v3/node_modules/react-router/dist/umd/react-router.development.js:1101:7)
Warning: An update to ComponentViewPage inside a test was not wrapped in act(...).

When testing, code that causes React state updates should be wrapped into act(...):

act(() => {
  /* fire events that update state */
});
/* assert on the output */

This ensures that you're testing the behavior the user would see in the browser. Learn more at https://reactjs.org/link/wrap-tests-with-act
    at ComponentViewPage (/Users/C5406081/developer-portal-v3/src/pages/ComponentViewPage.tsx:32:40)
    at RenderedRoute (/Users/C5406081/developer-portal-v3/node_modules/react-router/dist/umd/react-router.development.js:539:7)
    at Routes (/Users/C5406081/developer-portal-v3/node_modules/react-router/dist/umd/react-router.development.js:1273:7)
    at Router (/Users/C5406081/developer-portal-v3/node_modules/react-router/dist/umd/react-router.development.js:1207:17)
    at MemoryRouter (/Users/C5406081/developer-portal-v3/node_modules/react-router/dist/umd/react-router.development.js:1101:7)

stderr | tests/pages/ComponentViewPage/ComponentViewPage.test.tsx > ComponentViewPage > should initialize with overview tab as default
Warning: An update to ComponentViewPage inside a test was not wrapped in act(...).

When testing, code that causes React state updates should be wrapped into act(...):

act(() => {
  /* fire events that update state */
});
/* assert on the output */

This ensures that you're testing the behavior the user would see in the browser. Learn more at https://reactjs.org/link/wrap-tests-with-act
    at ComponentViewPage (/Users/C5406081/developer-portal-v3/src/pages/ComponentViewPage.tsx:32:40)
    at RenderedRoute (/Users/C5406081/developer-portal-v3/node_modules/react-router/dist/umd/react-router.development.js:539:7)
    at Routes (/Users/C5406081/developer-portal-v3/node_modules/react-router/dist/umd/react-router.development.js:1273:7)
    at Router (/Users/C5406081/developer-portal-v3/node_modules/react-router/dist/umd/react-router.development.js:1207:17)
    at MemoryRouter (/Users/C5406081/developer-portal-v3/node_modules/react-router/dist/umd/react-router.development.js:1101:7)
Warning: An update to ComponentViewPage inside a test was not wrapped in act(...).

When testing, code that causes React state updates should be wrapped into act(...):

act(() => {
  /* fire events that update state */
});
/* assert on the output */

This ensures that you're testing the behavior the user would see in the browser. Learn more at https://reactjs.org/link/wrap-tests-with-act
    at ComponentViewPage (/Users/C5406081/developer-portal-v3/src/pages/ComponentViewPage.tsx:32:40)
    at RenderedRoute (/Users/C5406081/developer-portal-v3/node_modules/react-router/dist/umd/react-router.development.js:539:7)
    at Routes (/Users/C5406081/developer-portal-v3/node_modules/react-router/dist/umd/react-router.development.js:1273:7)
    at Router (/Users/C5406081/developer-portal-v3/node_modules/react-router/dist/umd/react-router.development.js:1207:17)
    at MemoryRouter (/Users/C5406081/developer-portal-v3/node_modules/react-router/dist/umd/react-router.development.js:1101:7)
Warning: An update to ComponentViewPage inside a test was not wrapped in act(...).

When testing, code that causes React state updates should be wrapped into act(...):

act(() => {
  /* fire events that update state */
});
/* assert on the output */

This ensures that you're testing the behavior the user would see in the browser. Learn more at https://reactjs.org/link/wrap-tests-with-act
    at ComponentViewPage (/Users/C5406081/developer-portal-v3/src/pages/ComponentViewPage.tsx:32:40)
    at RenderedRoute (/Users/C5406081/developer-portal-v3/node_modules/react-router/dist/umd/react-router.development.js:539:7)
    at Routes (/Users/C5406081/developer-portal-v3/node_modules/react-router/dist/umd/react-router.development.js:1273:7)
    at Router (/Users/C5406081/developer-portal-v3/node_modules/react-router/dist/umd/react-router.development.js:1207:17)
    at MemoryRouter (/Users/C5406081/developer-portal-v3/node_modules/react-router/dist/umd/react-router.development.js:1101:7)
Warning: An update to ComponentViewPage inside a test was not wrapped in act(...).

When testing, code that causes React state updates should be wrapped into act(...):

act(() => {
  /* fire events that update state */
});
/* assert on the output */

This ensures that you're testing the behavior the user would see in the browser. Learn more at https://reactjs.org/link/wrap-tests-with-act
    at ComponentViewPage (/Users/C5406081/developer-portal-v3/src/pages/ComponentViewPage.tsx:32:40)
    at RenderedRoute (/Users/C5406081/developer-portal-v3/node_modules/react-router/dist/umd/react-router.development.js:539:7)
    at Routes (/Users/C5406081/developer-portal-v3/node_modules/react-router/dist/umd/react-router.development.js:1273:7)
    at Router (/Users/C5406081/developer-portal-v3/node_modules/react-router/dist/umd/react-router.development.js:1207:17)
    at MemoryRouter (/Users/C5406081/developer-portal-v3/node_modules/react-router/dist/umd/react-router.development.js:1101:7)

stderr | tests/pages/ComponentViewPage/ComponentViewPage.test.tsx > ComponentViewPage > should fetch component data by name from URL params
Warning: An update to ComponentViewPage inside a test was not wrapped in act(...).

When testing, code that causes React state updates should be wrapped into act(...):

act(() => {
  /* fire events that update state */
});
/* assert on the output */

This ensures that you're testing the behavior the user would see in the browser. Learn more at https://reactjs.org/link/wrap-tests-with-act
    at ComponentViewPage (/Users/C5406081/developer-portal-v3/src/pages/ComponentViewPage.tsx:32:40)
    at RenderedRoute (/Users/C5406081/developer-portal-v3/node_modules/react-router/dist/umd/react-router.development.js:539:7)
    at Routes (/Users/C5406081/developer-portal-v3/node_modules/react-router/dist/umd/react-router.development.js:1273:7)
    at Router (/Users/C5406081/developer-portal-v3/node_modules/react-router/dist/umd/react-router.development.js:1207:17)
    at MemoryRouter (/Users/C5406081/developer-portal-v3/node_modules/react-router/dist/umd/react-router.development.js:1101:7)
Warning: An update to ComponentViewPage inside a test was not wrapped in act(...).

When testing, code that causes React state updates should be wrapped into act(...):

act(() => {
  /* fire events that update state */
});
/* assert on the output */

This ensures that you're testing the behavior the user would see in the browser. Learn more at https://reactjs.org/link/wrap-tests-with-act
    at ComponentViewPage (/Users/C5406081/developer-portal-v3/src/pages/ComponentViewPage.tsx:32:40)
    at RenderedRoute (/Users/C5406081/developer-portal-v3/node_modules/react-router/dist/umd/react-router.development.js:539:7)
    at Routes (/Users/C5406081/developer-portal-v3/node_modules/react-router/dist/umd/react-router.development.js:1273:7)
    at Router (/Users/C5406081/developer-portal-v3/node_modules/react-router/dist/umd/react-router.development.js:1207:17)
    at MemoryRouter (/Users/C5406081/developer-portal-v3/node_modules/react-router/dist/umd/react-router.development.js:1101:7)
Warning: An update to ComponentViewPage inside a test was not wrapped in act(...).

When testing, code that causes React state updates should be wrapped into act(...):

act(() => {
  /* fire events that update state */
});
/* assert on the output */

This ensures that you're testing the behavior the user would see in the browser. Learn more at https://reactjs.org/link/wrap-tests-with-act
    at ComponentViewPage (/Users/C5406081/developer-portal-v3/src/pages/ComponentViewPage.tsx:32:40)
    at RenderedRoute (/Users/C5406081/developer-portal-v3/node_modules/react-router/dist/umd/react-router.development.js:539:7)
    at Routes (/Users/C5406081/developer-portal-v3/node_modules/react-router/dist/umd/react-router.development.js:1273:7)
    at Router (/Users/C5406081/developer-portal-v3/node_modules/react-router/dist/umd/react-router.development.js:1207:17)
    at MemoryRouter (/Users/C5406081/developer-portal-v3/node_modules/react-router/dist/umd/react-router.development.js:1101:7)
Warning: An update to ComponentViewPage inside a test was not wrapped in act(...).

When testing, code that causes React state updates should be wrapped into act(...):

act(() => {
  /* fire events that update state */
});
/* assert on the output */

This ensures that you're testing the behavior the user would see in the browser. Learn more at https://reactjs.org/link/wrap-tests-with-act
    at ComponentViewPage (/Users/C5406081/developer-portal-v3/src/pages/ComponentViewPage.tsx:32:40)
    at RenderedRoute (/Users/C5406081/developer-portal-v3/node_modules/react-router/dist/umd/react-router.development.js:539:7)
    at Routes (/Users/C5406081/developer-portal-v3/node_modules/react-router/dist/umd/react-router.development.js:1273:7)
    at Router (/Users/C5406081/developer-portal-v3/node_modules/react-router/dist/umd/react-router.development.js:1207:17)
    at MemoryRouter (/Users/C5406081/developer-portal-v3/node_modules/react-router/dist/umd/react-router.development.js:1101:7)

stderr | tests/pages/ComponentViewPage/ComponentViewPage.test.tsx > ComponentViewPage > should pass selected landscape to overview component
Warning: An update to ComponentViewPage inside a test was not wrapped in act(...).

When testing, code that causes React state updates should be wrapped into act(...):

act(() => {
  /* fire events that update state */
});
/* assert on the output */

This ensures that you're testing the behavior the user would see in the browser. Learn more at https://reactjs.org/link/wrap-tests-with-act
    at ComponentViewPage (/Users/C5406081/developer-portal-v3/src/pages/ComponentViewPage.tsx:32:40)
    at RenderedRoute (/Users/C5406081/developer-portal-v3/node_modules/react-router/dist/umd/react-router.development.js:539:7)
    at Routes (/Users/C5406081/developer-portal-v3/node_modules/react-router/dist/umd/react-router.development.js:1273:7)
    at Router (/Users/C5406081/developer-portal-v3/node_modules/react-router/dist/umd/react-router.development.js:1207:17)
    at MemoryRouter (/Users/C5406081/developer-portal-v3/node_modules/react-router/dist/umd/react-router.development.js:1101:7)
Warning: An update to ComponentViewPage inside a test was not wrapped in act(...).

When testing, code that causes React state updates should be wrapped into act(...):

act(() => {
  /* fire events that update state */
});
/* assert on the output */

This ensures that you're testing the behavior the user would see in the browser. Learn more at https://reactjs.org/link/wrap-tests-with-act
    at ComponentViewPage (/Users/C5406081/developer-portal-v3/src/pages/ComponentViewPage.tsx:32:40)
    at RenderedRoute (/Users/C5406081/developer-portal-v3/node_modules/react-router/dist/umd/react-router.development.js:539:7)
    at Routes (/Users/C5406081/developer-portal-v3/node_modules/react-router/dist/umd/react-router.development.js:1273:7)
    at Router (/Users/C5406081/developer-portal-v3/node_modules/react-router/dist/umd/react-router.development.js:1207:17)
    at MemoryRouter (/Users/C5406081/developer-portal-v3/node_modules/react-router/dist/umd/react-router.development.js:1101:7)
Warning: An update to ComponentViewPage inside a test was not wrapped in act(...).

When testing, code that causes React state updates should be wrapped into act(...):

act(() => {
  /* fire events that update state */
});
/* assert on the output */

This ensures that you're testing the behavior the user would see in the browser. Learn more at https://reactjs.org/link/wrap-tests-with-act
    at ComponentViewPage (/Users/C5406081/developer-portal-v3/src/pages/ComponentViewPage.tsx:32:40)
    at RenderedRoute (/Users/C5406081/developer-portal-v3/node_modules/react-router/dist/umd/react-router.development.js:539:7)
    at Routes (/Users/C5406081/developer-portal-v3/node_modules/react-router/dist/umd/react-router.development.js:1273:7)
    at Router (/Users/C5406081/developer-portal-v3/node_modules/react-router/dist/umd/react-router.development.js:1207:17)
    at MemoryRouter (/Users/C5406081/developer-portal-v3/node_modules/react-router/dist/umd/react-router.development.js:1101:7)
Warning: An update to ComponentViewPage inside a test was not wrapped in act(...).

When testing, code that causes React state updates should be wrapped into act(...):

act(() => {
  /* fire events that update state */
});
/* assert on the output */

This ensures that you're testing the behavior the user would see in the browser. Learn more at https://reactjs.org/link/wrap-tests-with-act
    at ComponentViewPage (/Users/C5406081/developer-portal-v3/src/pages/ComponentViewPage.tsx:32:40)
    at RenderedRoute (/Users/C5406081/developer-portal-v3/node_modules/react-router/dist/umd/react-router.development.js:539:7)
    at Routes (/Users/C5406081/developer-portal-v3/node_modules/react-router/dist/umd/react-router.development.js:1273:7)
    at Router (/Users/C5406081/developer-portal-v3/node_modules/react-router/dist/umd/react-router.development.js:1207:17)
    at MemoryRouter (/Users/C5406081/developer-portal-v3/node_modules/react-router/dist/umd/react-router.development.js:1101:7)

stderr | tests/pages/ComponentViewPage/ComponentViewPage.test.tsx > ComponentViewPage > should show health loading state
Warning: An update to ComponentViewPage inside a test was not wrapped in act(...).

When testing, code that causes React state updates should be wrapped into act(...):

act(() => {
  /* fire events that update state */
});
/* assert on the output */

This ensures that you're testing the behavior the user would see in the browser. Learn more at https://reactjs.org/link/wrap-tests-with-act
    at ComponentViewPage (/Users/C5406081/developer-portal-v3/src/pages/ComponentViewPage.tsx:32:40)
    at RenderedRoute (/Users/C5406081/developer-portal-v3/node_modules/react-router/dist/umd/react-router.development.js:539:7)
    at Routes (/Users/C5406081/developer-portal-v3/node_modules/react-router/dist/umd/react-router.development.js:1273:7)
    at Router (/Users/C5406081/developer-portal-v3/node_modules/react-router/dist/umd/react-router.development.js:1207:17)
    at MemoryRouter (/Users/C5406081/developer-portal-v3/node_modules/react-router/dist/umd/react-router.development.js:1101:7)
Warning: An update to ComponentViewPage inside a test was not wrapped in act(...).

When testing, code that causes React state updates should be wrapped into act(...):

act(() => {
  /* fire events that update state */
});
/* assert on the output */

This ensures that you're testing the behavior the user would see in the browser. Learn more at https://reactjs.org/link/wrap-tests-with-act
    at ComponentViewPage (/Users/C5406081/developer-portal-v3/src/pages/ComponentViewPage.tsx:32:40)
    at RenderedRoute (/Users/C5406081/developer-portal-v3/node_modules/react-router/dist/umd/react-router.development.js:539:7)
    at Routes (/Users/C5406081/developer-portal-v3/node_modules/react-router/dist/umd/react-router.development.js:1273:7)
    at Router (/Users/C5406081/developer-portal-v3/node_modules/react-router/dist/umd/react-router.development.js:1207:17)
    at MemoryRouter (/Users/C5406081/developer-portal-v3/node_modules/react-router/dist/umd/react-router.development.js:1101:7)
Warning: An update to ComponentViewPage inside a test was not wrapped in act(...).

When testing, code that causes React state updates should be wrapped into act(...):

act(() => {
  /* fire events that update state */
});
/* assert on the output */

This ensures that you're testing the behavior the user would see in the browser. Learn more at https://reactjs.org/link/wrap-tests-with-act
    at ComponentViewPage (/Users/C5406081/developer-portal-v3/src/pages/ComponentViewPage.tsx:32:40)
    at RenderedRoute (/Users/C5406081/developer-portal-v3/node_modules/react-router/dist/umd/react-router.development.js:539:7)
    at Routes (/Users/C5406081/developer-portal-v3/node_modules/react-router/dist/umd/react-router.development.js:1273:7)
    at Router (/Users/C5406081/developer-portal-v3/node_modules/react-router/dist/umd/react-router.development.js:1207:17)
    at MemoryRouter (/Users/C5406081/developer-portal-v3/node_modules/react-router/dist/umd/react-router.development.js:1101:7)
Warning: An update to ComponentViewPage inside a test was not wrapped in act(...).

When testing, code that causes React state updates should be wrapped into act(...):

act(() => {
  /* fire events that update state */
});
/* assert on the output */

This ensures that you're testing the behavior the user would see in the browser. Learn more at https://reactjs.org/link/wrap-tests-with-act
    at ComponentViewPage (/Users/C5406081/developer-portal-v3/src/pages/ComponentViewPage.tsx:32:40)
    at RenderedRoute (/Users/C5406081/developer-portal-v3/node_modules/react-router/dist/umd/react-router.development.js:539:7)
    at Routes (/Users/C5406081/developer-portal-v3/node_modules/react-router/dist/umd/react-router.development.js:1273:7)
    at Router (/Users/C5406081/developer-portal-v3/node_modules/react-router/dist/umd/react-router.development.js:1207:17)
    at MemoryRouter (/Users/C5406081/developer-portal-v3/node_modules/react-router/dist/umd/react-router.development.js:1101:7)

stderr | tests/pages/ComponentViewPage/ComponentViewPage.test.tsx > ComponentViewPage > should use project name from URL for cis20
Warning: An update to ComponentViewPage inside a test was not wrapped in act(...).

When testing, code that causes React state updates should be wrapped into act(...):

act(() => {
  /* fire events that update state */
});
/* assert on the output */

This ensures that you're testing the behavior the user would see in the browser. Learn more at https://reactjs.org/link/wrap-tests-with-act
    at ComponentViewPage (/Users/C5406081/developer-portal-v3/src/pages/ComponentViewPage.tsx:32:40)
    at RenderedRoute (/Users/C5406081/developer-portal-v3/node_modules/react-router/dist/umd/react-router.development.js:539:7)
    at Routes (/Users/C5406081/developer-portal-v3/node_modules/react-router/dist/umd/react-router.development.js:1273:7)
    at Router (/Users/C5406081/developer-portal-v3/node_modules/react-router/dist/umd/react-router.development.js:1207:17)
    at MemoryRouter (/Users/C5406081/developer-portal-v3/node_modules/react-router/dist/umd/react-router.development.js:1101:7)
Warning: An update to ComponentViewPage inside a test was not wrapped in act(...).

When testing, code that causes React state updates should be wrapped into act(...):

act(() => {
  /* fire events that update state */
});
/* assert on the output */

This ensures that you're testing the behavior the user would see in the browser. Learn more at https://reactjs.org/link/wrap-tests-with-act
    at ComponentViewPage (/Users/C5406081/developer-portal-v3/src/pages/ComponentViewPage.tsx:32:40)
    at RenderedRoute (/Users/C5406081/developer-portal-v3/node_modules/react-router/dist/umd/react-router.development.js:539:7)
    at Routes (/Users/C5406081/developer-portal-v3/node_modules/react-router/dist/umd/react-router.development.js:1273:7)
    at Router (/Users/C5406081/developer-portal-v3/node_modules/react-router/dist/umd/react-router.development.js:1207:17)
    at MemoryRouter (/Users/C5406081/developer-portal-v3/node_modules/react-router/dist/umd/react-router.development.js:1101:7)
Warning: An update to ComponentViewPage inside a test was not wrapped in act(...).

When testing, code that causes React state updates should be wrapped into act(...):

act(() => {
  /* fire events that update state */
});
/* assert on the output */

This ensures that you're testing the behavior the user would see in the browser. Learn more at https://reactjs.org/link/wrap-tests-with-act
    at ComponentViewPage (/Users/C5406081/developer-portal-v3/src/pages/ComponentViewPage.tsx:32:40)
    at RenderedRoute (/Users/C5406081/developer-portal-v3/node_modules/react-router/dist/umd/react-router.development.js:539:7)
    at Routes (/Users/C5406081/developer-portal-v3/node_modules/react-router/dist/umd/react-router.development.js:1273:7)
    at Router (/Users/C5406081/developer-portal-v3/node_modules/react-router/dist/umd/react-router.development.js:1207:17)
    at MemoryRouter (/Users/C5406081/developer-portal-v3/node_modules/react-router/dist/umd/react-router.development.js:1101:7)
Warning: An update to ComponentViewPage inside a test was not wrapped in act(...).

When testing, code that causes React state updates should be wrapped into act(...):

act(() => {
  /* fire events that update state */
});
/* assert on the output */

This ensures that you're testing the behavior the user would see in the browser. Learn more at https://reactjs.org/link/wrap-tests-with-act
    at ComponentViewPage (/Users/C5406081/developer-portal-v3/src/pages/ComponentViewPage.tsx:32:40)
    at RenderedRoute (/Users/C5406081/developer-portal-v3/node_modules/react-router/dist/umd/react-router.development.js:539:7)
    at Routes (/Users/C5406081/developer-portal-v3/node_modules/react-router/dist/umd/react-router.development.js:1273:7)
    at Router (/Users/C5406081/developer-portal-v3/node_modules/react-router/dist/umd/react-router.development.js:1207:17)
    at MemoryRouter (/Users/C5406081/developer-portal-v3/node_modules/react-router/dist/umd/react-router.development.js:1101:7)

stderr | tests/pages/ComponentViewPage/ComponentViewPage.test.tsx > ComponentViewPage > should handle CIS special route /cis/component/:componentId
Warning: An update to ComponentViewPage inside a test was not wrapped in act(...).

When testing, code that causes React state updates should be wrapped into act(...):

act(() => {
  /* fire events that update state */
});
/* assert on the output */

This ensures that you're testing the behavior the user would see in the browser. Learn more at https://reactjs.org/link/wrap-tests-with-act
    at ComponentViewPage (/Users/C5406081/developer-portal-v3/src/pages/ComponentViewPage.tsx:32:40)
    at RenderedRoute (/Users/C5406081/developer-portal-v3/node_modules/react-router/dist/umd/react-router.development.js:539:7)
    at Routes (/Users/C5406081/developer-portal-v3/node_modules/react-router/dist/umd/react-router.development.js:1273:7)
    at Router (/Users/C5406081/developer-portal-v3/node_modules/react-router/dist/umd/react-router.development.js:1207:17)
    at MemoryRouter (/Users/C5406081/developer-portal-v3/node_modules/react-router/dist/umd/react-router.development.js:1101:7)
Warning: An update to ComponentViewPage inside a test was not wrapped in act(...).

When testing, code that causes React state updates should be wrapped into act(...):

act(() => {
  /* fire events that update state */
});
/* assert on the output */

This ensures that you're testing the behavior the user would see in the browser. Learn more at https://reactjs.org/link/wrap-tests-with-act
    at ComponentViewPage (/Users/C5406081/developer-portal-v3/src/pages/ComponentViewPage.tsx:32:40)
    at RenderedRoute (/Users/C5406081/developer-portal-v3/node_modules/react-router/dist/umd/react-router.development.js:539:7)
    at Routes (/Users/C5406081/developer-portal-v3/node_modules/react-router/dist/umd/react-router.development.js:1273:7)
    at Router (/Users/C5406081/developer-portal-v3/node_modules/react-router/dist/umd/react-router.development.js:1207:17)
    at MemoryRouter (/Users/C5406081/developer-portal-v3/node_modules/react-router/dist/umd/react-router.development.js:1101:7)
Warning: An update to ComponentViewPage inside a test was not wrapped in act(...).

When testing, code that causes React state updates should be wrapped into act(...):

act(() => {
  /* fire events that update state */
});
/* assert on the output */

This ensures that you're testing the behavior the user would see in the browser. Learn more at https://reactjs.org/link/wrap-tests-with-act
    at ComponentViewPage (/Users/C5406081/developer-portal-v3/src/pages/ComponentViewPage.tsx:32:40)
    at RenderedRoute (/Users/C5406081/developer-portal-v3/node_modules/react-router/dist/umd/react-router.development.js:539:7)
    at Routes (/Users/C5406081/developer-portal-v3/node_modules/react-router/dist/umd/react-router.development.js:1273:7)
    at Router (/Users/C5406081/developer-portal-v3/node_modules/react-router/dist/umd/react-router.development.js:1207:17)
    at MemoryRouter (/Users/C5406081/developer-portal-v3/node_modules/react-router/dist/umd/react-router.development.js:1101:7)
Warning: An update to ComponentViewPage inside a test was not wrapped in act(...).

When testing, code that causes React state updates should be wrapped into act(...):

act(() => {
  /* fire events that update state */
});
/* assert on the output */

This ensures that you're testing the behavior the user would see in the browser. Learn more at https://reactjs.org/link/wrap-tests-with-act
    at ComponentViewPage (/Users/C5406081/developer-portal-v3/src/pages/ComponentViewPage.tsx:32:40)
    at RenderedRoute (/Users/C5406081/developer-portal-v3/node_modules/react-router/dist/umd/react-router.development.js:539:7)
    at Routes (/Users/C5406081/developer-portal-v3/node_modules/react-router/dist/umd/react-router.development.js:1273:7)
    at Router (/Users/C5406081/developer-portal-v3/node_modules/react-router/dist/umd/react-router.development.js:1207:17)
    at MemoryRouter (/Users/C5406081/developer-portal-v3/node_modules/react-router/dist/umd/react-router.development.js:1101:7)

stderr | tests/pages/ComponentViewPage/ComponentViewPage.test.tsx > ComponentViewPage > should display both tabs in TabsList
Warning: An update to ComponentViewPage inside a test was not wrapped in act(...).

When testing, code that causes React state updates should be wrapped into act(...):

act(() => {
  /* fire events that update state */
});
/* assert on the output */

This ensures that you're testing the behavior the user would see in the browser. Learn more at https://reactjs.org/link/wrap-tests-with-act
    at ComponentViewPage (/Users/C5406081/developer-portal-v3/src/pages/ComponentViewPage.tsx:32:40)
    at RenderedRoute (/Users/C5406081/developer-portal-v3/node_modules/react-router/dist/umd/react-router.development.js:539:7)
    at Routes (/Users/C5406081/developer-portal-v3/node_modules/react-router/dist/umd/react-router.development.js:1273:7)
    at Router (/Users/C5406081/developer-portal-v3/node_modules/react-router/dist/umd/react-router.development.js:1207:17)
    at MemoryRouter (/Users/C5406081/developer-portal-v3/node_modules/react-router/dist/umd/react-router.development.js:1101:7)
Warning: An update to ComponentViewPage inside a test was not wrapped in act(...).

When testing, code that causes React state updates should be wrapped into act(...):

act(() => {
  /* fire events that update state */
});
/* assert on the output */

This ensures that you're testing the behavior the user would see in the browser. Learn more at https://reactjs.org/link/wrap-tests-with-act
    at ComponentViewPage (/Users/C5406081/developer-portal-v3/src/pages/ComponentViewPage.tsx:32:40)
    at RenderedRoute (/Users/C5406081/developer-portal-v3/node_modules/react-router/dist/umd/react-router.development.js:539:7)
    at Routes (/Users/C5406081/developer-portal-v3/node_modules/react-router/dist/umd/react-router.development.js:1273:7)
    at Router (/Users/C5406081/developer-portal-v3/node_modules/react-router/dist/umd/react-router.development.js:1207:17)
    at MemoryRouter (/Users/C5406081/developer-portal-v3/node_modules/react-router/dist/umd/react-router.development.js:1101:7)
Warning: An update to ComponentViewPage inside a test was not wrapped in act(...).

When testing, code that causes React state updates should be wrapped into act(...):

act(() => {
  /* fire events that update state */
});
/* assert on the output */

This ensures that you're testing the behavior the user would see in the browser. Learn more at https://reactjs.org/link/wrap-tests-with-act
    at ComponentViewPage (/Users/C5406081/developer-portal-v3/src/pages/ComponentViewPage.tsx:32:40)
    at RenderedRoute (/Users/C5406081/developer-portal-v3/node_modules/react-router/dist/umd/react-router.development.js:539:7)
    at Routes (/Users/C5406081/developer-portal-v3/node_modules/react-router/dist/umd/react-router.development.js:1273:7)
    at Router (/Users/C5406081/developer-portal-v3/node_modules/react-router/dist/umd/react-router.development.js:1207:17)
    at MemoryRouter (/Users/C5406081/developer-portal-v3/node_modules/react-router/dist/umd/react-router.development.js:1101:7)
Warning: An update to ComponentViewPage inside a test was not wrapped in act(...).

When testing, code that causes React state updates should be wrapped into act(...):

act(() => {
  /* fire events that update state */
});
/* assert on the output */

This ensures that you're testing the behavior the user would see in the browser. Learn more at https://reactjs.org/link/wrap-tests-with-act
    at ComponentViewPage (/Users/C5406081/developer-portal-v3/src/pages/ComponentViewPage.tsx:32:40)
    at RenderedRoute (/Users/C5406081/developer-portal-v3/node_modules/react-router/dist/umd/react-router.development.js:539:7)
    at Routes (/Users/C5406081/developer-portal-v3/node_modules/react-router/dist/umd/react-router.development.js:1273:7)
    at Router (/Users/C5406081/developer-portal-v3/node_modules/react-router/dist/umd/react-router.development.js:1207:17)
    at MemoryRouter (/Users/C5406081/developer-portal-v3/node_modules/react-router/dist/umd/react-router.development.js:1101:7)

stderr | tests/pages/ComponentViewPage/ComponentViewPage.test.tsx > ComponentViewPage > should display Sonar data in overview tab
Warning: An update to ComponentViewPage inside a test was not wrapped in act(...).

When testing, code that causes React state updates should be wrapped into act(...):

act(() => {
  /* fire events that update state */
});
/* assert on the output */

This ensures that you're testing the behavior the user would see in the browser. Learn more at https://reactjs.org/link/wrap-tests-with-act
    at ComponentViewPage (/Users/C5406081/developer-portal-v3/src/pages/ComponentViewPage.tsx:32:40)
    at RenderedRoute (/Users/C5406081/developer-portal-v3/node_modules/react-router/dist/umd/react-router.development.js:539:7)
    at Routes (/Users/C5406081/developer-portal-v3/node_modules/react-router/dist/umd/react-router.development.js:1273:7)
    at Router (/Users/C5406081/developer-portal-v3/node_modules/react-router/dist/umd/react-router.development.js:1207:17)
    at MemoryRouter (/Users/C5406081/developer-portal-v3/node_modules/react-router/dist/umd/react-router.development.js:1101:7)
Warning: An update to ComponentViewPage inside a test was not wrapped in act(...).

When testing, code that causes React state updates should be wrapped into act(...):

act(() => {
  /* fire events that update state */
});
/* assert on the output */

This ensures that you're testing the behavior the user would see in the browser. Learn more at https://reactjs.org/link/wrap-tests-with-act
    at ComponentViewPage (/Users/C5406081/developer-portal-v3/src/pages/ComponentViewPage.tsx:32:40)
    at RenderedRoute (/Users/C5406081/developer-portal-v3/node_modules/react-router/dist/umd/react-router.development.js:539:7)
    at Routes (/Users/C5406081/developer-portal-v3/node_modules/react-router/dist/umd/react-router.development.js:1273:7)
    at Router (/Users/C5406081/developer-portal-v3/node_modules/react-router/dist/umd/react-router.development.js:1207:17)
    at MemoryRouter (/Users/C5406081/developer-portal-v3/node_modules/react-router/dist/umd/react-router.development.js:1101:7)
Warning: An update to ComponentViewPage inside a test was not wrapped in act(...).

When testing, code that causes React state updates should be wrapped into act(...):

act(() => {
  /* fire events that update state */
});
/* assert on the output */

This ensures that you're testing the behavior the user would see in the browser. Learn more at https://reactjs.org/link/wrap-tests-with-act
    at ComponentViewPage (/Users/C5406081/developer-portal-v3/src/pages/ComponentViewPage.tsx:32:40)
    at RenderedRoute (/Users/C5406081/developer-portal-v3/node_modules/react-router/dist/umd/react-router.development.js:539:7)
    at Routes (/Users/C5406081/developer-portal-v3/node_modules/react-router/dist/umd/react-router.development.js:1273:7)
    at Router (/Users/C5406081/developer-portal-v3/node_modules/react-router/dist/umd/react-router.development.js:1207:17)
    at MemoryRouter (/Users/C5406081/developer-portal-v3/node_modules/react-router/dist/umd/react-router.development.js:1101:7)
Warning: An update to ComponentViewPage inside a test was not wrapped in act(...).

When testing, code that causes React state updates should be wrapped into act(...):

act(() => {
  /* fire events that update state */
});
/* assert on the output */

This ensures that you're testing the behavior the user would see in the browser. Learn more at https://reactjs.org/link/wrap-tests-with-act
    at ComponentViewPage (/Users/C5406081/developer-portal-v3/src/pages/ComponentViewPage.tsx:32:40)
    at RenderedRoute (/Users/C5406081/developer-portal-v3/node_modules/react-router/dist/umd/react-router.development.js:539:7)
    at Routes (/Users/C5406081/developer-portal-v3/node_modules/react-router/dist/umd/react-router.development.js:1273:7)
    at Router (/Users/C5406081/developer-portal-v3/node_modules/react-router/dist/umd/react-router.development.js:1207:17)
    at MemoryRouter (/Users/C5406081/developer-portal-v3/node_modules/react-router/dist/umd/react-router.development.js:1101:7)

stderr | tests/pages/ComponentViewPage/ComponentViewPage.test.tsx > ComponentViewPage > should work with cloud-automation project
Warning: An update to ComponentViewPage inside a test was not wrapped in act(...).

When testing, code that causes React state updates should be wrapped into act(...):

act(() => {
  /* fire events that update state */
});
/* assert on the output */

This ensures that you're testing the behavior the user would see in the browser. Learn more at https://reactjs.org/link/wrap-tests-with-act
    at ComponentViewPage (/Users/C5406081/developer-portal-v3/src/pages/ComponentViewPage.tsx:32:40)
    at RenderedRoute (/Users/C5406081/developer-portal-v3/node_modules/react-router/dist/umd/react-router.development.js:539:7)
    at Routes (/Users/C5406081/developer-portal-v3/node_modules/react-router/dist/umd/react-router.development.js:1273:7)
    at Router (/Users/C5406081/developer-portal-v3/node_modules/react-router/dist/umd/react-router.development.js:1207:17)
    at MemoryRouter (/Users/C5406081/developer-portal-v3/node_modules/react-router/dist/umd/react-router.development.js:1101:7)
Warning: An update to ComponentViewPage inside a test was not wrapped in act(...).

When testing, code that causes React state updates should be wrapped into act(...):

act(() => {
  /* fire events that update state */
});
/* assert on the output */

This ensures that you're testing the behavior the user would see in the browser. Learn more at https://reactjs.org/link/wrap-tests-with-act
    at ComponentViewPage (/Users/C5406081/developer-portal-v3/src/pages/ComponentViewPage.tsx:32:40)
    at RenderedRoute (/Users/C5406081/developer-portal-v3/node_modules/react-router/dist/umd/react-router.development.js:539:7)
    at Routes (/Users/C5406081/developer-portal-v3/node_modules/react-router/dist/umd/react-router.development.js:1273:7)
    at Router (/Users/C5406081/developer-portal-v3/node_modules/react-router/dist/umd/react-router.development.js:1207:17)
    at MemoryRouter (/Users/C5406081/developer-portal-v3/node_modules/react-router/dist/umd/react-router.development.js:1101:7)
Warning: An update to ComponentViewPage inside a test was not wrapped in act(...).

When testing, code that causes React state updates should be wrapped into act(...):

act(() => {
  /* fire events that update state */
});
/* assert on the output */

This ensures that you're testing the behavior the user would see in the browser. Learn more at https://reactjs.org/link/wrap-tests-with-act
    at ComponentViewPage (/Users/C5406081/developer-portal-v3/src/pages/ComponentViewPage.tsx:32:40)
    at RenderedRoute (/Users/C5406081/developer-portal-v3/node_modules/react-router/dist/umd/react-router.development.js:539:7)
    at Routes (/Users/C5406081/developer-portal-v3/node_modules/react-router/dist/umd/react-router.development.js:1273:7)
    at Router (/Users/C5406081/developer-portal-v3/node_modules/react-router/dist/umd/react-router.development.js:1207:17)
    at MemoryRouter (/Users/C5406081/developer-portal-v3/node_modules/react-router/dist/umd/react-router.development.js:1101:7)
Warning: An update to ComponentViewPage inside a test was not wrapped in act(...).

When testing, code that causes React state updates should be wrapped into act(...):

act(() => {
  /* fire events that update state */
});
/* assert on the output */

This ensures that you're testing the behavior the user would see in the browser. Learn more at https://reactjs.org/link/wrap-tests-with-act
    at ComponentViewPage (/Users/C5406081/developer-portal-v3/src/pages/ComponentViewPage.tsx:32:40)
    at RenderedRoute (/Users/C5406081/developer-portal-v3/node_modules/react-router/dist/umd/react-router.development.js:539:7)
    at Routes (/Users/C5406081/developer-portal-v3/node_modules/react-router/dist/umd/react-router.development.js:1273:7)
    at Router (/Users/C5406081/developer-portal-v3/node_modules/react-router/dist/umd/react-router.development.js:1207:17)
    at MemoryRouter (/Users/C5406081/developer-portal-v3/node_modules/react-router/dist/umd/react-router.development.js:1101:7)

stderr | tests/pages/ComponentViewPage/ComponentViewPage.test.tsx > ComponentViewPage > Central service landscape logic > should correctly calculate isCentralLandscape when landscape is central
Warning: An update to ComponentViewPage inside a test was not wrapped in act(...).

When testing, code that causes React state updates should be wrapped into act(...):

act(() => {
  /* fire events that update state */
});
/* assert on the output */

This ensures that you're testing the behavior the user would see in the browser. Learn more at https://reactjs.org/link/wrap-tests-with-act
    at ComponentViewPage (/Users/C5406081/developer-portal-v3/src/pages/ComponentViewPage.tsx:32:40)
    at RenderedRoute (/Users/C5406081/developer-portal-v3/node_modules/react-router/dist/umd/react-router.development.js:539:7)
    at Routes (/Users/C5406081/developer-portal-v3/node_modules/react-router/dist/umd/react-router.development.js:1273:7)
    at Router (/Users/C5406081/developer-portal-v3/node_modules/react-router/dist/umd/react-router.development.js:1207:17)
    at MemoryRouter (/Users/C5406081/developer-portal-v3/node_modules/react-router/dist/umd/react-router.development.js:1101:7)
Warning: An update to ComponentViewPage inside a test was not wrapped in act(...).

When testing, code that causes React state updates should be wrapped into act(...):

act(() => {
  /* fire events that update state */
});
/* assert on the output */

This ensures that you're testing the behavior the user would see in the browser. Learn more at https://reactjs.org/link/wrap-tests-with-act
    at ComponentViewPage (/Users/C5406081/developer-portal-v3/src/pages/ComponentViewPage.tsx:32:40)
    at RenderedRoute (/Users/C5406081/developer-portal-v3/node_modules/react-router/dist/umd/react-router.development.js:539:7)
    at Routes (/Users/C5406081/developer-portal-v3/node_modules/react-router/dist/umd/react-router.development.js:1273:7)
    at Router (/Users/C5406081/developer-portal-v3/node_modules/react-router/dist/umd/react-router.development.js:1207:17)
    at MemoryRouter (/Users/C5406081/developer-portal-v3/node_modules/react-router/dist/umd/react-router.development.js:1101:7)
Warning: An update to ComponentViewPage inside a test was not wrapped in act(...).

When testing, code that causes React state updates should be wrapped into act(...):

act(() => {
  /* fire events that update state */
});
/* assert on the output */

This ensures that you're testing the behavior the user would see in the browser. Learn more at https://reactjs.org/link/wrap-tests-with-act
    at ComponentViewPage (/Users/C5406081/developer-portal-v3/src/pages/ComponentViewPage.tsx:32:40)
    at RenderedRoute (/Users/C5406081/developer-portal-v3/node_modules/react-router/dist/umd/react-router.development.js:539:7)
    at Routes (/Users/C5406081/developer-portal-v3/node_modules/react-router/dist/umd/react-router.development.js:1273:7)
    at Router (/Users/C5406081/developer-portal-v3/node_modules/react-router/dist/umd/react-router.development.js:1207:17)
    at MemoryRouter (/Users/C5406081/developer-portal-v3/node_modules/react-router/dist/umd/react-router.development.js:1101:7)
Warning: An update to ComponentViewPage inside a test was not wrapped in act(...).

When testing, code that causes React state updates should be wrapped into act(...):

act(() => {
  /* fire events that update state */
});
/* assert on the output */

This ensures that you're testing the behavior the user would see in the browser. Learn more at https://reactjs.org/link/wrap-tests-with-act
    at ComponentViewPage (/Users/C5406081/developer-portal-v3/src/pages/ComponentViewPage.tsx:32:40)
    at RenderedRoute (/Users/C5406081/developer-portal-v3/node_modules/react-router/dist/umd/react-router.development.js:539:7)
    at Routes (/Users/C5406081/developer-portal-v3/node_modules/react-router/dist/umd/react-router.development.js:1273:7)
    at Router (/Users/C5406081/developer-portal-v3/node_modules/react-router/dist/umd/react-router.development.js:1207:17)
    at MemoryRouter (/Users/C5406081/developer-portal-v3/node_modules/react-router/dist/umd/react-router.development.js:1101:7)

 ✓ tests/pages/ComponentViewPage/ComponentViewPage.test.tsx (21 tests) 128ms
stderr | tests/integration-tests/Team.integration.test.tsx > Team Component Integration Tests > Basic Rendering > should render overview tab by default
⚠️ React Router Future Flag Warning: React Router will begin wrapping state updates in `React.startTransition` in v7. You can use the `v7_startTransition` future flag to opt-in early. For more information, see https://reactrouter.com/v6/upgrading/future#v7_starttransition.
⚠️ React Router Future Flag Warning: Relative route resolution within Splat routes is changing in v7. You can use the `v7_relativeSplatPath` future flag to opt-in early. For more information, see https://reactrouter.com/v6/upgrading/future#v7_relativesplatpath.

 ✓ tests/integration-tests/Team.integration.test.tsx (17 tests) 61ms
 ✓ tests/components/docs/DocsSearch.test.tsx (10 tests) 115ms
 ✓ tests/components/DeveloperPortalHeader/TopBarDateTime.test.tsx (8 tests) 153ms
 ✓ tests/components/OnDutyPage.test.tsx (19 tests) 148ms
 ✓ tests/components/Links/LinksHeader.test.tsx (5 tests) 114ms
 ✓ tests/components/SelfService/JobStatusIndicator.test.tsx (28 tests) 126ms
 ✓ tests/components/SettingsDialog/UserInformationSettings.test.tsx (8 tests) 116ms
 ✓ tests/components/ai-launchpad/DeploymentCardHeader.test.tsx (7 tests) 138ms
 ✓ tests/components/ai-launchpad/ModelConfigurationSection.test.tsx (2 tests) 100ms
 ✓ tests/components/ComponentCard/ComponentHeader.test.tsx (13 tests) 167ms
stderr | tests/components/Team/DutySchedule/OnDuty.test.tsx > OnDuty Component > Basic Rendering > should render the ScheduleTable with correct props
Warning: validateDOMNesting(...): <td> cannot appear as a child of <div>.
    at td
    at TableCell (/Users/C5406081/developer-portal-v3/tests/components/Team/DutySchedule/OnDuty.test.tsx:45:17)
    at div
    at div
    at div
    at spy (file:///Users/C5406081/developer-portal-v3/node_modules/tinyspy/dist/index.js:47:80)
    at OnDuty (/Users/C5406081/developer-portal-v3/src/components/Team/DutySchedule/OnDuty.tsx:11:19)

stderr | tests/components/docs/MermaidDiagram.test.tsx > MermaidDiagram > should have proper styling for error state
Mermaid rendering error: Error: Test error
    at [90m/Users/C5406081/developer-portal-v3/[39mtests/components/docs/MermaidDiagram.test.tsx:98:42
    at [90mfile:///Users/C5406081/developer-portal-v3/[39mnode_modules/[4m@vitest[24m/runner/dist/chunk-hooks.js:155:11
    at [90mfile:///Users/C5406081/developer-portal-v3/[39mnode_modules/[4m@vitest[24m/runner/dist/chunk-hooks.js:752:26
    at [90mfile:///Users/C5406081/developer-portal-v3/[39mnode_modules/[4m@vitest[24m/runner/dist/chunk-hooks.js:1897:20
    at new Promise (<anonymous>)
    at runWithTimeout [90m(file:///Users/C5406081/developer-portal-v3/[39mnode_modules/[4m@vitest[24m/runner/dist/chunk-hooks.js:1863:10[90m)[39m
    at runTest [90m(file:///Users/C5406081/developer-portal-v3/[39mnode_modules/[4m@vitest[24m/runner/dist/chunk-hooks.js:1574:12[90m)[39m
    at runSuite [90m(file:///Users/C5406081/developer-portal-v3/[39mnode_modules/[4m@vitest[24m/runner/dist/chunk-hooks.js:1729:8[90m)[39m
    at runSuite [90m(file:///Users/C5406081/developer-portal-v3/[39mnode_modules/[4m@vitest[24m/runner/dist/chunk-hooks.js:1729:8[90m)[39m
    at runFiles [90m(file:///Users/C5406081/developer-portal-v3/[39mnode_modules/[4m@vitest[24m/runner/dist/chunk-hooks.js:1787:3[90m)[39m

stderr | tests/components/Team/DutySchedule/OnDutySchedule.test.tsx > OnDutySchedule Component > Basic Rendering > should render the component with default props
Warning: validateDOMNesting(...): <div> cannot appear as a child of <select>.
    at div
    at SelectTrigger (/Users/C5406081/developer-portal-v3/tests/components/Team/DutySchedule/OnDutySchedule.test.tsx:89:21)
    at select
    at div
    at Select (/Users/C5406081/developer-portal-v3/tests/components/Team/DutySchedule/OnDutySchedule.test.tsx:78:14)
    at div
    at YearPicker (/Users/C5406081/developer-portal-v3/src/components/Team/DutySchedule/OnDutySchedule.tsx:19:23)
    at div
    at div
    at OnDutySchedule (/Users/C5406081/developer-portal-v3/src/components/Team/DutySchedule/OnDutySchedule.tsx:50:27)

stderr | tests/components/docs/MermaidDiagram.test.tsx > MermaidDiagram > should handle empty chart gracefully
Mermaid rendering error: Error: Empty chart
    at [90m/Users/C5406081/developer-portal-v3/[39mtests/components/docs/MermaidDiagram.test.tsx:123:19
    at [90mfile:///Users/C5406081/developer-portal-v3/[39mnode_modules/[4m@vitest[24m/runner/dist/chunk-hooks.js:155:11
    at [90mfile:///Users/C5406081/developer-portal-v3/[39mnode_modules/[4m@vitest[24m/runner/dist/chunk-hooks.js:752:26
    at [90mfile:///Users/C5406081/developer-portal-v3/[39mnode_modules/[4m@vitest[24m/runner/dist/chunk-hooks.js:1897:20
    at new Promise (<anonymous>)
    at runWithTimeout [90m(file:///Users/C5406081/developer-portal-v3/[39mnode_modules/[4m@vitest[24m/runner/dist/chunk-hooks.js:1863:10[90m)[39m
    at runTest [90m(file:///Users/C5406081/developer-portal-v3/[39mnode_modules/[4m@vitest[24m/runner/dist/chunk-hooks.js:1574:12[90m)[39m
    at runSuite [90m(file:///Users/C5406081/developer-portal-v3/[39mnode_modules/[4m@vitest[24m/runner/dist/chunk-hooks.js:1729:8[90m)[39m
    at runSuite [90m(file:///Users/C5406081/developer-portal-v3/[39mnode_modules/[4m@vitest[24m/runner/dist/chunk-hooks.js:1729:8[90m)[39m
    at runFiles [90m(file:///Users/C5406081/developer-portal-v3/[39mnode_modules/[4m@vitest[24m/runner/dist/chunk-hooks.js:1787:3[90m)[39m

stderr | tests/components/docs/MermaidDiagram.test.tsx > MermaidDiagram > should support dark mode styling for error state
Mermaid rendering error: Error: Test error
    at [90m/Users/C5406081/developer-portal-v3/[39mtests/components/docs/MermaidDiagram.test.tsx:155:42
    at [90mfile:///Users/C5406081/developer-portal-v3/[39mnode_modules/[4m@vitest[24m/runner/dist/chunk-hooks.js:155:11
    at [90mfile:///Users/C5406081/developer-portal-v3/[39mnode_modules/[4m@vitest[24m/runner/dist/chunk-hooks.js:752:26
    at [90mfile:///Users/C5406081/developer-portal-v3/[39mnode_modules/[4m@vitest[24m/runner/dist/chunk-hooks.js:1897:20
    at new Promise (<anonymous>)
    at runWithTimeout [90m(file:///Users/C5406081/developer-portal-v3/[39mnode_modules/[4m@vitest[24m/runner/dist/chunk-hooks.js:1863:10[90m)[39m
    at runTest [90m(file:///Users/C5406081/developer-portal-v3/[39mnode_modules/[4m@vitest[24m/runner/dist/chunk-hooks.js:1574:12[90m)[39m
    at runSuite [90m(file:///Users/C5406081/developer-portal-v3/[39mnode_modules/[4m@vitest[24m/runner/dist/chunk-hooks.js:1729:8[90m)[39m
    at runSuite [90m(file:///Users/C5406081/developer-portal-v3/[39mnode_modules/[4m@vitest[24m/runner/dist/chunk-hooks.js:1729:8[90m)[39m
    at runFiles [90m(file:///Users/C5406081/developer-portal-v3/[39mnode_modules/[4m@vitest[24m/runner/dist/chunk-hooks.js:1787:3[90m)[39m

 ✓ tests/components/docs/MermaidDiagram.test.tsx (8 tests) 77ms
 ✓ tests/components/homepage/JiraIssuesTab.test.tsx (13 tests) 89ms
 ✓ tests/components/NotificationPopup.test.tsx (13 tests) 90ms
 ✓ tests/components/CircuitBreakerSection.test.tsx (12 tests) 80ms
 ✓ tests/services/ApiClient.test.ts (27 tests) 123ms
 ✓ tests/components/Team/DutySchedule/OnDutySchedule.test.tsx (21 tests) 84ms
 ✓ tests/components/ai-arena/MessageBubble.test.tsx (30 tests) 62ms
 ✓ tests/components/Team/DutySchedule/OnDuty.test.tsx (22 tests) 107ms
 ✓ tests/components/ai-launchpad/ModelSummaryCard.test.tsx (4 tests) 95ms
 ✓ tests/components/ComponentView/CodeQualityCard.test.tsx (6 tests) 49ms
 ✓ tests/components/ComponentCard/QualityMetricsGrid.test.tsx (9 tests) 38ms
 ✓ tests/components/Team/TeamContainer.test.tsx (12 tests) 39ms
stderr | tests/components/Team/DutySchedule/OnCall.test.tsx > OnCall Component > Basic Rendering > should render the ScheduleTable with correct props
Warning: validateDOMNesting(...): <td> cannot appear as a child of <div>.
    at td
    at TableCell (/Users/C5406081/developer-portal-v3/tests/components/Team/DutySchedule/OnCall.test.tsx:45:17)
    at div
    at div
    at div
    at spy (file:///Users/C5406081/developer-portal-v3/node_modules/tinyspy/dist/index.js:47:80)
    at OnCall (/Users/C5406081/developer-portal-v3/src/components/Team/DutySchedule/OnCall.tsx:11:19)

 ✓ tests/components/Health/StatusBadge.test.tsx (9 tests) 26ms
 ✓ tests/components/SettingsDialog/CustomizationAppearanceSettings.test.tsx (9 tests) 35ms
 ✓ tests/components/ComponentsTab.test.tsx (9 tests) 87ms
 ✓ tests/components/DeveloperPortalHeader/UserProfileDropdown.test.tsx (9 tests) 33ms
 ✓ tests/components/ComponentViewApi.test.tsx (13 tests) 62ms
 ✓ tests/components/Team/DutySchedule/OnCall.test.tsx (15 tests) 74ms
stderr | tests/components/ai-launchpad/DeploymentsManager.test.tsx > DeploymentsManager > should handle refresh and create actions
Warning: An update to DeploymentsManager inside a test was not wrapped in act(...).

When testing, code that causes React state updates should be wrapped into act(...):

act(() => {
  /* fire events that update state */
});
/* assert on the output */

This ensures that you're testing the behavior the user would see in the browser. Learn more at https://reactjs.org/link/wrap-tests-with-act
    at DeploymentsManager (/Users/C5406081/developer-portal-v3/src/components/AILaunchpad/DeploymentsManager.tsx:28:3)

 ✓ tests/components/ai-launchpad/DeploymentsManager.test.tsx (3 tests) 67ms
stderr | tests/pages/TeamsPage/TeamsPage.test.tsx > TeamsPage > Loading States > displays loading spinner when teams are loading
⚠️ React Router Future Flag Warning: React Router will begin wrapping state updates in `React.startTransition` in v7. You can use the `v7_startTransition` future flag to opt-in early. For more information, see https://reactrouter.com/v6/upgrading/future#v7_starttransition.
⚠️ React Router Future Flag Warning: Relative route resolution within Splat routes is changing in v7. You can use the `v7_relativeSplatPath` future flag to opt-in early. For more information, see https://reactrouter.com/v6/upgrading/future#v7_relativesplatpath.

 ✓ tests/pages/TeamsPage/TeamsPage.test.tsx (8 tests) 52ms
 ✓ tests/components/SelfServiceComponents/StepIndicator.test.tsx (4 tests) 25ms
 ✓ tests/components/ComponentCard/ActionButtons.test.tsx (8 tests) 25ms
 ✓ tests/components/ai-launchpad/TimelineSection.test.tsx (6 tests) 38ms
 ✓ tests/components/ai-arena/AIPage.test.tsx (8 tests) 58ms
 ✓ tests/components/HealthOverview.test.tsx (10 tests) 47ms
 ✓ tests/components/ComponentCard/MetricItem.test.tsx (6 tests) 41ms
 ✓ tests/components/ComponentCard/HealthStatusBadge.test.tsx (9 tests) 48ms
 ✓ tests/components/ComponentView/InfrastructureCard.test.tsx (7 tests) 44ms
 ✓ tests/components/ComponentsSearchFilter.test.tsx (10 tests) 40ms
 ✓ tests/components/ai-launchpad/DeploymentStats.test.tsx (6 tests) 33ms
 ✓ tests/components/Health/HealthDetails.test.tsx (4 tests) 36ms
 ✓ tests/components/ComponentView/HealthErrorDisplay.test.tsx (5 tests) 18ms
 ✓ tests/pages/LinksPage/LinksPage.test.tsx (5 tests) 21ms
 ✓ tests/components/ComponentView/ComponentHealthCard.test.tsx (5 tests) 23ms
 ✓ tests/components/ComponentViewOverview.test.tsx (7 tests) 27ms
 ✓ tests/components/ComponentView/StatusDot.test.tsx (11 tests) 22ms
 ✓ tests/components/ComponentCard/SystemInfoBadges.test.tsx (11 tests) 28ms
 ✓ tests/components/SelfServiceComponents/FormPreview.test.tsx (7 tests) 24ms
 ✓ tests/components/ai-launchpad/DeploymentCardActions.test.tsx (4 tests) 27ms
 ✓ tests/components/Health/HealthDashboard.test.tsx (5 tests) 26ms
 ✓ tests/components/ai-launchpad/DeploymentCard.test.tsx (3 tests) 24ms
stderr | tests/pages/AIArenaPage/AIArenaPage.test.tsx > AIArenaPage Component > Basic Functionality > should render page with chat tab content by default
⚠️ React Router Future Flag Warning: React Router will begin wrapping state updates in `React.startTransition` in v7. You can use the `v7_startTransition` future flag to opt-in early. For more information, see https://reactrouter.com/v6/upgrading/future#v7_starttransition.
⚠️ React Router Future Flag Warning: Relative route resolution within Splat routes is changing in v7. You can use the `v7_relativeSplatPath` future flag to opt-in early. For more information, see https://reactrouter.com/v6/upgrading/future#v7_relativesplatpath.

 ✓ tests/pages/AIArenaPage/AIArenaPage.test.tsx (5 tests) 28ms
 ✓ tests/services/healthApi.test.ts (15 tests) 5ms
 ✓ tests/services/SonarApi.test.ts (32 tests) 8ms
 ✓ tests/services/authService.test.ts (16 tests) 9ms
 ✓ tests/services/githubApi.test.ts (27 tests) 6ms
 ✓ tests/services/ComponentsApi.test.ts (30 tests) 13ms
 ✓ tests/services/JiraApi.test.ts (28 tests) 8ms
 ✓ tests/services/SelfServiceApi.test.ts (25 tests) 7ms
 ✓ tests/utils/developer-portal-helpers.test.ts (74 tests) 13ms
 ✓ tests/services/LandscapesApi.test.ts (10 tests) 4ms
 ✓ tests/services/AuthRefreshService.test.ts (14 tests) 5ms
 ✓ tests/components/ai-launchpad/deploymentUtils.test.tsx (8 tests) 2ms
 ✓ src/test/App.test.tsx (2 tests) 1ms
 ✓ src/utils/landscapeDefaults.test.ts (9 tests) 2ms
 ✓ tests/utils/schedule-utils.test.ts (19 tests) 3ms

⎯⎯⎯⎯⎯⎯ Failed Suites 10 ⎯⎯⎯⎯⎯⎯

 FAIL  tests/App.test.tsx [ tests/App.test.tsx ]
Error: Transform failed with 1 error:
/Users/C5406081/developer-portal-v3/tests/App.test.tsx:413:3: ERROR: Unexpected end of file
  Plugin: vite:esbuild
  File: /Users/C5406081/developer-portal-v3/tests/App.test.tsx:413:3
  
  Unexpected end of file
  411|      });
  412|    });
  413|  });
     |     ^
  
 ❯ failureErrorWithLog node_modules/vite/node_modules/esbuild/lib/main.js:1472:15
 ❯ node_modules/vite/node_modules/esbuild/lib/main.js:755:50
 ❯ responseCallbacks.<computed> node_modules/vite/node_modules/esbuild/lib/main.js:622:9
 ❯ handleIncomingPacket node_modules/vite/node_modules/esbuild/lib/main.js:677:12
 ❯ Socket.readFromStdout node_modules/vite/node_modules/esbuild/lib/main.js:600:7

⎯⎯⎯⎯⎯⎯⎯⎯⎯⎯⎯⎯⎯⎯⎯⎯⎯⎯⎯⎯⎯⎯⎯[1/76]⎯

 FAIL  tests/components/PortalContainer.test.tsx [ tests/components/PortalContainer.test.tsx ]
Error: Transform failed with 1 error:
/Users/C5406081/developer-portal-v3/tests/components/PortalContainer.test.tsx:100:2: ERROR: Unexpected "}"
  Plugin: vite:esbuild
  File: /Users/C5406081/developer-portal-v3/tests/components/PortalContainer.test.tsx:100:2
  
  Unexpected "}"
  98 |      mockLocation = { pathname: '/' };
  99 |  
  100|    });
     |    ^
  101|  
  102|    const renderWithRouter = (initialEntries = ['/']) => {
  
 ❯ failureErrorWithLog node_modules/vite/node_modules/esbuild/lib/main.js:1472:15
 ❯ node_modules/vite/node_modules/esbuild/lib/main.js:755:50
 ❯ responseCallbacks.<computed> node_modules/vite/node_modules/esbuild/lib/main.js:622:9
 ❯ handleIncomingPacket node_modules/vite/node_modules/esbuild/lib/main.js:677:12
 ❯ Socket.readFromStdout node_modules/vite/node_modules/esbuild/lib/main.js:600:7

⎯⎯⎯⎯⎯⎯⎯⎯⎯⎯⎯⎯⎯⎯⎯⎯⎯⎯⎯⎯⎯⎯⎯[2/76]⎯

 FAIL  tests/components/PortalContent.test.tsx [ tests/components/PortalContent.test.tsx ]
Error: Failed to resolve import "@/contexts/SidebarContext" from "tests/components/PortalContent.test.tsx". Does the file exist?
  Plugin: vite:import-analysis
  File: /Users/C5406081/developer-portal-v3/tests/components/PortalContent.test.tsx:9:0
  31 |  const __vi_import_5__ = await import("@/contexts/hooks");
  32 |  const __vi_import_6__ = await import("@/contexts/HeaderNavigationContext");
  33 |  const __vi_import_7__ = await import("@/contexts/SidebarContext");
     |                                       ^
  34 |  const __vi_import_8__ = await import("@/hooks/use-mobile");
  35 |  import { describe, it, expect, vi, beforeEach } from "vitest";
 ❯ TransformPluginContext._formatError node_modules/vite/dist/node/chunks/dep-BK3b2jBa.js:49258:41
 ❯ TransformPluginContext.error node_modules/vite/dist/node/chunks/dep-BK3b2jBa.js:49253:16
 ❯ normalizeUrl node_modules/vite/dist/node/chunks/dep-BK3b2jBa.js:64307:23
 ❯ node_modules/vite/dist/node/chunks/dep-BK3b2jBa.js:64439:39
 ❯ TransformPluginContext.transform node_modules/vite/dist/node/chunks/dep-BK3b2jBa.js:64366:7
 ❯ PluginContainer.transform node_modules/vite/dist/node/chunks/dep-BK3b2jBa.js:49099:18
 ❯ loadAndTransform node_modules/vite/dist/node/chunks/dep-BK3b2jBa.js:51978:27

⎯⎯⎯⎯⎯⎯⎯⎯⎯⎯⎯⎯⎯⎯⎯⎯⎯⎯⎯⎯⎯⎯⎯[3/76]⎯

 FAIL  tests/integration-tests/ProjectLayout.integration.test.tsx [ tests/integration-tests/ProjectLayout.integration.test.tsx ]
Error: Failed to resolve import "../../src/contexts/ProjectsContext" from "tests/integration-tests/ProjectLayout.integration.test.tsx". Does the file exist?
  Plugin: vite:import-analysis
  File: /Users/C5406081/developer-portal-v3/tests/integration-tests/ProjectLayout.integration.test.tsx:47:0
  31 |  const __vi_import_8__ = await import("../../src/services/healthApi");
  32 |  const __vi_import_9__ = await import("../../src/types/api");
  33 |  const __vi_import_10__ = await import("../../src/contexts/ProjectsContext");
     |                                        ^
  34 |  const __vi_import_11__ = await import("../../src/contexts/PortalProviders");
  35 |  const __vi_import_12__ = await import("../../src/components/ProjectLayout");
 ❯ TransformPluginContext._formatError node_modules/vite/dist/node/chunks/dep-BK3b2jBa.js:49258:41
 ❯ TransformPluginContext.error node_modules/vite/dist/node/chunks/dep-BK3b2jBa.js:49253:16
 ❯ normalizeUrl node_modules/vite/dist/node/chunks/dep-BK3b2jBa.js:64307:23
 ❯ node_modules/vite/dist/node/chunks/dep-BK3b2jBa.js:64439:39
 ❯ TransformPluginContext.transform node_modules/vite/dist/node/chunks/dep-BK3b2jBa.js:64366:7
 ❯ PluginContainer.transform node_modules/vite/dist/node/chunks/dep-BK3b2jBa.js:49099:18
 ❯ loadAndTransform node_modules/vite/dist/node/chunks/dep-BK3b2jBa.js:51978:27

⎯⎯⎯⎯⎯⎯⎯⎯⎯⎯⎯⎯⎯⎯⎯⎯⎯⎯⎯⎯⎯⎯⎯[4/76]⎯

 FAIL  tests/components/navigation/HeaderNavigation.test.tsx [ tests/components/navigation/HeaderNavigation.test.tsx ]
Error: Failed to resolve import "../../../src/contexts/ProjectsContext" from "tests/components/navigation/HeaderNavigation.test.tsx". Does the file exist?
  Plugin: vite:import-analysis
  File: /Users/C5406081/developer-portal-v3/tests/components/navigation/HeaderNavigation.test.tsx:8:0
  29 |  const __vi_import_3__ = await import("../../../src/components/DeveloperPortalHeader/HeaderNavigation");
  30 |  const __vi_import_4__ = await import("../../../src/contexts/HeaderNavigationContext");
  31 |  const __vi_import_5__ = await import("../../../src/contexts/ProjectsContext");
     |                                       ^
  32 |  import { describe, it, expect, vi, beforeEach, beforeAll } from "vitest";
  33 |  
 ❯ TransformPluginContext._formatError node_modules/vite/dist/node/chunks/dep-BK3b2jBa.js:49258:41
 ❯ TransformPluginContext.error node_modules/vite/dist/node/chunks/dep-BK3b2jBa.js:49253:16
 ❯ normalizeUrl node_modules/vite/dist/node/chunks/dep-BK3b2jBa.js:64307:23
 ❯ node_modules/vite/dist/node/chunks/dep-BK3b2jBa.js:64439:39
 ❯ TransformPluginContext.transform node_modules/vite/dist/node/chunks/dep-BK3b2jBa.js:64366:7
 ❯ PluginContainer.transform node_modules/vite/dist/node/chunks/dep-BK3b2jBa.js:49099:18
 ❯ loadAndTransform node_modules/vite/dist/node/chunks/dep-BK3b2jBa.js:51978:27

⎯⎯⎯⎯⎯⎯⎯⎯⎯⎯⎯⎯⎯⎯⎯⎯⎯⎯⎯⎯⎯⎯⎯[5/76]⎯

 FAIL  tests/components/navigation/HeaderTabsList.test.tsx [ tests/components/navigation/HeaderTabsList.test.tsx ]
Error: Failed to resolve import "../../../src/contexts/ProjectsContext" from "tests/components/navigation/HeaderTabsList.test.tsx". Does the file exist?
  Plugin: vite:import-analysis
  File: /Users/C5406081/developer-portal-v3/tests/components/navigation/HeaderTabsList.test.tsx:7:0
  29 |  const __vi_import_3__ = await import("../../../src/components/DeveloperPortalHeader/HeaderTabsList");
  30 |  const __vi_import_4__ = await import("../../../src/contexts/HeaderNavigationContext");
  31 |  const __vi_import_5__ = await import("../../../src/contexts/ProjectsContext");
     |                                       ^
  32 |  import { describe, it, expect, vi, beforeEach, beforeAll } from "vitest";
  33 |  
 ❯ TransformPluginContext._formatError node_modules/vite/dist/node/chunks/dep-BK3b2jBa.js:49258:41
 ❯ TransformPluginContext.error node_modules/vite/dist/node/chunks/dep-BK3b2jBa.js:49253:16
 ❯ normalizeUrl node_modules/vite/dist/node/chunks/dep-BK3b2jBa.js:64307:23
 ❯ node_modules/vite/dist/node/chunks/dep-BK3b2jBa.js:64439:39
 ❯ TransformPluginContext.transform node_modules/vite/dist/node/chunks/dep-BK3b2jBa.js:64366:7
 ❯ PluginContainer.transform node_modules/vite/dist/node/chunks/dep-BK3b2jBa.js:49099:18
 ❯ loadAndTransform node_modules/vite/dist/node/chunks/dep-BK3b2jBa.js:51978:27

⎯⎯⎯⎯⎯⎯⎯⎯⎯⎯⎯⎯⎯⎯⎯⎯⎯⎯⎯⎯⎯⎯⎯[6/76]⎯

 FAIL  tests/components/navigation/SideBar.test.tsx [ tests/components/navigation/SideBar.test.tsx ]
Error: Failed to resolve import "../../../src/contexts/ProjectsContext" from "tests/components/navigation/SideBar.test.tsx". Does the file exist?
  Plugin: vite:import-analysis
  File: /Users/C5406081/developer-portal-v3/tests/components/navigation/SideBar.test.tsx:5:0
  40 |  const __vi_import_1__ = await import("@testing-library/jest-dom/vitest");
  41 |  const __vi_import_2__ = await import("../../../src/components/Sidebar/SideBar");
  42 |  const __vi_import_3__ = await import("../../../src/contexts/ProjectsContext");
     |                                       ^
  43 |  import { describe, it, expect, vi, beforeEach, afterEach } from "vitest";
  44 |  
 ❯ TransformPluginContext._formatError node_modules/vite/dist/node/chunks/dep-BK3b2jBa.js:49258:41
 ❯ TransformPluginContext.error node_modules/vite/dist/node/chunks/dep-BK3b2jBa.js:49253:16
 ❯ normalizeUrl node_modules/vite/dist/node/chunks/dep-BK3b2jBa.js:64307:23
 ❯ node_modules/vite/dist/node/chunks/dep-BK3b2jBa.js:64439:39
 ❯ TransformPluginContext.transform node_modules/vite/dist/node/chunks/dep-BK3b2jBa.js:64366:7
 ❯ PluginContainer.transform node_modules/vite/dist/node/chunks/dep-BK3b2jBa.js:49099:18
 ❯ loadAndTransform node_modules/vite/dist/node/chunks/dep-BK3b2jBa.js:51978:27

⎯⎯⎯⎯⎯⎯⎯⎯⎯⎯⎯⎯⎯⎯⎯⎯⎯⎯⎯⎯⎯⎯⎯[7/76]⎯

 FAIL  tests/components/tools/LandscapeFilter.test.tsx [ tests/components/tools/LandscapeFilter.test.tsx ]
Error: Failed to resolve import "../../../src/contexts/AppStateContext" from "tests/components/tools/LandscapeFilter.test.tsx". Does the file exist?
  Plugin: vite:import-analysis
  File: /Users/C5406081/developer-portal-v3/tests/components/tools/LandscapeFilter.test.tsx:6:33
  3  |  import "@testing-library/jest-dom/vitest";
  4  |  import { LandscapeFilter } from "../../../src/components/LandscapeFilter";
  5  |  import { AppStateProvider } from "../../../src/contexts/AppStateContext";
     |                                    ^
  6  |  global.ResizeObserver = vi.fn().mockImplementation(() => ({
  7  |    observe: vi.fn(),
 ❯ TransformPluginContext._formatError node_modules/vite/dist/node/chunks/dep-BK3b2jBa.js:49258:41
 ❯ TransformPluginContext.error node_modules/vite/dist/node/chunks/dep-BK3b2jBa.js:49253:16
 ❯ normalizeUrl node_modules/vite/dist/node/chunks/dep-BK3b2jBa.js:64307:23
 ❯ node_modules/vite/dist/node/chunks/dep-BK3b2jBa.js:64439:39
 ❯ TransformPluginContext.transform node_modules/vite/dist/node/chunks/dep-BK3b2jBa.js:64366:7
 ❯ PluginContainer.transform node_modules/vite/dist/node/chunks/dep-BK3b2jBa.js:49099:18
 ❯ loadAndTransform node_modules/vite/dist/node/chunks/dep-BK3b2jBa.js:51978:27

⎯⎯⎯⎯⎯⎯⎯⎯⎯⎯⎯⎯⎯⎯⎯⎯⎯⎯⎯⎯⎯⎯⎯[8/76]⎯

 FAIL  tests/components/ui/tabs-ui-components.test.tsx [ tests/components/ui/tabs-ui-components.test.tsx ]
Error: Failed to resolve import "../../../src/components/ui/sidebar" from "tests/components/ui/tabs-ui-components.test.tsx". Does the file exist?
  Plugin: vite:import-analysis
  File: /Users/C5406081/developer-portal-v3/tests/components/ui/tabs-ui-components.test.tsx:168:32
  76 |    let SidebarMenuButton;
  77 |    beforeEach(async () => {
  78 |      const module = await import("../../../src/components/ui/sidebar");
     |                                  ^
  79 |      Sidebar = module.Sidebar;
  80 |      SidebarTrigger = module.SidebarTrigger;
 ❯ TransformPluginContext._formatError node_modules/vite/dist/node/chunks/dep-BK3b2jBa.js:49258:41
 ❯ TransformPluginContext.error node_modules/vite/dist/node/chunks/dep-BK3b2jBa.js:49253:16
 ❯ normalizeUrl node_modules/vite/dist/node/chunks/dep-BK3b2jBa.js:64307:23
 ❯ node_modules/vite/dist/node/chunks/dep-BK3b2jBa.js:64439:39
 ❯ TransformPluginContext.transform node_modules/vite/dist/node/chunks/dep-BK3b2jBa.js:64366:7
 ❯ PluginContainer.transform node_modules/vite/dist/node/chunks/dep-BK3b2jBa.js:49099:18
 ❯ loadAndTransform node_modules/vite/dist/node/chunks/dep-BK3b2jBa.js:51978:27

⎯⎯⎯⎯⎯⎯⎯⎯⎯⎯⎯⎯⎯⎯⎯⎯⎯⎯⎯⎯⎯⎯⎯[9/76]⎯

 FAIL  tests/pages/DynamicProjectPage/DynamicProjectPage.test.tsx [ tests/pages/DynamicProjectPage/DynamicProjectPage.test.tsx ]
Error: Failed to resolve import "../../../src/contexts/ProjectsContext" from "tests/pages/DynamicProjectPage/DynamicProjectPage.test.tsx". Does the file exist?
  Plugin: vite:import-analysis
  File: /Users/C5406081/developer-portal-v3/tests/pages/DynamicProjectPage/DynamicProjectPage.test.tsx:6:0
  29 |  const __vi_import_2__ = await import("react-router-dom");
  30 |  const __vi_import_3__ = await import("../../../src/pages/DynamicProjectPage");
  31 |  const __vi_import_4__ = await import("../../../src/contexts/ProjectsContext");
     |                                       ^
  32 |  import { describe, it, expect, vi, beforeEach } from "vitest";
  33 |  
 ❯ TransformPluginContext._formatError node_modules/vite/dist/node/chunks/dep-BK3b2jBa.js:49258:41
 ❯ TransformPluginContext.error node_modules/vite/dist/node/chunks/dep-BK3b2jBa.js:49253:16
 ❯ normalizeUrl node_modules/vite/dist/node/chunks/dep-BK3b2jBa.js:64307:23
 ❯ node_modules/vite/dist/node/chunks/dep-BK3b2jBa.js:64439:39
 ❯ TransformPluginContext.transform node_modules/vite/dist/node/chunks/dep-BK3b2jBa.js:64366:7
 ❯ PluginContainer.transform node_modules/vite/dist/node/chunks/dep-BK3b2jBa.js:49099:18
 ❯ loadAndTransform node_modules/vite/dist/node/chunks/dep-BK3b2jBa.js:51978:27

⎯⎯⎯⎯⎯⎯⎯⎯⎯⎯⎯⎯⎯⎯⎯⎯⎯⎯⎯⎯⎯⎯[10/76]⎯


⎯⎯⎯⎯⎯⎯ Failed Tests 66 ⎯⎯⎯⎯⎯⎯⎯

 FAIL  tests/components/ProjectLayout.test.tsx > ProjectLayout > Basic Rendering > should render core layout structure
TestingLibraryElementError: Unable to find an element by: [data-testid="components-tab-content"]

Ignored nodes: comments, script, style
[36m<body>[39m
  [36m<div>[39m
    [36m<div[39m
      [33mdata-testid[39m=[32m"breadcrumb-page"[39m
    [36m>[39m
      [36m<div[39m
        [33mdata-testid[39m=[32m"landscape-links-section"[39m
      [36m/>[39m
      [36m<div[39m
        [33mclass[39m=[32m"space-y-6"[39m
      [36m>[39m
        [36m<div[39m
          [33mclass[39m=[32m"flex items-center justify-between"[39m
        [36m>[39m
          [36m<div[39m
            [33mclass[39m=[32m"flex items-center gap-2"[39m
          [36m>[39m
            [36m<h2[39m
              [33mclass[39m=[32m"text-2xl font-bold"[39m
            [36m>[39m
              [0mComponents[0m
            [36m</h2>[39m
          [36m</div>[39m
          [36m<div[39m
            [33mclass[39m=[32m"flex items-center gap-2"[39m
          [36m>[39m
            [36m<div[39m
              [33mdata-testid[39m=[32m"view-switcher"[39m
            [36m/>[39m
          [36m</div>[39m
        [36m</div>[39m
        [36m<div[39m
          [33mclass[39m=[32m"border-2 border-dashed rounded-lg p-12 text-center"[39m
        [36m>[39m
          [36m<p[39m
            [33mclass[39m=[32m"text-muted-foreground"[39m
          [36m>[39m
            [0mSelect a landscape to view components[0m
          [36m</p>[39m
        [36m</div>[39m
      [36m</div>[39m
    [36m</div>[39m
  [36m</div>[39m
[36m</body>[39m
 ❯ Object.getElementError node_modules/@testing-library/dom/dist/config.js:37:19
 ❯ node_modules/@testing-library/dom/dist/query-helpers.js:76:38
 ❯ node_modules/@testing-library/dom/dist/query-helpers.js:52:17
 ❯ node_modules/@testing-library/dom/dist/query-helpers.js:95:19
 ❯ tests/components/ProjectLayout.test.tsx:208:21
    206|       expect(screen.getByTestId('breadcrumb-page')).toBeInTheDocument(…
    207|       expect(screen.getByTestId('landscape-links-section')).toBeInTheD…
    208|       expect(screen.getByTestId('components-tab-content')).toBeInTheDo…
       |                     ^
    209|     });
    210| 

⎯⎯⎯⎯⎯⎯⎯⎯⎯⎯⎯⎯⎯⎯⎯⎯⎯⎯⎯⎯⎯⎯[11/76]⎯

 FAIL  tests/components/ProjectLayout.test.tsx > ProjectLayout > Props and Configuration > should use default values when optional props not provided
TestingLibraryElementError: Unable to find an element by: [data-testid="components-title"]

Ignored nodes: comments, script, style
[36m<body>[39m
  [36m<div>[39m
    [36m<div[39m
      [33mdata-testid[39m=[32m"breadcrumb-page"[39m
    [36m>[39m
      [36m<div[39m
        [33mdata-testid[39m=[32m"landscape-links-section"[39m
      [36m/>[39m
      [36m<div[39m
        [33mclass[39m=[32m"space-y-6"[39m
      [36m>[39m
        [36m<div[39m
          [33mclass[39m=[32m"flex items-center justify-between"[39m
        [36m>[39m
          [36m<div[39m
            [33mclass[39m=[32m"flex items-center gap-2"[39m
          [36m>[39m
            [36m<h2[39m
              [33mclass[39m=[32m"text-2xl font-bold"[39m
            [36m>[39m
              [0mComponents[0m
            [36m</h2>[39m
          [36m</div>[39m
          [36m<div[39m
            [33mclass[39m=[32m"flex items-center gap-2"[39m
          [36m>[39m
            [36m<div[39m
              [33mdata-testid[39m=[32m"view-switcher"[39m
            [36m/>[39m
          [36m</div>[39m
        [36m</div>[39m
        [36m<div[39m
          [33mclass[39m=[32m"border-2 border-dashed rounded-lg p-12 text-center"[39m
        [36m>[39m
          [36m<p[39m
            [33mclass[39m=[32m"text-muted-foreground"[39m
          [36m>[39m
            [0mSelect a landscape to view components[0m
          [36m</p>[39m
        [36m</div>[39m
      [36m</div>[39m
    [36m</div>[39m
  [36m</div>[39m
[36m</body>[39m
 ❯ Object.getElementError node_modules/@testing-library/dom/dist/config.js:37:19
 ❯ node_modules/@testing-library/dom/dist/query-helpers.js:76:38
 ❯ node_modules/@testing-library/dom/dist/query-helpers.js:52:17
 ❯ node_modules/@testing-library/dom/dist/query-helpers.js:95:19
 ❯ tests/components/ProjectLayout.test.tsx:222:21
    220|     it('should use default values when optional props not provided', (…
    221|       renderComponent();
    222|       expect(screen.getByTestId('components-title')).toHaveTextContent…
       |                     ^
    223|       expect(screen.getByTestId('components-system')).toHaveTextConten…
    224|       expect(screen.getByTestId('components-show-filter')).toHaveTextC…

⎯⎯⎯⎯⎯⎯⎯⎯⎯⎯⎯⎯⎯⎯⎯⎯⎯⎯⎯⎯⎯⎯[12/76]⎯

 FAIL  tests/components/ProjectLayout.test.tsx > ProjectLayout > Props and Configuration > should use custom prop values when provided
TestingLibraryElementError: Unable to find an element by: [data-testid="components-system"]

Ignored nodes: comments, script, style
[36m<body>[39m
  [36m<div>[39m
    [36m<div[39m
      [33mdata-testid[39m=[32m"breadcrumb-page"[39m
    [36m>[39m
      [36m<div[39m
        [33mdata-testid[39m=[32m"landscape-links-section"[39m
      [36m/>[39m
      [36m<div[39m
        [33mclass[39m=[32m"space-y-6"[39m
      [36m>[39m
        [36m<div[39m
          [33mclass[39m=[32m"flex items-center justify-between"[39m
        [36m>[39m
          [36m<div[39m
            [33mclass[39m=[32m"flex items-center gap-2"[39m
          [36m>[39m
            [36m<h2[39m
              [33mclass[39m=[32m"text-2xl font-bold"[39m
            [36m>[39m
              [0mComponents[0m
            [36m</h2>[39m
          [36m</div>[39m
          [36m<div[39m
            [33mclass[39m=[32m"flex items-center gap-2"[39m
          [36m>[39m
            [36m<div[39m
              [33mdata-testid[39m=[32m"view-switcher"[39m
            [36m/>[39m
          [36m</div>[39m
        [36m</div>[39m
        [36m<div[39m
          [33mclass[39m=[32m"border-2 border-dashed rounded-lg p-12 text-center"[39m
        [36m>[39m
          [36m<p[39m
            [33mclass[39m=[32m"text-muted-foreground"[39m
          [36m>[39m
            [0mSelect a landscape to view components[0m
          [36m</p>[39m
        [36m</div>[39m
      [36m</div>[39m
    [36m</div>[39m
  [36m</div>[39m
[36m</body>[39m
 ❯ Object.getElementError node_modules/@testing-library/dom/dist/config.js:37:19
 ❯ node_modules/@testing-library/dom/dist/query-helpers.js:76:38
 ❯ node_modules/@testing-library/dom/dist/query-helpers.js:52:17
 ❯ node_modules/@testing-library/dom/dist/query-helpers.js:95:19
 ❯ tests/components/ProjectLayout.test.tsx:233:21
    231|         showLandscapeFilter: true
    232|       });
    233|       expect(screen.getByTestId('components-system')).toHaveTextConten…
       |                     ^
    234|       expect(screen.getByTestId('components-empty-message')).toHaveTex…
    235|       expect(screen.getByTestId('components-show-filter')).toHaveTextC…

⎯⎯⎯⎯⎯⎯⎯⎯⎯⎯⎯⎯⎯⎯⎯⎯⎯⎯⎯⎯⎯⎯[13/76]⎯

 FAIL  tests/components/ProjectLayout.test.tsx > ProjectLayout > Props and Configuration > should provide onComponentClick handler
TestingLibraryElementError: Unable to find an element by: [data-testid="components-has-click-handler"]

Ignored nodes: comments, script, style
[36m<body>[39m
  [36m<div>[39m
    [36m<div[39m
      [33mdata-testid[39m=[32m"breadcrumb-page"[39m
    [36m>[39m
      [36m<div[39m
        [33mdata-testid[39m=[32m"landscape-links-section"[39m
      [36m/>[39m
      [36m<div[39m
        [33mclass[39m=[32m"space-y-6"[39m
      [36m>[39m
        [36m<div[39m
          [33mclass[39m=[32m"flex items-center justify-between"[39m
        [36m>[39m
          [36m<div[39m
            [33mclass[39m=[32m"flex items-center gap-2"[39m
          [36m>[39m
            [36m<h2[39m
              [33mclass[39m=[32m"text-2xl font-bold"[39m
            [36m>[39m
              [0mComponents[0m
            [36m</h2>[39m
          [36m</div>[39m
          [36m<div[39m
            [33mclass[39m=[32m"flex items-center gap-2"[39m
          [36m>[39m
            [36m<div[39m
              [33mdata-testid[39m=[32m"view-switcher"[39m
            [36m/>[39m
          [36m</div>[39m
        [36m</div>[39m
        [36m<div[39m
          [33mclass[39m=[32m"border-2 border-dashed rounded-lg p-12 text-center"[39m
        [36m>[39m
          [36m<p[39m
            [33mclass[39m=[32m"text-muted-foreground"[39m
          [36m>[39m
            [0mSelect a landscape to view components[0m
          [36m</p>[39m
        [36m</div>[39m
      [36m</div>[39m
    [36m</div>[39m
  [36m</div>[39m
[36m</body>[39m
 ❯ Object.getElementError node_modules/@testing-library/dom/dist/config.js:37:19
 ❯ node_modules/@testing-library/dom/dist/query-helpers.js:76:38
 ❯ node_modules/@testing-library/dom/dist/query-helpers.js:52:17
 ❯ node_modules/@testing-library/dom/dist/query-helpers.js:95:19
 ❯ tests/components/ProjectLayout.test.tsx:245:21
    243|     it('should provide onComponentClick handler', () => {
    244|       renderComponent();
    245|       expect(screen.getByTestId('components-has-click-handler')).toHav…
       |                     ^
    246|     });
    247|   });

⎯⎯⎯⎯⎯⎯⎯⎯⎯⎯⎯⎯⎯⎯⎯⎯⎯⎯⎯⎯⎯⎯[14/76]⎯

 FAIL  tests/components/ProjectLayout.test.tsx > ProjectLayout > Health Integration > should show health overview when summary data is available
TestingLibraryElementError: Unable to find an element by: [data-testid="health-overview"]

Ignored nodes: comments, script, style
[36m<body>[39m
  [36m<div>[39m
    [36m<div[39m
      [33mdata-testid[39m=[32m"breadcrumb-page"[39m
    [36m>[39m
      [36m<div[39m
        [33mdata-testid[39m=[32m"landscape-links-section"[39m
      [36m/>[39m
      [36m<div[39m
        [33mclass[39m=[32m"space-y-6"[39m
      [36m>[39m
        [36m<div[39m
          [33mclass[39m=[32m"flex items-center justify-between"[39m
        [36m>[39m
          [36m<div[39m
            [33mclass[39m=[32m"flex items-center gap-2"[39m
          [36m>[39m
            [36m<h2[39m
              [33mclass[39m=[32m"text-2xl font-bold"[39m
            [36m>[39m
              [0mComponents[0m
            [36m</h2>[39m
          [36m</div>[39m
          [36m<div[39m
            [33mclass[39m=[32m"flex items-center gap-2"[39m
          [36m>[39m
            [36m<div[39m
              [33mdata-testid[39m=[32m"view-switcher"[39m
            [36m/>[39m
          [36m</div>[39m
        [36m</div>[39m
        [36m<div[39m
          [33mclass[39m=[32m"border-2 border-dashed rounded-lg p-12 text-center"[39m
        [36m>[39m
          [36m<p[39m
            [33mclass[39m=[32m"text-muted-foreground"[39m
          [36m>[39m
            [0mSelect a landscape to view components[0m
          [36m</p>[39m
        [36m</div>[39m
      [36m</div>[39m
    [36m</div>[39m
  [36m</div>[39m
[36m</body>[39m
 ❯ Object.getElementError node_modules/@testing-library/dom/dist/config.js:37:19
 ❯ node_modules/@testing-library/dom/dist/query-helpers.js:76:38
 ❯ node_modules/@testing-library/dom/dist/query-helpers.js:52:17
 ❯ node_modules/@testing-library/dom/dist/query-helpers.js:95:19
 ❯ tests/components/ProjectLayout.test.tsx:252:21
    250|     it('should show health overview when summary data is available', (…
    251|       renderComponent();
    252|       expect(screen.getByTestId('health-overview')).toBeInTheDocument(…
       |                     ^
    253|       
    254|       const healthSummary = screen.getByTestId('health-overview-summar…

⎯⎯⎯⎯⎯⎯⎯⎯⎯⎯⎯⎯⎯⎯⎯⎯⎯⎯⎯⎯⎯⎯[15/76]⎯

 FAIL  tests/components/ProjectLayout.test.tsx > ProjectLayout > Health Integration > should handle health loading state
TestingLibraryElementError: Unable to find an element by: [data-testid="components-tab-content"]

Ignored nodes: comments, script, style
[36m<body>[39m
  [36m<div>[39m
    [36m<div[39m
      [33mdata-testid[39m=[32m"breadcrumb-page"[39m
    [36m>[39m
      [36m<div[39m
        [33mdata-testid[39m=[32m"landscape-links-section"[39m
      [36m/>[39m
      [36m<div[39m
        [33mclass[39m=[32m"space-y-6"[39m
      [36m>[39m
        [36m<div[39m
          [33mclass[39m=[32m"flex items-center justify-between"[39m
        [36m>[39m
          [36m<div[39m
            [33mclass[39m=[32m"flex items-center gap-2"[39m
          [36m>[39m
            [36m<h2[39m
              [33mclass[39m=[32m"text-2xl font-bold"[39m
            [36m>[39m
              [0mComponents[0m
            [36m</h2>[39m
          [36m</div>[39m
          [36m<div[39m
            [33mclass[39m=[32m"flex items-center gap-2"[39m
          [36m>[39m
            [36m<div[39m
              [33mdata-testid[39m=[32m"view-switcher"[39m
            [36m/>[39m
          [36m</div>[39m
        [36m</div>[39m
        [36m<div[39m
          [33mclass[39m=[32m"border-2 border-dashed rounded-lg p-12 text-center"[39m
        [36m>[39m
          [36m<p[39m
            [33mclass[39m=[32m"text-muted-foreground"[39m
          [36m>[39m
            [0mSelect a landscape to view components[0m
          [36m</p>[39m
        [36m</div>[39m
      [36m</div>[39m
    [36m</div>[39m
  [36m</div>[39m
[36m</body>[39m
 ❯ Object.getElementError node_modules/@testing-library/dom/dist/config.js:37:19
 ❯ node_modules/@testing-library/dom/dist/query-helpers.js:76:38
 ❯ node_modules/@testing-library/dom/dist/query-helpers.js:52:17
 ❯ node_modules/@testing-library/dom/dist/query-helpers.js:95:19
 ❯ tests/components/ProjectLayout.test.tsx:266:21
    264|       
    265|       renderComponent();
    266|       expect(screen.getByTestId('components-tab-content')).toBeInTheDo…
       |                     ^
    267|     });
    268|   });

⎯⎯⎯⎯⎯⎯⎯⎯⎯⎯⎯⎯⎯⎯⎯⎯⎯⎯⎯⎯⎯⎯[16/76]⎯

 FAIL  tests/components/ProjectLayout.test.tsx > ProjectLayout > Component Data Scenarios > should handle components with central-service flag
TestingLibraryElementError: Unable to find an element by: [data-testid="components-tab-content"]

Ignored nodes: comments, script, style
[36m<body>[39m
  [36m<div>[39m
    [36m<div[39m
      [33mdata-testid[39m=[32m"breadcrumb-page"[39m
    [36m>[39m
      [36m<div[39m
        [33mdata-testid[39m=[32m"landscape-links-section"[39m
      [36m/>[39m
      [36m<div[39m
        [33mclass[39m=[32m"space-y-6"[39m
      [36m>[39m
        [36m<div[39m
          [33mclass[39m=[32m"flex items-center justify-between"[39m
        [36m>[39m
          [36m<div[39m
            [33mclass[39m=[32m"flex items-center gap-2"[39m
          [36m>[39m
            [36m<h2[39m
              [33mclass[39m=[32m"text-2xl font-bold"[39m
            [36m>[39m
              [0mComponents[0m
            [36m</h2>[39m
          [36m</div>[39m
          [36m<div[39m
            [33mclass[39m=[32m"flex items-center gap-2"[39m
          [36m>[39m
            [36m<div[39m
              [33mdata-testid[39m=[32m"view-switcher"[39m
            [36m/>[39m
          [36m</div>[39m
        [36m</div>[39m
        [36m<div[39m
          [33mclass[39m=[32m"border-2 border-dashed rounded-lg p-12 text-center"[39m
        [36m>[39m
          [36m<p[39m
            [33mclass[39m=[32m"text-muted-foreground"[39m
          [36m>[39m
            [0mSelect a landscape to view components[0m
          [36m</p>[39m
        [36m</div>[39m
      [36m</div>[39m
    [36m</div>[39m
  [36m</div>[39m
[36m</body>[39m
 ❯ Object.getElementError node_modules/@testing-library/dom/dist/config.js:37:19
 ❯ node_modules/@testing-library/dom/dist/query-helpers.js:76:38
 ❯ node_modules/@testing-library/dom/dist/query-helpers.js:52:17
 ❯ node_modules/@testing-library/dom/dist/query-helpers.js:95:19
 ❯ tests/components/ProjectLayout.test.tsx:355:21
    353|       
    354|       renderComponent();
    355|       expect(screen.getByTestId('components-tab-content')).toBeInTheDo…
       |                     ^
    356|     });
    357| 

⎯⎯⎯⎯⎯⎯⎯⎯⎯⎯⎯⎯⎯⎯⎯⎯⎯⎯⎯⎯⎯⎯[17/76]⎯

 FAIL  tests/components/ProjectLayout.test.tsx > ProjectLayout > Component Data Scenarios > should handle different component loading states
TestingLibraryElementError: Unable to find an element by: [data-testid="components-tab-content"]

Ignored nodes: comments, script, style
[36m<body>[39m
  [36m<div>[39m
    [36m<div[39m
      [33mdata-testid[39m=[32m"breadcrumb-page"[39m
    [36m>[39m
      [36m<div[39m
        [33mdata-testid[39m=[32m"landscape-links-section"[39m
      [36m/>[39m
      [36m<div[39m
        [33mclass[39m=[32m"space-y-6"[39m
      [36m>[39m
        [36m<div[39m
          [33mclass[39m=[32m"flex items-center justify-between"[39m
        [36m>[39m
          [36m<div[39m
            [33mclass[39m=[32m"flex items-center gap-2"[39m
          [36m>[39m
            [36m<h2[39m
              [33mclass[39m=[32m"text-2xl font-bold"[39m
            [36m>[39m
              [0mComponents[0m
            [36m</h2>[39m
          [36m</div>[39m
          [36m<div[39m
            [33mclass[39m=[32m"flex items-center gap-2"[39m
          [36m>[39m
            [36m<div[39m
              [33mdata-testid[39m=[32m"view-switcher"[39m
            [36m/>[39m
          [36m</div>[39m
        [36m</div>[39m
        [36m<div[39m
          [33mclass[39m=[32m"border-2 border-dashed rounded-lg p-12 text-center"[39m
        [36m>[39m
          [36m<p[39m
            [33mclass[39m=[32m"text-muted-foreground"[39m
          [36m>[39m
            [0mSelect a landscape to view components[0m
          [36m</p>[39m
        [36m</div>[39m
      [36m</div>[39m
    [36m</div>[39m
  [36m</div>[39m
[36m</body>[39m
 ❯ Object.getElementError node_modules/@testing-library/dom/dist/config.js:37:19
 ❯ node_modules/@testing-library/dom/dist/query-helpers.js:76:38
 ❯ node_modules/@testing-library/dom/dist/query-helpers.js:52:17
 ❯ node_modules/@testing-library/dom/dist/query-helpers.js:95:19
 ❯ tests/components/ProjectLayout.test.tsx:367:21
    365|       
    366|       renderComponent();
    367|       expect(screen.getByTestId('components-tab-content')).toBeInTheDo…
       |                     ^
    368|     });
    369| 

⎯⎯⎯⎯⎯⎯⎯⎯⎯⎯⎯⎯⎯⎯⎯⎯⎯⎯⎯⎯⎯⎯[18/76]⎯

 FAIL  tests/components/ProjectLayout.test.tsx > ProjectLayout > Component Data Scenarios > should handle components error state
TestingLibraryElementError: Unable to find an element by: [data-testid="components-tab-content"]

Ignored nodes: comments, script, style
[36m<body>[39m
  [36m<div>[39m
    [36m<div[39m
      [33mdata-testid[39m=[32m"breadcrumb-page"[39m
    [36m>[39m
      [36m<div[39m
        [33mdata-testid[39m=[32m"landscape-links-section"[39m
      [36m/>[39m
      [36m<div[39m
        [33mclass[39m=[32m"space-y-6"[39m
      [36m>[39m
        [36m<div[39m
          [33mclass[39m=[32m"flex items-center justify-between"[39m
        [36m>[39m
          [36m<div[39m
            [33mclass[39m=[32m"flex items-center gap-2"[39m
          [36m>[39m
            [36m<h2[39m
              [33mclass[39m=[32m"text-2xl font-bold"[39m
            [36m>[39m
              [0mComponents[0m
            [36m</h2>[39m
          [36m</div>[39m
          [36m<div[39m
            [33mclass[39m=[32m"flex items-center gap-2"[39m
          [36m>[39m
            [36m<div[39m
              [33mdata-testid[39m=[32m"view-switcher"[39m
            [36m/>[39m
          [36m</div>[39m
        [36m</div>[39m
        [36m<div[39m
          [33mclass[39m=[32m"border-2 border-dashed rounded-lg p-12 text-center"[39m
        [36m>[39m
          [36m<p[39m
            [33mclass[39m=[32m"text-muted-foreground"[39m
          [36m>[39m
            [0mSelect a landscape to view components[0m
          [36m</p>[39m
        [36m</div>[39m
      [36m</div>[39m
    [36m</div>[39m
  [36m</div>[39m
[36m</body>[39m
 ❯ Object.getElementError node_modules/@testing-library/dom/dist/config.js:37:19
 ❯ node_modules/@testing-library/dom/dist/query-helpers.js:76:38
 ❯ node_modules/@testing-library/dom/dist/query-helpers.js:52:17
 ❯ node_modules/@testing-library/dom/dist/query-helpers.js:95:19
 ❯ tests/components/ProjectLayout.test.tsx:379:21
    377|       
    378|       renderComponent();
    379|       expect(screen.getByTestId('components-tab-content')).toBeInTheDo…
       |                     ^
    380|     });
    381|   });

⎯⎯⎯⎯⎯⎯⎯⎯⎯⎯⎯⎯⎯⎯⎯⎯⎯⎯⎯⎯⎯⎯[19/76]⎯

 FAIL  tests/components/ProjectLayout.test.tsx > ProjectLayout > Team Data Scenarios > should handle teams with different metadata configurations
TestingLibraryElementError: Unable to find an element by: [data-testid="components-tab-content"]

Ignored nodes: comments, script, style
[36m<body>[39m
  [36m<div>[39m
    [36m<div[39m
      [33mdata-testid[39m=[32m"breadcrumb-page"[39m
    [36m>[39m
      [36m<div[39m
        [33mdata-testid[39m=[32m"landscape-links-section"[39m
      [36m/>[39m
      [36m<div[39m
        [33mclass[39m=[32m"space-y-6"[39m
      [36m>[39m
        [36m<div[39m
          [33mclass[39m=[32m"flex items-center justify-between"[39m
        [36m>[39m
          [36m<div[39m
            [33mclass[39m=[32m"flex items-center gap-2"[39m
          [36m>[39m
            [36m<h2[39m
              [33mclass[39m=[32m"text-2xl font-bold"[39m
            [36m>[39m
              [0mComponents[0m
            [36m</h2>[39m
          [36m</div>[39m
          [36m<div[39m
            [33mclass[39m=[32m"flex items-center gap-2"[39m
          [36m>[39m
            [36m<div[39m
              [33mdata-testid[39m=[32m"view-switcher"[39m
            [36m/>[39m
          [36m</div>[39m
        [36m</div>[39m
        [36m<div[39m
          [33mclass[39m=[32m"border-2 border-dashed rounded-lg p-12 text-center"[39m
        [36m>[39m
          [36m<p[39m
            [33mclass[39m=[32m"text-muted-foreground"[39m
          [36m>[39m
            [0mSelect a landscape to view components[0m
          [36m</p>[39m
        [36m</div>[39m
      [36m</div>[39m
    [36m</div>[39m
  [36m</div>[39m
[36m</body>[39m
 ❯ Object.getElementError node_modules/@testing-library/dom/dist/config.js:37:19
 ❯ node_modules/@testing-library/dom/dist/query-helpers.js:76:38
 ❯ node_modules/@testing-library/dom/dist/query-helpers.js:52:17
 ❯ node_modules/@testing-library/dom/dist/query-helpers.js:95:19
 ❯ tests/components/ProjectLayout.test.tsx:400:21
    398|       
    399|       renderComponent();
    400|       expect(screen.getByTestId('components-tab-content')).toBeInTheDo…
       |                     ^
    401|     });
    402| 

⎯⎯⎯⎯⎯⎯⎯⎯⎯⎯⎯⎯⎯⎯⎯⎯⎯⎯⎯⎯⎯⎯[20/76]⎯

 FAIL  tests/components/ProjectLayout.test.tsx > ProjectLayout > Team Data Scenarios > should handle null teams data
TestingLibraryElementError: Unable to find an element by: [data-testid="components-tab-content"]

Ignored nodes: comments, script, style
[36m<body>[39m
  [36m<div>[39m
    [36m<div[39m
      [33mdata-testid[39m=[32m"breadcrumb-page"[39m
    [36m>[39m
      [36m<div[39m
        [33mdata-testid[39m=[32m"landscape-links-section"[39m
      [36m/>[39m
      [36m<div[39m
        [33mclass[39m=[32m"space-y-6"[39m
      [36m>[39m
        [36m<div[39m
          [33mclass[39m=[32m"flex items-center justify-between"[39m
        [36m>[39m
          [36m<div[39m
            [33mclass[39m=[32m"flex items-center gap-2"[39m
          [36m>[39m
            [36m<h2[39m
              [33mclass[39m=[32m"text-2xl font-bold"[39m
            [36m>[39m
              [0mComponents[0m
            [36m</h2>[39m
          [36m</div>[39m
          [36m<div[39m
            [33mclass[39m=[32m"flex items-center gap-2"[39m
          [36m>[39m
            [36m<div[39m
              [33mdata-testid[39m=[32m"view-switcher"[39m
            [36m/>[39m
          [36m</div>[39m
        [36m</div>[39m
        [36m<div[39m
          [33mclass[39m=[32m"border-2 border-dashed rounded-lg p-12 text-center"[39m
        [36m>[39m
          [36m<p[39m
            [33mclass[39m=[32m"text-muted-foreground"[39m
          [36m>[39m
            [0mSelect a landscape to view components[0m
          [36m</p>[39m
        [36m</div>[39m
      [36m</div>[39m
    [36m</div>[39m
  [36m</div>[39m
[36m</body>[39m
 ❯ Object.getElementError node_modules/@testing-library/dom/dist/config.js:37:19
 ❯ node_modules/@testing-library/dom/dist/query-helpers.js:76:38
 ❯ node_modules/@testing-library/dom/dist/query-helpers.js:52:17
 ❯ node_modules/@testing-library/dom/dist/query-helpers.js:95:19
 ❯ tests/components/ProjectLayout.test.tsx:409:21
    407|       
    408|       renderComponent();
    409|       expect(screen.getByTestId('components-tab-content')).toBeInTheDo…
       |                     ^
    410|     });
    411|   });

⎯⎯⎯⎯⎯⎯⎯⎯⎯⎯⎯⎯⎯⎯⎯⎯⎯⎯⎯⎯⎯⎯[21/76]⎯

 FAIL  tests/components/ProjectLayout.test.tsx > ProjectLayout > Health Data Integration > should handle health checks with component mapping
TestingLibraryElementError: Unable to find an element by: [data-testid="health-overview"]

Ignored nodes: comments, script, style
[36m<body>[39m
  [36m<div>[39m
    [36m<div[39m
      [33mdata-testid[39m=[32m"breadcrumb-page"[39m
    [36m>[39m
      [36m<div[39m
        [33mdata-testid[39m=[32m"landscape-links-section"[39m
      [36m/>[39m
      [36m<div[39m
        [33mclass[39m=[32m"space-y-6"[39m
      [36m>[39m
        [36m<div[39m
          [33mclass[39m=[32m"flex items-center justify-between"[39m
        [36m>[39m
          [36m<div[39m
            [33mclass[39m=[32m"flex items-center gap-2"[39m
          [36m>[39m
            [36m<h2[39m
              [33mclass[39m=[32m"text-2xl font-bold"[39m
            [36m>[39m
              [0mComponents[0m
            [36m</h2>[39m
          [36m</div>[39m
          [36m<div[39m
            [33mclass[39m=[32m"flex items-center gap-2"[39m
          [36m>[39m
            [36m<div[39m
              [33mdata-testid[39m=[32m"view-switcher"[39m
            [36m/>[39m
          [36m</div>[39m
        [36m</div>[39m
        [36m<div[39m
          [33mclass[39m=[32m"border-2 border-dashed rounded-lg p-12 text-center"[39m
        [36m>[39m
          [36m<p[39m
            [33mclass[39m=[32m"text-muted-foreground"[39m
          [36m>[39m
            [0mSelect a landscape to view components[0m
          [36m</p>[39m
        [36m</div>[39m
      [36m</div>[39m
    [36m</div>[39m
  [36m</div>[39m
[36m</body>[39m
 ❯ Object.getElementError node_modules/@testing-library/dom/dist/config.js:37:19
 ❯ node_modules/@testing-library/dom/dist/query-helpers.js:76:38
 ❯ node_modules/@testing-library/dom/dist/query-helpers.js:52:17
 ❯ node_modules/@testing-library/dom/dist/query-helpers.js:95:19
 ❯ tests/components/ProjectLayout.test.tsx:430:21
    428|       
    429|       renderComponent();
    430|       expect(screen.getByTestId('health-overview')).toBeInTheDocument(…
       |                     ^
    431|     });
    432| 

⎯⎯⎯⎯⎯⎯⎯⎯⎯⎯⎯⎯⎯⎯⎯⎯⎯⎯⎯⎯⎯⎯[22/76]⎯

 FAIL  tests/components/ProjectLayout.test.tsx > ProjectLayout > Health Data Integration > should handle health disabled when no landscapes
TestingLibraryElementError: Unable to find an element by: [data-testid="components-tab-content"]

Ignored nodes: comments, script, style
[36m<body>[39m
  [36m<div>[39m
    [36m<div[39m
      [33mdata-testid[39m=[32m"breadcrumb-page"[39m
    [36m>[39m
      [36m<div[39m
        [33mdata-testid[39m=[32m"landscape-links-section"[39m
      [36m/>[39m
      [36m<div[39m
        [33mclass[39m=[32m"space-y-6"[39m
      [36m>[39m
        [36m<div[39m
          [33mclass[39m=[32m"flex items-center justify-between"[39m
        [36m>[39m
          [36m<div[39m
            [33mclass[39m=[32m"flex items-center gap-2"[39m
          [36m>[39m
            [36m<h2[39m
              [33mclass[39m=[32m"text-2xl font-bold"[39m
            [36m>[39m
              [0mComponents[0m
            [36m</h2>[39m
          [36m</div>[39m
          [36m<div[39m
            [33mclass[39m=[32m"flex items-center gap-2"[39m
          [36m>[39m
            [36m<div[39m
              [33mdata-testid[39m=[32m"view-switcher"[39m
            [36m/>[39m
          [36m</div>[39m
        [36m</div>[39m
        [36m<div[39m
          [33mclass[39m=[32m"border-2 border-dashed rounded-lg p-12 text-center"[39m
        [36m>[39m
          [36m<p[39m
            [33mclass[39m=[32m"text-muted-foreground"[39m
          [36m>[39m
            [0mSelect a landscape to view components[0m
          [36m</p>[39m
        [36m</div>[39m
      [36m</div>[39m
    [36m</div>[39m
  [36m</div>[39m
[36m</body>[39m
 ❯ Object.getElementError node_modules/@testing-library/dom/dist/config.js:37:19
 ❯ node_modules/@testing-library/dom/dist/query-helpers.js:76:38
 ❯ node_modules/@testing-library/dom/dist/query-helpers.js:52:17
 ❯ node_modules/@testing-library/dom/dist/query-helpers.js:95:19
 ❯ tests/components/ProjectLayout.test.tsx:437:21
    435|       
    436|       renderComponent();
    437|       expect(screen.getByTestId('components-tab-content')).toBeInTheDo…
       |                     ^
    438|     });
    439|   });

⎯⎯⎯⎯⎯⎯⎯⎯⎯⎯⎯⎯⎯⎯⎯⎯⎯⎯⎯⎯⎯⎯[23/76]⎯

 FAIL  tests/components/ProjectLayout.test.tsx > ProjectLayout > Landscape Effects and Central Logic > should handle central vs non-central landscape detection
TestingLibraryElementError: Unable to find an element by: [data-testid="components-tab-content"]

Ignored nodes: comments, script, style
[36m<body>[39m
  [36m<div>[39m
    [36m<div[39m
      [33mdata-testid[39m=[32m"breadcrumb-page"[39m
    [36m>[39m
      [36m<div[39m
        [33mdata-testid[39m=[32m"landscape-links-section"[39m
      [36m/>[39m
      [36m<div[39m
        [33mclass[39m=[32m"space-y-6"[39m
      [36m>[39m
        [36m<div[39m
          [33mclass[39m=[32m"flex items-center justify-between"[39m
        [36m>[39m
          [36m<div[39m
            [33mclass[39m=[32m"flex items-center gap-2"[39m
          [36m>[39m
            [36m<h2[39m
              [33mclass[39m=[32m"text-2xl font-bold"[39m
            [36m>[39m
              [0mComponents[0m
            [36m</h2>[39m
          [36m</div>[39m
          [36m<div[39m
            [33mclass[39m=[32m"flex items-center gap-2"[39m
          [36m>[39m
            [36m<div[39m
              [33mdata-testid[39m=[32m"view-switcher"[39m
            [36m/>[39m
          [36m</div>[39m
        [36m</div>[39m
        [36m<div[39m
          [33mclass[39m=[32m"border-2 border-dashed rounded-lg p-12 text-center"[39m
        [36m>[39m
          [36m<p[39m
            [33mclass[39m=[32m"text-muted-foreground"[39m
          [36m>[39m
            [0mSelect a landscape to view components[0m
          [36m</p>[39m
        [36m</div>[39m
      [36m</div>[39m
    [36m</div>[39m
  [36m</div>[39m
[36m</body>[39m
 ❯ Object.getElementError node_modules/@testing-library/dom/dist/config.js:37:19
 ❯ node_modules/@testing-library/dom/dist/query-helpers.js:76:38
 ❯ node_modules/@testing-library/dom/dist/query-helpers.js:52:17
 ❯ node_modules/@testing-library/dom/dist/query-helpers.js:95:19
 ❯ tests/components/ProjectLayout.test.tsx:468:21
    466|       
    467|       renderComponent();
    468|       expect(screen.getByTestId('components-tab-content')).toBeInTheDo…
       |                     ^
    469|     });
    470| 

⎯⎯⎯⎯⎯⎯⎯⎯⎯⎯⎯⎯⎯⎯⎯⎯⎯⎯⎯⎯⎯⎯[24/76]⎯

 FAIL  tests/components/ProjectLayout.test.tsx > ProjectLayout > View Controls and UI Elements > should render view controls when components and landscapes are available
TestingLibraryElementError: Unable to find an element by: [data-testid="badge"]

Ignored nodes: comments, script, style
[36m<body>[39m
  [36m<div>[39m
    [36m<div[39m
      [33mdata-testid[39m=[32m"breadcrumb-page"[39m
    [36m>[39m
      [36m<div[39m
        [33mdata-testid[39m=[32m"landscape-links-section"[39m
      [36m/>[39m
      [36m<div[39m
        [33mclass[39m=[32m"space-y-6"[39m
      [36m>[39m
        [36m<div[39m
          [33mclass[39m=[32m"flex items-center justify-between"[39m
        [36m>[39m
          [36m<div[39m
            [33mclass[39m=[32m"flex items-center gap-2"[39m
          [36m>[39m
            [36m<h2[39m
              [33mclass[39m=[32m"text-2xl font-bold"[39m
            [36m>[39m
              [0mComponents[0m
            [36m</h2>[39m
          [36m</div>[39m
          [36m<div[39m
            [33mclass[39m=[32m"flex items-center gap-2"[39m
          [36m>[39m
            [36m<div[39m
              [33mdata-testid[39m=[32m"view-switcher"[39m
            [36m/>[39m
          [36m</div>[39m
        [36m</div>[39m
        [36m<div[39m
          [33mclass[39m=[32m"border-2 border-dashed rounded-lg p-12 text-center"[39m
        [36m>[39m
          [36m<p[39m
            [33mclass[39m=[32m"text-muted-foreground"[39m
          [36m>[39m
            [0mSelect a landscape to view components[0m
          [36m</p>[39m
        [36m</div>[39m
      [36m</div>[39m
    [36m</div>[39m
  [36m</div>[39m
[36m</body>[39m
 ❯ Object.getElementError node_modules/@testing-library/dom/dist/config.js:37:19
 ❯ node_modules/@testing-library/dom/dist/query-helpers.js:76:38
 ❯ node_modules/@testing-library/dom/dist/query-helpers.js:52:17
 ❯ node_modules/@testing-library/dom/dist/query-helpers.js:95:19
 ❯ tests/components/ProjectLayout.test.tsx:510:21
    508|       expect(screen.getByTestId('view-switcher')).toBeInTheDocument();
    509|       expect(screen.getByText('Components')).toBeInTheDocument();
    510|       expect(screen.getByTestId('badge')).toBeInTheDocument();
       |                     ^
    511|       expect(screen.getByTestId('badge')).toHaveTextContent(/\d+/);
    512|     });

⎯⎯⎯⎯⎯⎯⎯⎯⎯⎯⎯⎯⎯⎯⎯⎯⎯⎯⎯⎯⎯⎯[25/76]⎯

 FAIL  tests/components/ProjectLayout.test.tsx > ProjectLayout > Edge Cases and Complex Scenarios > should handle visibleComponents filtering with central and non-central landscapes
TestingLibraryElementError: Unable to find an element by: [data-testid="components-tab-content"]

Ignored nodes: comments, script, style
[36m<body>[39m
  [36m<div>[39m
    [36m<div[39m
      [33mdata-testid[39m=[32m"breadcrumb-page"[39m
    [36m>[39m
      [36m<div[39m
        [33mdata-testid[39m=[32m"landscape-links-section"[39m
      [36m/>[39m
      [36m<div[39m
        [33mclass[39m=[32m"space-y-6"[39m
      [36m>[39m
        [36m<div[39m
          [33mclass[39m=[32m"flex items-center justify-between"[39m
        [36m>[39m
          [36m<div[39m
            [33mclass[39m=[32m"flex items-center gap-2"[39m
          [36m>[39m
            [36m<h2[39m
              [33mclass[39m=[32m"text-2xl font-bold"[39m
            [36m>[39m
              [0mComponents[0m
            [36m</h2>[39m
          [36m</div>[39m
          [36m<div[39m
            [33mclass[39m=[32m"flex items-center gap-2"[39m
          [36m>[39m
            [36m<div[39m
              [33mdata-testid[39m=[32m"view-switcher"[39m
            [36m/>[39m
          [36m</div>[39m
        [36m</div>[39m
        [36m<div[39m
          [33mclass[39m=[32m"border-2 border-dashed rounded-lg p-12 text-center"[39m
        [36m>[39m
          [36m<p[39m
            [33mclass[39m=[32m"text-muted-foreground"[39m
          [36m>[39m
            [0mSelect a landscape to view components[0m
          [36m</p>[39m
        [36m</div>[39m
      [36m</div>[39m
    [36m</div>[39m
  [36m</div>[39m
[36m</body>[39m
 ❯ Object.getElementError node_modules/@testing-library/dom/dist/config.js:37:19
 ❯ node_modules/@testing-library/dom/dist/query-helpers.js:76:38
 ❯ node_modules/@testing-library/dom/dist/query-helpers.js:52:17
 ❯ node_modules/@testing-library/dom/dist/query-helpers.js:95:19
 ❯ tests/components/ProjectLayout.test.tsx:551:21
    549|       
    550|       renderComponent();
    551|       expect(screen.getByTestId('components-tab-content')).toBeInTheDo…
       |                     ^
    552|     });
    553| 

⎯⎯⎯⎯⎯⎯⎯⎯⎯⎯⎯⎯⎯⎯⎯⎯⎯⎯⎯⎯⎯⎯[26/76]⎯

 FAIL  tests/components/ProjectLayout.test.tsx > ProjectLayout > Edge Cases and Complex Scenarios > should handle null/empty data scenarios
TestingLibraryElementError: Unable to find an element by: [data-testid="components-tab-content"]

Ignored nodes: comments, script, style
[36m<body>[39m
  [36m<div>[39m
    [36m<div[39m
      [33mdata-testid[39m=[32m"breadcrumb-page"[39m
    [36m>[39m
      [36m<div[39m
        [33mdata-testid[39m=[32m"landscape-links-section"[39m
      [36m/>[39m
      [36m<div[39m
        [33mclass[39m=[32m"space-y-6"[39m
      [36m>[39m
        [36m<div[39m
          [33mclass[39m=[32m"flex items-center justify-between"[39m
        [36m>[39m
          [36m<div[39m
            [33mclass[39m=[32m"flex items-center gap-2"[39m
          [36m>[39m
            [36m<h2[39m
              [33mclass[39m=[32m"text-2xl font-bold"[39m
            [36m>[39m
              [0mComponents[0m
            [36m</h2>[39m
          [36m</div>[39m
          [36m<div[39m
            [33mclass[39m=[32m"flex items-center gap-2"[39m
          [36m>[39m
            [36m<div[39m
              [33mdata-testid[39m=[32m"view-switcher"[39m
            [36m/>[39m
          [36m</div>[39m
        [36m</div>[39m
        [36m<div[39m
          [33mclass[39m=[32m"border-2 border-dashed rounded-lg p-12 text-center"[39m
        [36m>[39m
          [36m<p[39m
            [33mclass[39m=[32m"text-muted-foreground"[39m
          [36m>[39m
            [0mSelect a landscape to view components[0m
          [36m</p>[39m
        [36m</div>[39m
      [36m</div>[39m
    [36m</div>[39m
  [36m</div>[39m
[36m</body>[39m
 ❯ Object.getElementError node_modules/@testing-library/dom/dist/config.js:37:19
 ❯ node_modules/@testing-library/dom/dist/query-helpers.js:76:38
 ❯ node_modules/@testing-library/dom/dist/query-helpers.js:52:17
 ❯ node_modules/@testing-library/dom/dist/query-helpers.js:95:19
 ❯ tests/components/ProjectLayout.test.tsx:580:21
    578|       
    579|       renderComponent();
    580|       expect(screen.getByTestId('components-tab-content')).toBeInTheDo…
       |                     ^
    581|     });
    582|   });

⎯⎯⎯⎯⎯⎯⎯⎯⎯⎯⎯⎯⎯⎯⎯⎯⎯⎯⎯⎯⎯⎯[27/76]⎯

 FAIL  tests/components/DeveloperPortalHeader/DeveloperPortalHeader.test.tsx > DeveloperPortalHeader > Theme toggle functionality > shows correct icon and aria-label for light mode and handles click
AssertionError: expected "spy" to be called 1 times, but got 0 times
 ❯ tests/components/DeveloperPortalHeader/DeveloperPortalHeader.test.tsx:175:31
    173|       fireEvent.click(themeButton);
    174| 
    175|       expect(mockToggleTheme).toHaveBeenCalledTimes(1);
       |                               ^
    176|     });
    177| 

⎯⎯⎯⎯⎯⎯⎯⎯⎯⎯⎯⎯⎯⎯⎯⎯⎯⎯⎯⎯⎯⎯[28/76]⎯

 FAIL  tests/components/DeveloperPortalHeader/DeveloperPortalHeader.test.tsx > DeveloperPortalHeader > Theme toggle functionality > shows correct icon and aria-label for dark mode
TestingLibraryElementError: Unable to find an element by: [data-testid="sun-icon"]

Ignored nodes: comments, script, style
[36m<body>[39m
  [36m<div>[39m
    [36m<div[39m
      [33mclass[39m=[32m"bg-background"[39m
    [36m>[39m
      [36m<div[39m
        [33mclass[39m=[32m"px-4 py-3 pl-6 flex items-center justify-between"[39m
      [36m>[39m
        [36m<div[39m
          [33mclass[39m=[32m"flex items-center space-x-4"[39m
        [36m>[39m
          [36m<h1[39m
            [33mclass[39m=[32m"text-lg font-semibold text-foreground cursor-pointer hover:text-blue-600 dark:hover:text-blue-400 transition-colors"[39m
          [36m>[39m
            [0mDeveloper Portal[0m
          [36m</h1>[39m
        [36m</div>[39m
        [36m<div[39m
          [33mclass[39m=[32m"flex-1 flex items-center justify-start ml-6"[39m
        [36m>[39m
          [36m<div[39m
            [33mdata-testid[39m=[32m"breadcrumbs"[39m
          [36m>[39m
            [0mBreadcrumbs[0m
          [36m</div>[39m
        [36m</div>[39m
        [36m<div[39m
          [33mclass[39m=[32m"flex items-center space-x-3"[39m
        [36m>[39m
          [36m<button[39m
            [33maria-label[39m=[32m"Switch to dark mode"[39m
            [33mclass[39m=[32m"relative text-foreground hover:bg-accent border border-border hover:border-border p-2 h-8 w-8 transition-colors"[39m
            [33mdata-size[39m=[32m"sm"[39m
            [33mdata-testid[39m=[32m"button"[39m
            [33mdata-variant[39m=[32m"ghost"[39m
          [36m>[39m
            [36m<div[39m
              [33mclass[39m=[32m"h-4 w-4"[39m
              [33mdata-testid[39m=[32m"moon-icon"[39m
            [36m>[39m
              [0mMoon[0m
            [36m</div>[39m
          [36m</button>[39m
          [36m<button[39m
            [33maria-label[39m=[32m"Notifications"[39m
            [33mclass[39m=[32m"relative text-foreground hover:bg-accent border border-border hover:border-border p-2 h-8 w-8 transition-colors"[39m
            [33mdata-size[39m=[32m"sm"[39m
            [33mdata-testid[39m=[32m"button"[39m
            [33mdata-variant[39m=[32m"ghost"[39m
          [36m>[39m
            [36m<div[39m
              [33mclass[39m=[32m"h-4 w-4"[39m
              [33mdata-testid[39m=[32m"bell-icon"[39m
            [36m>[39m
              [0mBell[0m
            [36m</div>[39m
          [36m</button>[39m
          [36m<div[39m
            [33mdata-testid[39m=[32m"user-profile-dropdown"[39m
          [36m>[39m
            [36m<span[39m
              [33mdata-testid[39m=[32m"user-name"[39m
            [36m>[39m
              [0mJohn Doe[0m
            [36m</span>[39m
            [36m<button[39m
              [33mdata-testid[39m=[32m"logout-button"[39m
            [36m>[39m
              [0mLogout[0m
            [36m</button>[39m
          [36m</div>[39m
        [36m</div>[39m
      [36m</div>[39m
    [36m</div>[39m
  [36m</div>[39m
[36m</body>[39m
 ❯ Object.getElementError node_modules/@testing-library/dom/dist/config.js:37:19
 ❯ node_modules/@testing-library/dom/dist/query-helpers.js:76:38
 ❯ node_modules/@testing-library/dom/dist/query-helpers.js:52:17
 ❯ node_modules/@testing-library/dom/dist/query-helpers.js:95:19
 ❯ tests/components/DeveloperPortalHeader/DeveloperPortalHeader.test.tsx:190:21
    188|       );
    189| 
    190|       expect(screen.getByTestId('sun-icon')).toBeInTheDocument();
       |                     ^
    191|       expect(screen.queryByTestId('moon-icon')).not.toBeInTheDocument(…
    192|       expect(screen.getByLabelText('Switch to light mode')).toBeInTheD…

⎯⎯⎯⎯⎯⎯⎯⎯⎯⎯⎯⎯⎯⎯⎯⎯⎯⎯⎯⎯⎯⎯[29/76]⎯

 FAIL  tests/components/Links/LinksGrid.test.tsx > LinksGrid > Component Integration > renders UnifiedLinksGrid with correct props
Error: [2mexpect([22m[31melement[39m[2m).toHaveTextContent()[22m

Expected element to have text content:
[32m  categorized[39m
Received:
[31m  collapsed[39m
 ❯ tests/components/Links/LinksGrid.test.tsx:95:47
     93|       expect(screen.getByTestId('links-count')).toHaveTextContent('3');
     94|       expect(screen.getByTestId('categories-count')).toHaveTextContent…
     95|       expect(screen.getByTestId('view-mode')).toHaveTextContent('categ…
       |                                               ^
     96|       expect(screen.getByTestId('has-links-by-category')).toHaveTextCo…
     97|     });

⎯⎯⎯⎯⎯⎯⎯⎯⎯⎯⎯⎯⎯⎯⎯⎯⎯⎯⎯⎯⎯⎯[30/76]⎯

 FAIL  tests/components/Links/LinksGrid.test.tsx > LinksGrid > Component Integration > passes viewMode from context
Error: [2mexpect([22m[31melement[39m[2m).toHaveTextContent()[22m

Expected element to have text content:
[32m  simple[39m
Received:
[31m  collapsed[39m
 ❯ tests/components/Links/LinksGrid.test.tsx:120:47
    118|       render(<LinksGrid />);
    119|       
    120|       expect(screen.getByTestId('view-mode')).toHaveTextContent('simpl…
       |                                               ^
    121|     });
    122| 

⎯⎯⎯⎯⎯⎯⎯⎯⎯⎯⎯⎯⎯⎯⎯⎯⎯⎯⎯⎯⎯⎯[31/76]⎯

 FAIL  tests/components/Links/LinksSearchFilter.test.tsx > LinksSearchFilter > Search Functionality > handles search input changes
AssertionError: expected "spy" to be called with arguments: [ 'test search' ][90m

Number of calls: [1m0[22m
[39m
 ❯ tests/components/Links/LinksSearchFilter.test.tsx:133:29
    131|       fireEvent.change(searchInput, { target: { value: 'test search' }…
    132|       
    133|       expect(setSearchTerm).toHaveBeenCalledWith('test search');
       |                             ^
    134|     });
    135| 

⎯⎯⎯⎯⎯⎯⎯⎯⎯⎯⎯⎯⎯⎯⎯⎯⎯⎯⎯⎯⎯⎯[32/76]⎯

 FAIL  tests/components/Links/LinksSearchFilter.test.tsx > LinksSearchFilter > Search Functionality > displays current search term
Error: [2mexpect([22m[31melement[39m[2m).toHaveValue([22m[32mexisting search[39m[2m)[22m

Expected the element to have value:
[32m  existing search[39m
Received:
[31m  test search[39m
 ❯ tests/components/Links/LinksSearchFilter.test.tsx:141:62
    139|       render(<LinksSearchFilter />);
    140|       
    141|       expect(screen.getByPlaceholderText('Search links...')).toHaveVal…
       |                                                              ^
    142|     });
    143| 

⎯⎯⎯⎯⎯⎯⎯⎯⎯⎯⎯⎯⎯⎯⎯⎯⎯⎯⎯⎯⎯⎯[33/76]⎯

 FAIL  tests/components/Links/LinksSearchFilter.test.tsx > LinksSearchFilter > Search Functionality > clears search input
AssertionError: expected "spy" to be called with arguments: [ '' ][90m

Number of calls: [1m0[22m
[39m
 ❯ tests/components/Links/LinksSearchFilter.test.tsx:152:29
    150|       
    151|       await user.clear(screen.getByPlaceholderText('Search links...'));
    152|       expect(setSearchTerm).toHaveBeenCalledWith('');
       |                             ^
    153|     });
    154|   });

⎯⎯⎯⎯⎯⎯⎯⎯⎯⎯⎯⎯⎯⎯⎯⎯⎯⎯⎯⎯⎯⎯[34/76]⎯

 FAIL  tests/components/Links/LinksSearchFilter.test.tsx > LinksSearchFilter > Category Selection > shows correct selection states
Error: [2mexpect([22m[31melement[39m[2m).toHaveClass([22m[32m[32m"bg-primary"[32m[39m[2m)[22m

Expected the element to have class:
[32m  bg-primary[39m
Received:
[31m  px-3 py-1.5 rounded-full text-sm font-medium transition-all flex items-center gap-1.5 whitespace-nowrap flex-shrink-0 bg-gray-50 hover:bg-gray-100 text-muted-foreground border border-border/90 hover:border-border hover:scale-105 dark:bg-gray-800/50 dark:hover:bg-gray-700/70 dark:text-gray-300 dark:border-gray-600/50[39m
 ❯ tests/components/Links/LinksSearchFilter.test.tsx:168:69
    166|       rerender(<LinksSearchFilter />);
    167|       
    168|       expect(screen.getByRole('button', { name: 'Documentation' })).to…
       |                                                                     ^
    169|       expect(screen.getByRole('button', { name: 'All Links' })).not.to…
    170|     });

⎯⎯⎯⎯⎯⎯⎯⎯⎯⎯⎯⎯⎯⎯⎯⎯⎯⎯⎯⎯⎯⎯[35/76]⎯

 FAIL  tests/components/Links/LinksSearchFilter.test.tsx > LinksSearchFilter > Category Selection > handles category button clicks correctly
AssertionError: expected "spy" to be called with arguments: [ 'docs' ][90m

Number of calls: [1m0[22m
[39m
 ❯ tests/components/Links/LinksSearchFilter.test.tsx:180:37
    178|       // Click category when none selected - should select it
    179|       await user.click(screen.getByRole('button', { name: 'Documentati…
    180|       expect(setSelectedCategoryId).toHaveBeenCalledWith('docs');
       |                                     ^
    181|     });
    182| 

⎯⎯⎯⎯⎯⎯⎯⎯⎯⎯⎯⎯⎯⎯⎯⎯⎯⎯⎯⎯⎯⎯[36/76]⎯

 FAIL  tests/components/Links/LinksSearchFilter.test.tsx > LinksSearchFilter > Category Selection > handles "All Links" button when category is selected
AssertionError: expected "spy" to be called with arguments: [ 'all' ][90m

Number of calls: [1m0[22m
[39m
 ❯ tests/components/Links/LinksSearchFilter.test.tsx:191:37
    189|       
    190|       await user.click(screen.getByRole('button', { name: 'All Links' …
    191|       expect(setSelectedCategoryId).toHaveBeenCalledWith('all');
       |                                     ^
    192|     });
    193| 

⎯⎯⎯⎯⎯⎯⎯⎯⎯⎯⎯⎯⎯⎯⎯⎯⎯⎯⎯⎯⎯⎯[37/76]⎯

 FAIL  tests/components/Links/LinksSearchFilter.test.tsx > LinksSearchFilter > Category Selection > handles deselecting a selected category
AssertionError: expected "spy" to be called with arguments: [ 'all' ][90m

Number of calls: [1m0[22m
[39m
 ❯ tests/components/Links/LinksSearchFilter.test.tsx:202:37
    200|       
    201|       await user.click(screen.getByRole('button', { name: 'Documentati…
    202|       expect(setSelectedCategoryId).toHaveBeenCalledWith('all');
       |                                     ^
    203|     });
    204| 

⎯⎯⎯⎯⎯⎯⎯⎯⎯⎯⎯⎯⎯⎯⎯⎯⎯⎯⎯⎯⎯⎯[38/76]⎯

 FAIL  tests/components/Links/LinksSearchFilter.test.tsx > LinksSearchFilter > Edge Cases > handles invalid selectedCategoryId gracefully
Error: [2mexpect([22m[31melement[39m[2m).not.toHaveClass([22m[32m[32m"bg-primary"[32m[39m[2m)[22m

Expected the element not to have class:
[32m  bg-primary[39m
Received:
[31m  px-3 py-1.5 rounded-full text-sm font-medium transition-all whitespace-nowrap flex-shrink-0 bg-primary text-primary-foreground shadow-sm scale-105[39m
 ❯ tests/components/Links/LinksSearchFilter.test.tsx:254:69
    252|       
    253|       // No category should appear selected
    254|       expect(screen.getByRole('button', { name: 'All Links' })).not.to…
       |                                                                     ^
    255|     });
    256| 

⎯⎯⎯⎯⎯⎯⎯⎯⎯⎯⎯⎯⎯⎯⎯⎯⎯⎯⎯⎯⎯⎯[39/76]⎯

 FAIL  tests/components/Team/Team.test.tsx > Team Component > Component Navigation > should navigate to component view when handleComponentClick is called
AssertionError: expected "spy" to be called with arguments: [ '/cis20/component/test-component' ][90m

Number of calls: [1m0[22m
[39m
 ❯ tests/components/Team/Team.test.tsx:405:28
    403| 
    404|       // Should navigate to the correct project and component
    405|       expect(mockNavigate).toHaveBeenCalledWith('/cis20/component/test…
       |                            ^
    406|     });
    407| 

⎯⎯⎯⎯⎯⎯⎯⎯⎯⎯⎯⎯⎯⎯⎯⎯⎯⎯⎯⎯⎯⎯[40/76]⎯

 FAIL  tests/components/Team/TeamJiraFilters.test.tsx > TeamJiraFilters > Search Functionality > displays and updates search value correctly
Error: [2mexpect([22m[31melement[39m[2m).toHaveValue([22m[32mtest search[39m[2m)[22m

Expected the element to have value:
[32m  test search[39m
Received:
[31m[39m
 ❯ tests/components/Team/TeamJiraFilters.test.tsx:160:27
    158|       
    159|       const searchInput = screen.getByPlaceholderText('Search key or s…
    160|       expect(searchInput).toHaveValue('test search');
       |                           ^
    161|       
    162|       // Test updating search

⎯⎯⎯⎯⎯⎯⎯⎯⎯⎯⎯⎯⎯⎯⎯⎯⎯⎯⎯⎯⎯⎯[41/76]⎯

 FAIL  tests/components/Team/TeamJiraFilters.test.tsx > TeamJiraFilters > Search Functionality > handles various search input scenarios
AssertionError: expected "spy" to be called with arguments: [ 'basic search' ][90m

Number of calls: [1m0[22m
[39m
 ❯ tests/components/Team/TeamJiraFilters.test.tsx:174:41
    172|       // Test basic text input
    173|       fireEvent.change(searchInput, { target: { value: 'basic search' …
    174|       expect(mockJiraFilters.setSearch).toHaveBeenCalledWith('basic se…
       |                                         ^
    175|       
    176|       // Test special characters

⎯⎯⎯⎯⎯⎯⎯⎯⎯⎯⎯⎯⎯⎯⎯⎯⎯⎯⎯⎯⎯⎯[42/76]⎯

 FAIL  tests/components/Team/TeamJiraFilters.test.tsx > TeamJiraFilters > Search Functionality > handles clearing search input correctly
Error: [2mexpect([22m[31melement[39m[2m).toHaveValue([22m[32minitial value[39m[2m)[22m

Expected the element to have value:
[32m  initial value[39m
Received:
[31m  basic search[39m
 ❯ tests/components/Team/TeamJiraFilters.test.tsx:203:27
    201|       
    202|       const searchInput = screen.getByPlaceholderText('Search key or s…
    203|       expect(searchInput).toHaveValue('initial value');
       |                           ^
    204|       
    205|       // Clear the search

⎯⎯⎯⎯⎯⎯⎯⎯⎯⎯⎯⎯⎯⎯⎯⎯⎯⎯⎯⎯⎯⎯[43/76]⎯

 FAIL  tests/components/Team/TeamJiraFilters.test.tsx > TeamJiraFilters > Edge Cases and Error Handling > requires valid jiraFilters context
AssertionError: expected [Function] to throw an error
 ❯ tests/components/Team/TeamJiraFilters.test.tsx:318:49
    316| 
    317|       // Component should throw when jiraFilters is null (expected beh…
    318|       expect(() => render(<TeamJiraFilters />)).toThrow();
       |                                                 ^
    319|     });
    320|   });

⎯⎯⎯⎯⎯⎯⎯⎯⎯⎯⎯⎯⎯⎯⎯⎯⎯⎯⎯⎯⎯⎯[44/76]⎯

 FAIL  tests/components/Team/TeamJiraFilters.test.tsx > TeamJiraFilters > Integration and State Management > uses context correctly and maintains independent filter states
Error: [2mexpect([22m[31melement[39m[2m).toHaveValue([22m[32mtest[39m[2m)[22m

Expected the element to have value:
[32m  test[39m
Received:
[31m  basic search[39m
 ❯ tests/components/Team/TeamJiraFilters.test.tsx:342:27
    340|       // Verify search input displays correct value
    341|       const searchInput = screen.getByPlaceholderText('Search key or s…
    342|       expect(searchInput).toHaveValue('test');
       |                           ^
    343|       
    344|       // Changing search shouldn't affect other filters

⎯⎯⎯⎯⎯⎯⎯⎯⎯⎯⎯⎯⎯⎯⎯⎯⎯⎯⎯⎯⎯⎯[45/76]⎯

 FAIL  tests/components/Team/TeamJiraFilters.test.tsx > TeamJiraFilters > Integration and State Management > handles context updates correctly
Error: [2mexpect([22m[31melement[39m[2m).toHaveValue([22m[32mupdated search[39m[2m)[22m

Expected the element to have value:
[32m  updated search[39m
Received:
[31m  basic search[39m
 ❯ tests/components/Team/TeamJiraFilters.test.tsx:371:27
    369|       
    370|       const searchInput = screen.getByPlaceholderText('Search key or s…
    371|       expect(searchInput).toHaveValue('updated search');
       |                           ^
    372|     });
    373| 

⎯⎯⎯⎯⎯⎯⎯⎯⎯⎯⎯⎯⎯⎯⎯⎯⎯⎯⎯⎯⎯⎯[46/76]⎯

 FAIL  tests/components/Team/TeamJiraFilters.test.tsx > TeamJiraFilters > Integration and State Management > handles rapid successive changes
AssertionError: expected "spy" to be called 3 times, but got 0 times
 ❯ tests/components/Team/TeamJiraFilters.test.tsx:384:41
    382|       fireEvent.change(searchInput, { target: { value: 'abc' } });
    383|       
    384|       expect(mockJiraFilters.setSearch).toHaveBeenCalledTimes(3);
       |                                         ^
    385|       expect(mockJiraFilters.setSearch).toHaveBeenLastCalledWith('abc'…
    386|     });

⎯⎯⎯⎯⎯⎯⎯⎯⎯⎯⎯⎯⎯⎯⎯⎯⎯⎯⎯⎯⎯⎯[47/76]⎯

 FAIL  tests/components/homepage/DeleteConfirmationDialog.test.tsx > DeleteConfirmationDialog > Dialog State Management > renders correctly when open with all UI elements
Error: [2mexpect([22m[31melement[39m[2m).toHaveAttribute([22m[32m[32m"data-open"[32m[39m[2m, [22m[32m[32m"true"[32m[39m[2m) // element.getAttribute("data-open") === "true"[22m

Expected the element to have attribute:
[32m  data-open="true"[39m
Received:
[31m  data-open="false"[39m
 ❯ Module.expectDialogToBeOpen tests/utils/testHelpers.ts:78:18
     76| export const expectDialogToBeOpen = (screen: any, testId: string) => {
     77|   const dialog = screen.getByTestId(testId);
     78|   expect(dialog).toHaveAttribute('data-open', 'true');
       |                  ^
     79| };
     80| 
 ❯ tests/components/homepage/DeleteConfirmationDialog.test.tsx:76:7

⎯⎯⎯⎯⎯⎯⎯⎯⎯⎯⎯⎯⎯⎯⎯⎯⎯⎯⎯⎯⎯⎯[48/76]⎯

 FAIL  tests/components/homepage/DeleteConfirmationDialog.test.tsx > DeleteConfirmationDialog > Content Display > displays correct description with link title
TestingLibraryElementError: Unable to find an element with the text: Are you sure you want to delete "My Important Link"? This action cannot be undone.. This could be because the text is broken up by multiple elements. In this case, you can provide a function for your text matcher to make your matcher more flexible.

Ignored nodes: comments, script, style
[36m<body>[39m
  [36m<div>[39m
    [36m<div[39m
      [33mdata-open[39m=[32m"false"[39m
      [33mdata-testid[39m=[32m"alert-dialog"[39m
    [36m>[39m
      [36m<button[39m
        [33mdata-testid[39m=[32m"dialog-overlay"[39m
      [36m/>[39m
    [36m</div>[39m
  [36m</div>[39m
[36m</body>[39m
 ❯ Object.getElementError node_modules/@testing-library/dom/dist/config.js:37:19
 ❯ node_modules/@testing-library/dom/dist/query-helpers.js:76:38
 ❯ node_modules/@testing-library/dom/dist/query-helpers.js:52:17
 ❯ node_modules/@testing-library/dom/dist/query-helpers.js:95:19
 ❯ tests/components/homepage/DeleteConfirmationDialog.test.tsx:97:21
     95|       render(<DeleteConfirmationDialog />);
     96|       
     97|       expect(screen.getByText(
       |                     ^
     98|         'Are you sure you want to delete "My Important Link"? This act…
     99|       )).toBeInTheDocument();

⎯⎯⎯⎯⎯⎯⎯⎯⎯⎯⎯⎯⎯⎯⎯⎯⎯⎯⎯⎯⎯⎯[49/76]⎯

 FAIL  tests/components/homepage/DeleteConfirmationDialog.test.tsx > DeleteConfirmationDialog > User Interactions > handles button clicks correctly
TestingLibraryElementError: Unable to find an element with the text: Cancel. This could be because the text is broken up by multiple elements. In this case, you can provide a function for your text matcher to make your matcher more flexible.

Ignored nodes: comments, script, style
[36m<body>[39m
  [36m<div>[39m
    [36m<div[39m
      [33mdata-open[39m=[32m"false"[39m
      [33mdata-testid[39m=[32m"alert-dialog"[39m
    [36m>[39m
      [36m<button[39m
        [33mdata-testid[39m=[32m"dialog-overlay"[39m
      [36m/>[39m
    [36m</div>[39m
  [36m</div>[39m
[36m</body>[39m
 ❯ Object.getElementError node_modules/@testing-library/dom/dist/config.js:37:19
 ❯ node_modules/@testing-library/dom/dist/query-helpers.js:76:38
 ❯ node_modules/@testing-library/dom/dist/query-helpers.js:52:17
 ❯ node_modules/@testing-library/dom/dist/query-helpers.js:95:19
 ❯ tests/components/homepage/DeleteConfirmationDialog.test.tsx:115:30
    113|       
    114|       // Test Cancel button
    115|       fireEvent.click(screen.getByText('Cancel'));
       |                              ^
    116|       expect(mockQuickLinksContext.handleDeleteCancel).toHaveBeenCalle…
    117|       

⎯⎯⎯⎯⎯⎯⎯⎯⎯⎯⎯⎯⎯⎯⎯⎯⎯⎯⎯⎯⎯⎯[50/76]⎯

 FAIL  tests/components/homepage/DeleteConfirmationDialog.test.tsx > DeleteConfirmationDialog > Edge Cases > handles various link title formats
TestingLibraryElementError: Unable to find an element with the text: Are you sure you want to delete ""? This action cannot be undone.. This could be because the text is broken up by multiple elements. In this case, you can provide a function for your text matcher to make your matcher more flexible.

Ignored nodes: comments, script, style
[36m<body>[39m
  [36m<div>[39m
    [36m<div[39m
      [33mdata-open[39m=[32m"false"[39m
      [33mdata-testid[39m=[32m"alert-dialog"[39m
    [36m>[39m
      [36m<button[39m
        [33mdata-testid[39m=[32m"dialog-overlay"[39m
      [36m/>[39m
    [36m</div>[39m
  [36m</div>[39m
[36m</body>[39m
 ❯ Object.getElementError node_modules/@testing-library/dom/dist/config.js:37:19
 ❯ node_modules/@testing-library/dom/dist/query-helpers.js:76:38
 ❯ node_modules/@testing-library/dom/dist/query-helpers.js:52:17
 ❯ node_modules/@testing-library/dom/dist/query-helpers.js:95:19
 ❯ tests/components/homepage/DeleteConfirmationDialog.test.tsx:153:23
    151|         
    152|         const { unmount } = render(<DeleteConfirmationDialog />);
    153|         expect(screen.getByText(expected)).toBeInTheDocument();
       |                       ^
    154|         unmount();
    155|       });
 ❯ tests/components/homepage/DeleteConfirmationDialog.test.tsx:145:17

⎯⎯⎯⎯⎯⎯⎯⎯⎯⎯⎯⎯⎯⎯⎯⎯⎯⎯⎯⎯⎯⎯[51/76]⎯

 FAIL  tests/components/homepage/DeleteConfirmationDialog.test.tsx > DeleteConfirmationDialog > Edge Cases > maintains state consistency during lifecycle
Error: [2mexpect([22m[31melement[39m[2m).toHaveAttribute([22m[32m[32m"data-open"[32m[39m[2m, [22m[32m[32m"true"[32m[39m[2m) // element.getAttribute("data-open") === "true"[22m

Expected the element to have attribute:
[32m  data-open="true"[39m
Received:
[31m  data-open="false"[39m
 ❯ Module.expectDialogToBeOpen tests/utils/testHelpers.ts:78:18
     76| export const expectDialogToBeOpen = (screen: any, testId: string) => {
     77|   const dialog = screen.getByTestId(testId);
     78|   expect(dialog).toHaveAttribute('data-open', 'true');
       |                  ^
     79| };
     80| 
 ❯ tests/components/homepage/DeleteConfirmationDialog.test.tsx:172:7

⎯⎯⎯⎯⎯⎯⎯⎯⎯⎯⎯⎯⎯⎯⎯⎯⎯⎯⎯⎯⎯⎯[52/76]⎯

 FAIL  tests/components/homepage/DeleteConfirmationDialog.test.tsx > DeleteConfirmationDialog > Edge Cases > preserves link ID throughout dialog lifecycle
TestingLibraryElementError: Unable to find an element with the text: Delete. This could be because the text is broken up by multiple elements. In this case, you can provide a function for your text matcher to make your matcher more flexible.

Ignored nodes: comments, script, style
[36m<body>[39m
  [36m<div>[39m
    [36m<div[39m
      [33mdata-open[39m=[32m"false"[39m
      [33mdata-testid[39m=[32m"alert-dialog"[39m
    [36m>[39m
      [36m<button[39m
        [33mdata-testid[39m=[32m"dialog-overlay"[39m
      [36m/>[39m
    [36m</div>[39m
  [36m</div>[39m
[36m</body>[39m
 ❯ Object.getElementError node_modules/@testing-library/dom/dist/config.js:37:19
 ❯ node_modules/@testing-library/dom/dist/query-helpers.js:76:38
 ❯ node_modules/@testing-library/dom/dist/query-helpers.js:52:17
 ❯ node_modules/@testing-library/dom/dist/query-helpers.js:95:19
 ❯ tests/components/homepage/DeleteConfirmationDialog.test.tsx:199:30
    197|       expect(mockQuickLinksContext.deleteDialog.linkId).toBe(linkId);
    198|       
    199|       fireEvent.click(screen.getByText('Delete'));
       |                              ^
    200|       expect(mockQuickLinksContext.handleDeleteConfirm).toHaveBeenCall…
    201|     });

⎯⎯⎯⎯⎯⎯⎯⎯⎯⎯⎯⎯⎯⎯⎯⎯⎯⎯⎯⎯⎯⎯[53/76]⎯

 FAIL  tests/components/homepage/QuickLinksGrid.test.tsx > QuickLinksGrid > renders UnifiedLinksGrid with QuickLinksContext data
Error: [2mexpect([22m[31melement[39m[2m).toHaveTextContent()[22m

Expected element to have text content:
[32m  categorized[39m
Received:
[31m  collapsed[39m
 ❯ tests/components/homepage/QuickLinksGrid.test.tsx:68:45
     66|     expect(screen.getByTestId('links-count')).toHaveTextContent('1');
     67|     expect(screen.getByTestId('categories-count')).toHaveTextContent('…
     68|     expect(screen.getByTestId('view-mode')).toHaveTextContent('categor…
       |                                             ^
     69|   });
     70| 

⎯⎯⎯⎯⎯⎯⎯⎯⎯⎯⎯⎯⎯⎯⎯⎯⎯⎯⎯⎯⎯⎯[54/76]⎯

 FAIL  tests/components/homepage/QuickLinksGrid.test.tsx > QuickLinksGrid > handles empty context gracefully
Error: [2mexpect([22m[31melement[39m[2m).toHaveTextContent()[22m

Expected element to have text content:
[32m  simple[39m
Received:
[31m  collapsed[39m
 ❯ tests/components/homepage/QuickLinksGrid.test.tsx:103:45
    101|     expect(screen.getByTestId('unified-links-grid')).toBeInTheDocument…
    102|     expect(screen.getByTestId('links-count')).toHaveTextContent('0');
    103|     expect(screen.getByTestId('view-mode')).toHaveTextContent('simple'…
       |                                             ^
    104|   });
    105| });

⎯⎯⎯⎯⎯⎯⎯⎯⎯⎯⎯⎯⎯⎯⎯⎯⎯⎯⎯⎯⎯⎯[55/76]⎯

 FAIL  tests/components/homepage/QuickLinksSearchFilter.test.tsx > QuickLinksSearchFilter > Search Functionality > handles search term changes and displays current value
AssertionError: expected "spy" to be called with arguments: [ 'new search term' ][90m

Number of calls: [1m0[22m
[39m
 ❯ tests/components/homepage/QuickLinksSearchFilter.test.tsx:57:51
     55|       fireEvent.change(searchInput, { target: { value: 'new search ter…
     56|       
     57|       expect(mockQuickLinksContext.setSearchTerm).toHaveBeenCalledWith…
       |                                                   ^
     58|       expect(mockQuickLinksContext.setSearchTerm).toHaveBeenCalledTime…
     59|       

⎯⎯⎯⎯⎯⎯⎯⎯⎯⎯⎯⎯⎯⎯⎯⎯⎯⎯⎯⎯⎯⎯[56/76]⎯

 FAIL  tests/components/homepage/QuickLinksSearchFilter.test.tsx > QuickLinksSearchFilter > Search Functionality > handles special characters in search input
AssertionError: expected "spy" to be called with arguments: [ '!@#$%^&*()' ][90m

Number of calls: [1m0[22m
[39m
 ❯ tests/components/homepage/QuickLinksSearchFilter.test.tsx:75:51
     73|       fireEvent.change(searchInput, { target: { value: specialChars } …
     74|       
     75|       expect(mockQuickLinksContext.setSearchTerm).toHaveBeenCalledWith…
       |                                                   ^
     76|     });
     77|   });

⎯⎯⎯⎯⎯⎯⎯⎯⎯⎯⎯⎯⎯⎯⎯⎯⎯⎯⎯⎯⎯⎯[57/76]⎯

 FAIL  tests/components/homepage/QuickLinksSearchFilter.test.tsx > QuickLinksSearchFilter > Category Filtering > renders category buttons and handles selection
AssertionError: expected "spy" to be called with arguments: [ 'all' ][90m

Number of calls: [1m0[22m
[39m
 ❯ tests/components/homepage/QuickLinksSearchFilter.test.tsx:132:59
    130|       // Test "All Links" selection
    131|       fireEvent.click(allLinksButton);
    132|       expect(mockQuickLinksContext.setSelectedCategoryId).toHaveBeenCa…
       |                                                           ^
    133|       
    134|       // Test category selection

⎯⎯⎯⎯⎯⎯⎯⎯⎯⎯⎯⎯⎯⎯⎯⎯⎯⎯⎯⎯⎯⎯[58/76]⎯

 FAIL  tests/components/homepage/QuickLinksSearchFilter.test.tsx > QuickLinksSearchFilter > Category Filtering > highlights selected categories correctly
Error: [2mexpect([22m[31melement[39m[2m).toHaveClass([22m[32m[32m"bg-primary text-primary-foreground"[32m[39m[2m)[22m

Expected the element to have class:
[32m  bg-primary text-primary-foreground[39m
Received:
[31m  px-2.5 py-1 rounded-full text-xs font-medium transition-all flex items-center gap-1 whitespace-nowrap flex-shrink-0 bg-gray-50 hover:bg-gray-100 text-muted-foreground border border-border/90 hover:border-border hover:scale-105 dark:bg-gray-800/50 dark:hover:bg-gray-700/70 dark:text-gray-300 dark:border-gray-600/50[39m
 ❯ tests/components/homepage/QuickLinksSearchFilter.test.tsx:153:25
    151|       
    152|       const devButton = screen.getByRole('button', { name: /developmen…
    153|       expect(devButton).toHaveClass('bg-primary', 'text-primary-foregr…
       |                         ^
    154|     });
    155| 

⎯⎯⎯⎯⎯⎯⎯⎯⎯⎯⎯⎯⎯⎯⎯⎯⎯⎯⎯⎯⎯⎯[59/76]⎯

 FAIL  tests/components/homepage/QuickLinksTab.test.tsx > QuickLinksTab > shows delete confirmation dialog when delete dialog is open
TestingLibraryElementError: Unable to find an element with the text: Delete Quick Link. This could be because the text is broken up by multiple elements. In this case, you can provide a function for your text matcher to make your matcher more flexible.

Ignored nodes: comments, script, style
[36m<body>[39m
  [36m<div>[39m
    [36m<div[39m
      [33mclass[39m=[32m"flex flex-col px-6 pt-4 pb-6 min-h-[400px]"[39m
    [36m>[39m
      [36m<div[39m
        [33mclass[39m=[32m"flex-1"[39m
      [36m>[39m
        [36m<div[39m
          [33mclass[39m=[32m"h-full min-h-[350px] flex items-center justify-center"[39m
        [36m>[39m
          [36m<div[39m
            [33mclass[39m=[32m"flex flex-col items-center gap-4"[39m
          [36m>[39m
            [36m<div[39m
              [33mclass[39m=[32m"text-base text-muted-foreground text-center"[39m
            [36m>[39m
              [0mNo quick links yet. Add Links to Favorites or click 'Add Link' to get started.[0m
            [36m</div>[39m
            [36m<button[39m
              [33mclass[39m=[32m"inline-flex items-center justify-center gap-2 whitespace-nowrap text-sm font-medium ring-offset-background transition-colors focus-visible:outline-none focus-visible:ring-2 focus-visible:ring-ring focus-visible:ring-offset-2 disabled:pointer-events-none disabled:opacity-50 [&_svg]:pointer-events-none [&_svg]:size-4 [&_svg]:shrink-0 bg-primary text-primary-foreground hover:bg-primary/90 h-9 rounded-md px-3"[39m
            [36m>[39m
              [36m<div[39m
                [33mdata-testid[39m=[32m"plus-icon"[39m
              [36m/>[39m
              [0mAdd Link[0m
            [36m</button>[39m
          [36m</div>[39m
        [36m</div>[39m
      [36m</div>[39m
    [36m</div>[39m
  [36m</div>[39m
[36m</body>[39m
 ❯ Object.getElementError node_modules/@testing-library/dom/dist/config.js:37:19
 ❯ node_modules/@testing-library/dom/dist/query-helpers.js:76:38
 ❯ node_modules/@testing-library/dom/dist/query-helpers.js:52:17
 ❯ node_modules/@testing-library/dom/dist/query-helpers.js:95:19
 ❯ tests/components/homepage/QuickLinksTab.test.tsx:153:19
    151|     renderWithQueryClient(<QuickLinksTab userData={mockUserData} />);
    152|     
    153|     expect(screen.getByText('Delete Quick Link')).toBeInTheDocument();
       |                   ^
    154|     expect(screen.getByText('Are you sure you want to delete "Test Lin…
    155|   });

⎯⎯⎯⎯⎯⎯⎯⎯⎯⎯⎯⎯⎯⎯⎯⎯⎯⎯⎯⎯⎯⎯[60/76]⎯

 FAIL  tests/components/homepage/QuickLinksTab.test.tsx > QuickLinksTab > calls handleDeleteCancel when cancel button is clicked
TestingLibraryElementError: Unable to find an element with the text: Cancel. This could be because the text is broken up by multiple elements. In this case, you can provide a function for your text matcher to make your matcher more flexible.

Ignored nodes: comments, script, style
[36m<body>[39m
  [36m<div>[39m
    [36m<div[39m
      [33mclass[39m=[32m"flex flex-col px-6 pt-4 pb-6 min-h-[400px]"[39m
    [36m>[39m
      [36m<div[39m
        [33mclass[39m=[32m"flex-1"[39m
      [36m>[39m
        [36m<div[39m
          [33mclass[39m=[32m"h-full min-h-[350px] flex items-center justify-center"[39m
        [36m>[39m
          [36m<div[39m
            [33mclass[39m=[32m"flex flex-col items-center gap-4"[39m
          [36m>[39m
            [36m<div[39m
              [33mclass[39m=[32m"text-base text-muted-foreground text-center"[39m
            [36m>[39m
              [0mNo quick links yet. Add Links to Favorites or click 'Add Link' to get started.[0m
            [36m</div>[39m
            [36m<button[39m
              [33mclass[39m=[32m"inline-flex items-center justify-center gap-2 whitespace-nowrap text-sm font-medium ring-offset-background transition-colors focus-visible:outline-none focus-visible:ring-2 focus-visible:ring-ring focus-visible:ring-offset-2 disabled:pointer-events-none disabled:opacity-50 [&_svg]:pointer-events-none [&_svg]:size-4 [&_svg]:shrink-0 bg-primary text-primary-foreground hover:bg-primary/90 h-9 rounded-md px-3"[39m
            [36m>[39m
              [36m<div[39m
                [33mdata-testid[39m=[32m"plus-icon"[39m
              [36m/>[39m
              [0mAdd Link[0m
            [36m</button>[39m
          [36m</div>[39m
        [36m</div>[39m
      [36m</div>[39m
    [36m</div>[39m
  [36m</div>[39m
[36m</body>[39m
 ❯ Object.getElementError node_modules/@testing-library/dom/dist/config.js:37:19
 ❯ node_modules/@testing-library/dom/dist/query-helpers.js:76:38
 ❯ node_modules/@testing-library/dom/dist/query-helpers.js:52:17
 ❯ node_modules/@testing-library/dom/dist/query-helpers.js:95:19
 ❯ tests/components/homepage/QuickLinksTab.test.tsx:166:33
    164|     renderWithQueryClient(<QuickLinksTab userData={mockUserData} />);
    165|     
    166|     const cancelButton = screen.getByText('Cancel');
       |                                 ^
    167|     fireEvent.click(cancelButton);
    168|     

⎯⎯⎯⎯⎯⎯⎯⎯⎯⎯⎯⎯⎯⎯⎯⎯⎯⎯⎯⎯⎯⎯[61/76]⎯

 FAIL  tests/components/homepage/QuickLinksTab.test.tsx > QuickLinksTab > calls handleDeleteConfirm when delete button is clicked
TestingLibraryElementError: Unable to find an element with the text: Delete. This could be because the text is broken up by multiple elements. In this case, you can provide a function for your text matcher to make your matcher more flexible.

Ignored nodes: comments, script, style
[36m<body>[39m
  [36m<div>[39m
    [36m<div[39m
      [33mclass[39m=[32m"flex flex-col px-6 pt-4 pb-6 min-h-[400px]"[39m
    [36m>[39m
      [36m<div[39m
        [33mclass[39m=[32m"flex-1"[39m
      [36m>[39m
        [36m<div[39m
          [33mclass[39m=[32m"h-full min-h-[350px] flex items-center justify-center"[39m
        [36m>[39m
          [36m<div[39m
            [33mclass[39m=[32m"flex flex-col items-center gap-4"[39m
          [36m>[39m
            [36m<div[39m
              [33mclass[39m=[32m"text-base text-muted-foreground text-center"[39m
            [36m>[39m
              [0mNo quick links yet. Add Links to Favorites or click 'Add Link' to get started.[0m
            [36m</div>[39m
            [36m<button[39m
              [33mclass[39m=[32m"inline-flex items-center justify-center gap-2 whitespace-nowrap text-sm font-medium ring-offset-background transition-colors focus-visible:outline-none focus-visible:ring-2 focus-visible:ring-ring focus-visible:ring-offset-2 disabled:pointer-events-none disabled:opacity-50 [&_svg]:pointer-events-none [&_svg]:size-4 [&_svg]:shrink-0 bg-primary text-primary-foreground hover:bg-primary/90 h-9 rounded-md px-3"[39m
            [36m>[39m
              [36m<div[39m
                [33mdata-testid[39m=[32m"plus-icon"[39m
              [36m/>[39m
              [0mAdd Link[0m
            [36m</button>[39m
          [36m</div>[39m
        [36m</div>[39m
      [36m</div>[39m
    [36m</div>[39m
  [36m</div>[39m
[36m</body>[39m
 ❯ Object.getElementError node_modules/@testing-library/dom/dist/config.js:37:19
 ❯ node_modules/@testing-library/dom/dist/query-helpers.js:76:38
 ❯ node_modules/@testing-library/dom/dist/query-helpers.js:52:17
 ❯ node_modules/@testing-library/dom/dist/query-helpers.js:95:19
 ❯ tests/components/homepage/QuickLinksTab.test.tsx:181:33
    179|     renderWithQueryClient(<QuickLinksTab userData={mockUserData} />);
    180|     
    181|     const deleteButton = screen.getByText('Delete');
       |                                 ^
    182|     fireEvent.click(deleteButton);
    183|     

⎯⎯⎯⎯⎯⎯⎯⎯⎯⎯⎯⎯⎯⎯⎯⎯⎯⎯⎯⎯⎯⎯[62/76]⎯

 FAIL  tests/components/homepage/QuickLinksTab.test.tsx > QuickLinksTab > Edit Link Functionality > shows edit link dialog when edit dialog is open
TestingLibraryElementError: Unable to find an element by: [data-testid="edit-link-dialog"]

Ignored nodes: comments, script, style
[36m<body>[39m
  [36m<div>[39m
    [36m<div[39m
      [33mclass[39m=[32m"flex flex-col px-6 pt-4 pb-6 min-h-[400px]"[39m
    [36m>[39m
      [36m<div[39m
        [33mclass[39m=[32m"mb-4"[39m
      [36m>[39m
        [36m<div[39m
          [33mdata-testid[39m=[32m"search-filter"[39m
        [36m>[39m
          [36m<button[39m
            [33mdata-testid[39m=[32m"add-link-button"[39m
          [36m>[39m
            [0mAdd Link[0m
          [36m</button>[39m
        [36m</div>[39m
      [36m</div>[39m
      [36m<div[39m
        [33mclass[39m=[32m"flex-1"[39m
      [36m>[39m
        [36m<div[39m
          [33mdata-testid[39m=[32m"quick-links-grid"[39m
        [36m>[39m
          [0mQuick Links Grid[0m
        [36m</div>[39m
      [36m</div>[39m
    [36m</div>[39m
  [36m</div>[39m
[36m</body>[39m
 ❯ Object.getElementError node_modules/@testing-library/dom/dist/config.js:37:19
 ❯ node_modules/@testing-library/dom/dist/query-helpers.js:76:38
 ❯ node_modules/@testing-library/dom/dist/query-helpers.js:52:17
 ❯ node_modules/@testing-library/dom/dist/query-helpers.js:95:19
 ❯ tests/components/homepage/QuickLinksTab.test.tsx:208:21
    206|       renderWithQueryClient(<QuickLinksTab userData={mockUserData} />);
    207|       
    208|       expect(screen.getByTestId('edit-link-dialog')).toBeInTheDocument…
       |                     ^
    209|       expect(screen.getByText('Edit Link Dialog - Test Link')).toBeInT…
    210|     });

⎯⎯⎯⎯⎯⎯⎯⎯⎯⎯⎯⎯⎯⎯⎯⎯⎯⎯⎯⎯⎯⎯[63/76]⎯

 FAIL  tests/components/homepage/QuickLinksTab.test.tsx > QuickLinksTab > Edit Link Functionality > converts QuickLink to UserLink format for EditLinkDialog
TestingLibraryElementError: Unable to find an element by: [data-testid="edit-link-dialog"]

Ignored nodes: comments, script, style
[36m<body>[39m
  [36m<div>[39m
    [36m<div[39m
      [33mclass[39m=[32m"flex flex-col px-6 pt-4 pb-6 min-h-[400px]"[39m
    [36m>[39m
      [36m<div[39m
        [33mclass[39m=[32m"mb-4"[39m
      [36m>[39m
        [36m<div[39m
          [33mdata-testid[39m=[32m"search-filter"[39m
        [36m>[39m
          [36m<button[39m
            [33mdata-testid[39m=[32m"add-link-button"[39m
          [36m>[39m
            [0mAdd Link[0m
          [36m</button>[39m
        [36m</div>[39m
      [36m</div>[39m
      [36m<div[39m
        [33mclass[39m=[32m"flex-1"[39m
      [36m>[39m
        [36m<div[39m
          [33mdata-testid[39m=[32m"quick-links-grid"[39m
        [36m>[39m
          [0mQuick Links Grid[0m
        [36m</div>[39m
      [36m</div>[39m
    [36m</div>[39m
  [36m</div>[39m
[36m</body>[39m
 ❯ Object.getElementError node_modules/@testing-library/dom/dist/config.js:37:19
 ❯ node_modules/@testing-library/dom/dist/query-helpers.js:76:38
 ❯ node_modules/@testing-library/dom/dist/query-helpers.js:52:17
 ❯ node_modules/@testing-library/dom/dist/query-helpers.js:95:19
 ❯ tests/components/homepage/QuickLinksTab.test.tsx:262:21
    260|       
    261|       // The EditLinkDialog should receive the link data in UserLink f…
    262|       expect(screen.getByTestId('edit-link-dialog')).toBeInTheDocument…
       |                     ^
    263|     });
    264| 

⎯⎯⎯⎯⎯⎯⎯⎯⎯⎯⎯⎯⎯⎯⎯⎯⎯⎯⎯⎯⎯⎯[64/76]⎯

 FAIL  tests/components/homepage/QuickLinksTab.test.tsx > QuickLinksTab > Edit Link Functionality > calls handleEditCancel when edit dialog is closed
TestingLibraryElementError: Unable to find an element by: [data-testid="edit-link-dialog"]

Ignored nodes: comments, script, style
[36m<body>[39m
  [36m<div>[39m
    [36m<div[39m
      [33mclass[39m=[32m"flex flex-col px-6 pt-4 pb-6 min-h-[400px]"[39m
    [36m>[39m
      [36m<div[39m
        [33mclass[39m=[32m"mb-4"[39m
      [36m>[39m
        [36m<div[39m
          [33mdata-testid[39m=[32m"search-filter"[39m
        [36m>[39m
          [36m<button[39m
            [33mdata-testid[39m=[32m"add-link-button"[39m
          [36m>[39m
            [0mAdd Link[0m
          [36m</button>[39m
        [36m</div>[39m
      [36m</div>[39m
      [36m<div[39m
        [33mclass[39m=[32m"flex-1"[39m
      [36m>[39m
        [36m<div[39m
          [33mdata-testid[39m=[32m"quick-links-grid"[39m
        [36m>[39m
          [0mQuick Links Grid[0m
        [36m</div>[39m
      [36m</div>[39m
    [36m</div>[39m
  [36m</div>[39m
[36m</body>[39m
 ❯ Object.getElementError node_modules/@testing-library/dom/dist/config.js:37:19
 ❯ node_modules/@testing-library/dom/dist/query-helpers.js:76:38
 ❯ node_modules/@testing-library/dom/dist/query-helpers.js:52:17
 ❯ node_modules/@testing-library/dom/dist/query-helpers.js:95:19
 ❯ tests/components/homepage/QuickLinksTab.test.tsx:283:21
    281|       // The EditLinkDialog's onOpenChange would be called with false
    282|       // This is handled internally by the dialog component
    283|       expect(screen.getByTestId('edit-link-dialog')).toBeInTheDocument…
       |                     ^
    284|     });
    285|   });

⎯⎯⎯⎯⎯⎯⎯⎯⎯⎯⎯⎯⎯⎯⎯⎯⎯⎯⎯⎯⎯⎯[65/76]⎯

 FAIL  tests/components/homepage/QuickLinksTab.test.tsx > QuickLinksTab > Edge Cases > handles link with missing optional fields
TestingLibraryElementError: Unable to find an element by: [data-testid="edit-link-dialog"]

Ignored nodes: comments, script, style
[36m<body>[39m
  [36m<div>[39m
    [36m<div[39m
      [33mclass[39m=[32m"flex flex-col px-6 pt-4 pb-6 min-h-[400px]"[39m
    [36m>[39m
      [36m<div[39m
        [33mclass[39m=[32m"mb-4"[39m
      [36m>[39m
        [36m<div[39m
          [33mdata-testid[39m=[32m"search-filter"[39m
        [36m>[39m
          [36m<button[39m
            [33mdata-testid[39m=[32m"add-link-button"[39m
          [36m>[39m
            [0mAdd Link[0m
          [36m</button>[39m
        [36m</div>[39m
      [36m</div>[39m
      [36m<div[39m
        [33mclass[39m=[32m"flex-1"[39m
      [36m>[39m
        [36m<div[39m
          [33mdata-testid[39m=[32m"quick-links-grid"[39m
        [36m>[39m
          [0mQuick Links Grid[0m
        [36m</div>[39m
      [36m</div>[39m
    [36m</div>[39m
  [36m</div>[39m
[36m</body>[39m
 ❯ Object.getElementError node_modules/@testing-library/dom/dist/config.js:37:19
 ❯ node_modules/@testing-library/dom/dist/query-helpers.js:76:38
 ❯ node_modules/@testing-library/dom/dist/query-helpers.js:52:17
 ❯ node_modules/@testing-library/dom/dist/query-helpers.js:95:19
 ❯ tests/components/homepage/QuickLinksTab.test.tsx:305:21
    303|       renderWithQueryClient(<QuickLinksTab userData={mockUserData} />);
    304|       
    305|       expect(screen.getByTestId('edit-link-dialog')).toBeInTheDocument…
       |                     ^
    306|     });
    307| 

⎯⎯⎯⎯⎯⎯⎯⎯⎯⎯⎯⎯⎯⎯⎯⎯⎯⎯⎯⎯⎯⎯[66/76]⎯

 FAIL  tests/components/settings/ProjectVisibilitySection.test.tsx > ProjectVisibilitySection Component > Rendering > should render section with projects and controls
 FAIL  tests/components/settings/ProjectVisibilitySection.test.tsx > ProjectVisibilitySection Component > Loading State > should show loading message when projects are loading
 FAIL  tests/components/settings/ProjectVisibilitySection.test.tsx > ProjectVisibilitySection Component > Interactions > should handle checkbox and button interactions
 FAIL  tests/components/settings/ProjectVisibilitySection.test.tsx > ProjectVisibilitySection Component > State Updates > should update checkbox states when visibility state changes
 FAIL  tests/components/settings/ProjectVisibilitySection.test.tsx > ProjectVisibilitySection Component > Edge Cases > should handle empty projects and missing titles
ReferenceError: mockUseProjectsContext is not defined
 ❯ setupDefaultProjectsMock tests/components/settings/ProjectVisibilitySection.test.tsx:78:3
     76|  */
     77| function setupDefaultProjectsMock(projects: Project[] = mockProjects, …
     78|   mockUseProjectsContext.mockReturnValue({
       |   ^
     79|     projects,
     80|     isLoading,
 ❯ tests/components/settings/ProjectVisibilitySection.test.tsx:93:5

⎯⎯⎯⎯⎯⎯⎯⎯⎯⎯⎯⎯⎯⎯⎯⎯⎯⎯⎯⎯⎯⎯[67/76]⎯

 FAIL  tests/components/settings/ThemeSection.test.tsx > ThemeSection Component > Rendering > should render theme section with buttons and proper styling
 FAIL  tests/components/settings/ThemeSection.test.tsx > ThemeSection Component > Theme State > should highlight active theme button correctly
 FAIL  tests/components/settings/ThemeSection.test.tsx > ThemeSection Component > Interactions > should call setTheme when buttons are clicked
 FAIL  tests/components/settings/ThemeSection.test.tsx > ThemeSection Component > Interactions > should be keyboard accessible
Error: [vitest] No "useActualTheme" export is defined on the "../../../src/stores/themeStore" mock. Did you forget to return it from "vi.mock"?
If you need to partially mock a module, you can use "importOriginal" helper inside:

vi[33m.[39m[34mmock[39m([35mimport[39m([32m"../../../src/stores/themeStore"[39m)[33m,[39m [35masync[39m (importOriginal) [33m=>[39m {
  [35mconst[39m actual [33m=[39m [35mawait[39m [34mimportOriginal[39m()
  [35mreturn[39m {
    [33m...[39mactual[33m,[39m
    [90m// your mocked methods[39m
  }
})

 ❯ ThemeSection src/components/settings/ThemeSection.tsx:7:23
      5| 
      6| export default function ThemeSection() {
      7|   const actualTheme = useActualTheme();
       |                       ^
      8|   const setTheme = useThemeStore(state => state.setTheme);
      9| 
 ❯ renderWithHooks node_modules/react-dom/cjs/react-dom.development.js:15486:18
 ❯ mountIndeterminateComponent node_modules/react-dom/cjs/react-dom.development.js:20103:13
 ❯ beginWork node_modules/react-dom/cjs/react-dom.development.js:21626:16
 ❯ beginWork$1 node_modules/react-dom/cjs/react-dom.development.js:27465:14
 ❯ performUnitOfWork node_modules/react-dom/cjs/react-dom.development.js:26599:12
 ❯ workLoopSync node_modules/react-dom/cjs/react-dom.development.js:26505:5
 ❯ renderRootSync node_modules/react-dom/cjs/react-dom.development.js:26473:7

⎯⎯⎯⎯⎯⎯⎯⎯⎯⎯⎯⎯⎯⎯⎯⎯⎯⎯⎯⎯⎯⎯[68/76]⎯

 FAIL  tests/components/settings/ThemeSection.test.tsx > ThemeSection Component > Edge Cases > should handle undefined actualTheme and errors gracefully
AssertionError: expected [Function] to not throw an error but 'Error: [vitest] No "useActualTheme" e…' was thrown

[32m- Expected:[39m 
undefined

[31m+ Received:[39m 
"Error: [vitest] No \"useActualTheme\" export is defined on the \"../../../src/stores/themeStore\" mock. Did you forget to return it from \"vi.mock\"?
If you need to partially mock a module, you can use \"importOriginal\" helper inside:
"

 ❯ tests/components/settings/ThemeSection.test.tsx:168:46
    166|       });
    167|       
    168|       expect(() => renderThemeSection()).not.toThrow();
       |                                              ^
    169|       
    170|       const lightButton = screen.getByRole('button', { name: /light/i …

⎯⎯⎯⎯⎯⎯⎯⎯⎯⎯⎯⎯⎯⎯⎯⎯⎯⎯⎯⎯⎯⎯[69/76]⎯


 Test Files  22 failed | 139 passed (161)
      Tests  66 failed | 2118 passed | 13 skipped (2197)
   Start at  08:00:29
   Duration  25.16s (transform 5.94s, setup 35.86s, collect 29.85s, tests 49.56s, environment 116.48s, prepare 12.81s)

