// Vitest Snapshot v1, https://vitest.dev/guide/snapshot.html

exports[`PageSkeleton > Snapshot > should match snapshot 1`] = `
<div
  class="p-6 space-y-6"
>
  <div
    class="flex items-center gap-4"
  >
    <div
      class="h-8 w-8"
      data-testid="skeleton"
    />
    <div
      class="space-y-2"
    >
      <div
        class="h-6 w-48"
        data-testid="skeleton"
      />
      <div
        class="h-4 w-72"
        data-testid="skeleton"
      />
    </div>
  </div>
  <div
    class="h-[400px] w-full"
    data-testid="skeleton"
  />
</div>
`;
